Archive member included because of file (symbol)

C:\Users\Andreas Gruber\AppData\Local\arduino15\packages\arduino\hardware\sam\1.6.9\variants\arduino_due_x/libsam_sam3x8e_gcc_rel.a(pio.o)
                              C:\Users\Andreas Gruber\AppData\Local\Temp\VMBuilds\maya\arduino_due_x_dbg\variant\variant.cpp.o (PIO_Configure)
C:\Users\Andreas Gruber\AppData\Local\arduino15\packages\arduino\hardware\sam\1.6.9\variants\arduino_due_x/libsam_sam3x8e_gcc_rel.a(pmc.o)
                              C:\Users\Andreas Gruber\AppData\Local\Temp\VMBuilds\maya\arduino_due_x_dbg\timer.cpp.o (pmc_enable_periph_clk)
C:\Users\Andreas Gruber\AppData\Local\arduino15\packages\arduino\hardware\sam\1.6.9\variants\arduino_due_x/libsam_sam3x8e_gcc_rel.a(tc.o)
                              C:\Users\Andreas Gruber\AppData\Local\Temp\VMBuilds\maya\arduino_due_x_dbg\timer.cpp.o (TC_Configure)
C:\Users\Andreas Gruber\AppData\Local\arduino15\packages\arduino\hardware\sam\1.6.9\variants\arduino_due_x/libsam_sam3x8e_gcc_rel.a(system_sam3xa.o)
                              C:\Users\Andreas Gruber\AppData\Local\Temp\VMBuilds\maya\arduino_due_x_dbg\variant\variant.cpp.o (SystemInit)
C:\Users\Andreas Gruber\AppData\Local\arduino15\packages\arduino\hardware\sam\1.6.9\variants\arduino_due_x/libsam_sam3x8e_gcc_rel.a(startup_sam3xa.o)
                              (Reset_Handler)
C:\Users\Andreas Gruber\AppData\Local\arduino15\packages\arduino\hardware\sam\1.6.9\variants\arduino_due_x/libsam_sam3x8e_gcc_rel.a(adc.o)
                              C:\Users\Andreas Gruber\AppData\Local\Temp\VMBuilds\maya\arduino_due_x_dbg\variant\variant.cpp.o (adc_init)
C:\Users\Andreas Gruber\AppData\Local\arduino15\packages\arduino\hardware\sam\1.6.9\variants\arduino_due_x/libsam_sam3x8e_gcc_rel.a(uotghs.o)
                              C:\Users\Andreas Gruber\AppData\Local\arduino15\packages\arduino\hardware\sam\1.6.9\variants\arduino_due_x/libsam_sam3x8e_gcc_rel.a(startup_sam3xa.o) (UOTGHS_Handler)
C:\Users\Andreas Gruber\AppData\Local\Temp\VMBuilds\maya\arduino_due_x_dbg/core.a(cortex_handlers.c.o)
                              C:\Users\Andreas Gruber\AppData\Local\arduino15\packages\arduino\hardware\sam\1.6.9\variants\arduino_due_x/libsam_sam3x8e_gcc_rel.a(startup_sam3xa.o) (NMI_Handler)
C:\Users\Andreas Gruber\AppData\Local\Temp\VMBuilds\maya\arduino_due_x_dbg/core.a(hooks.c.o)
                              C:\Users\Andreas Gruber\AppData\Local\Temp\VMBuilds\maya\arduino_due_x_dbg/core.a(cortex_handlers.c.o) (sysTickHook)
C:\Users\Andreas Gruber\AppData\Local\Temp\VMBuilds\maya\arduino_due_x_dbg/core.a(syscalls_sam3.c.o)
                              (_sbrk)
C:\Users\Andreas Gruber\AppData\Local\Temp\VMBuilds\maya\arduino_due_x_dbg/core.a(WInterrupts.c.o)
                              C:\Users\Andreas Gruber\AppData\Local\Temp\VMBuilds\maya\arduino_due_x_dbg\maya.cpp.o (attachInterrupt)
C:\Users\Andreas Gruber\AppData\Local\Temp\VMBuilds\maya\arduino_due_x_dbg/core.a(wiring.c.o)
                              C:\Users\Andreas Gruber\AppData\Local\Temp\VMBuilds\maya\arduino_due_x_dbg\stepper.cpp.o (millis)
C:\Users\Andreas Gruber\AppData\Local\Temp\VMBuilds\maya\arduino_due_x_dbg/core.a(wiring_analog.c.o)
                              C:\Users\Andreas Gruber\AppData\Local\Temp\VMBuilds\maya\arduino_due_x_dbg\differenceIntensityLaserDetector.cpp.o (analogRead)
C:\Users\Andreas Gruber\AppData\Local\Temp\VMBuilds\maya\arduino_due_x_dbg/core.a(wiring_digital.c.o)
                              C:\Users\Andreas Gruber\AppData\Local\Temp\VMBuilds\maya\arduino_due_x_dbg\maya.cpp.o (pinMode)
C:\Users\Andreas Gruber\AppData\Local\Temp\VMBuilds\maya\arduino_due_x_dbg/core.a(abi.cpp.o)
                              C:\Users\Andreas Gruber\AppData\Local\Temp\VMBuilds\maya\arduino_due_x_dbg\maya.cpp.o (__cxa_pure_virtual)
C:\Users\Andreas Gruber\AppData\Local\Temp\VMBuilds\maya\arduino_due_x_dbg/core.a(main.cpp.o)
                              c:/users/andreas gruber/appdata/local/arduino15/packages/arduino/tools/arm-none-eabi-gcc/4.8.3-2014q1/bin/../lib/gcc/arm-none-eabi/4.8.3/../../../../arm-none-eabi/lib/armv7-m/crt0.o (main)
C:\Users\Andreas Gruber\AppData\Local\Temp\VMBuilds\maya\arduino_due_x_dbg/core.a(new.cpp.o)
                              C:\Users\Andreas Gruber\AppData\Local\Temp\VMBuilds\maya\arduino_due_x_dbg\maya.cpp.o (operator new(unsigned int))
C:\Users\Andreas Gruber\AppData\Local\Temp\VMBuilds\maya\arduino_due_x_dbg/core.a(Print.cpp.o)
                              C:\Users\Andreas Gruber\AppData\Local\Temp\VMBuilds\maya\arduino_due_x_dbg\maya.cpp.o (Print::print(char const*))
C:\Users\Andreas Gruber\AppData\Local\Temp\VMBuilds\maya\arduino_due_x_dbg/core.a(Reset.cpp.o)
                              C:\Users\Andreas Gruber\AppData\Local\Temp\VMBuilds\maya\arduino_due_x_dbg/core.a(cortex_handlers.c.o) (tickReset)
[...]
Memory Configuration

Name             Origin             Length             Attributes
rom              0x00080000         0x00080000         xr
sram0            0x20000000         0x00010000         xrw
sram1            0x20080000         0x00008000         xrw
ram              0x20070000         0x00018000         xrw
*default*        0x00000000         0xffffffff

Linker script and memory map

LOAD c:/users/andreas gruber/appdata/local/arduino15/packages/arduino/tools/arm-none-eabi-gcc/4.8.3-2014q1/bin/../lib/gcc/arm-none-eabi/4.8.3/armv7-m/crti.o
LOAD c:/users/andreas gruber/appdata/local/arduino15/packages/arduino/tools/arm-none-eabi-gcc/4.8.3-2014q1/bin/../lib/gcc/arm-none-eabi/4.8.3/armv7-m/crtbegin.o
LOAD c:/users/andreas gruber/appdata/local/arduino15/packages/arduino/tools/arm-none-eabi-gcc/4.8.3-2014q1/bin/../lib/gcc/arm-none-eabi/4.8.3/../../../../arm-none-eabi/lib/armv7-m/crt0.o
START GROUP
LOAD C:\Users\Andreas Gruber\AppData\Local\Temp\VMBuilds\maya\arduino_due_x_dbg\maya.cpp.o
LOAD C:\Users\Andreas Gruber\AppData\Local\Temp\VMBuilds\maya\arduino_due_x_dbg\approximationPositionController.cpp.o
LOAD C:\Users\Andreas Gruber\AppData\Local\Temp\VMBuilds\maya\arduino_due_x_dbg\counter.cpp.o
LOAD C:\Users\Andreas Gruber\AppData\Local\Temp\VMBuilds\maya\arduino_due_x_dbg\debug.cpp.o
LOAD C:\Users\Andreas Gruber\AppData\Local\Temp\VMBuilds\maya\arduino_due_x_dbg\differenceIntensityLaserDetector.cpp.o
LOAD C:\Users\Andreas Gruber\AppData\Local\Temp\VMBuilds\maya\arduino_due_x_dbg\diodePositionController.cpp.o
LOAD C:\Users\Andreas Gruber\AppData\Local\Temp\VMBuilds\maya\arduino_due_x_dbg\discPositioner.cpp.o
LOAD C:\Users\Andreas Gruber\AppData\Local\Temp\VMBuilds\maya\arduino_due_x_dbg\encoder.cpp.o
LOAD C:\Users\Andreas Gruber\AppData\Local\Temp\VMBuilds\maya\arduino_due_x_dbg\fakeCounter.cpp.o
LOAD C:\Users\Andreas Gruber\AppData\Local\Temp\VMBuilds\maya\arduino_due_x_dbg\interruptLaserDetector.cpp.o
LOAD C:\Users\Andreas Gruber\AppData\Local\Temp\VMBuilds\maya\arduino_due_x_dbg\mathematicPositionController.cpp.o
LOAD C:\Users\Andreas Gruber\AppData\Local\Temp\VMBuilds\maya\arduino_due_x_dbg\positionController.cpp.o
LOAD C:\Users\Andreas Gruber\AppData\Local\Temp\VMBuilds\maya\arduino_due_x_dbg\positionerCounter.cpp.o
LOAD C:\Users\Andreas Gruber\AppData\Local\Temp\VMBuilds\maya\arduino_due_x_dbg\remotePositionController.cpp.o
LOAD C:\Users\Andreas Gruber\AppData\Local\Temp\VMBuilds\maya\arduino_due_x_dbg\stepper.cpp.o
LOAD C:\Users\Andreas Gruber\AppData\Local\Temp\VMBuilds\maya\arduino_due_x_dbg\stepperWatcher.cpp.o
LOAD C:\Users\Andreas Gruber\AppData\Local\Temp\VMBuilds\maya\arduino_due_x_dbg\timer.cpp.o
LOAD C:\Users\Andreas Gruber\AppData\Local\Temp\VMBuilds\maya\arduino_due_x_dbg\variant\variant.cpp.o
LOAD C:\Users\Andreas Gruber\AppData\Local\arduino15\packages\arduino\hardware\sam\1.6.9\variants\arduino_due_x/libsam_sam3x8e_gcc_rel.a
LOAD C:\Users\Andreas Gruber\AppData\Local\Temp\VMBuilds\maya\arduino_due_x_dbg/core.a
END GROUP
LOAD c:/users/andreas gruber/appdata/local/arduino15/packages/arduino/tools/arm-none-eabi-gcc/4.8.3-2014q1/bin/../lib/gcc/arm-none-eabi/4.8.3/../../../../arm-none-eabi/lib/armv7-m\libm.a
START GROUP
LOAD c:/users/andreas gruber/appdata/local/arduino15/packages/arduino/tools/arm-none-eabi-gcc/4.8.3-2014q1/bin/../lib/gcc/arm-none-eabi/4.8.3/armv7-m\libgcc.a
LOAD c:/users/andreas gruber/appdata/local/arduino15/packages/arduino/tools/arm-none-eabi-gcc/4.8.3-2014q1/bin/../lib/gcc/arm-none-eabi/4.8.3/../../../../arm-none-eabi/lib/armv7-m\libg.a
LOAD c:/users/andreas gruber/appdata/local/arduino15/packages/arduino/tools/arm-none-eabi-gcc/4.8.3-2014q1/bin/../lib/gcc/arm-none-eabi/4.8.3/../../../../arm-none-eabi/lib/armv7-m\libc.a
END GROUP
LOAD c:/users/andreas gruber/appdata/local/arduino15/packages/arduino/tools/arm-none-eabi-gcc/4.8.3-2014q1/bin/../lib/gcc/arm-none-eabi/4.8.3/armv7-m/crtend.o
LOAD c:/users/andreas gruber/appdata/local/arduino15/packages/arduino/tools/arm-none-eabi-gcc/4.8.3-2014q1/bin/../lib/gcc/arm-none-eabi/4.8.3/armv7-m/crtn.o

.text           0x00080000     0x8dd4
                0x00080000                . = ALIGN (0x4)
                0x00080000                _sfixed = .
 *(.vectors .vectors.*)
 .vectors       0x00080000       0xf4 C:\Users\Andreas Gruber\AppData\Local\arduino15\packages\arduino\hardware\sam\1.6.9\variants\arduino_due_x/libsam_sam3x8e_gcc_rel.a(startup_sam3xa.o)
                0x00080000                exception_table
 *(.text .text.* .gnu.linkonce.t.*)
 .text          0x000800f4       0x54 c:/users/andreas gruber/appdata/local/arduino15/packages/arduino/tools/arm-none-eabi-gcc/4.8.3-2014q1/bin/../lib/gcc/arm-none-eabi/4.8.3/armv7-m/crtbegin.o
 .text._Z7switch0v
                0x00080148        0xc C:\Users\Andreas Gruber\AppData\Local\Temp\VMBuilds\maya\arduino_due_x_dbg\maya.cpp.o
                0x00080148                switch0()
 .text._Z7switch1v
                0x00080154        0xc C:\Users\Andreas Gruber\AppData\Local\Temp\VMBuilds\maya\arduino_due_x_dbg\maya.cpp.o
                0x00080154                switch1()
 .text._Z7switch2v
                0x00080160        0xc C:\Users\Andreas Gruber\AppData\Local\Temp\VMBuilds\maya\arduino_due_x_dbg\maya.cpp.o
                0x00080160                switch2()
 .text._Z7switch3v
                0x0008016c        0xc C:\Users\Andreas Gruber\AppData\Local\Temp\VMBuilds\maya\arduino_due_x_dbg\maya.cpp.o
                0x0008016c                switch3()
 .text._Z7switch4v
                0x00080178        0xc C:\Users\Andreas Gruber\AppData\Local\Temp\VMBuilds\maya\arduino_due_x_dbg\maya.cpp.o
                0x00080178                switch4()
 .text._Z13lightBarrier0v
                0x00080184        0xc C:\Users\Andreas Gruber\AppData\Local\Temp\VMBuilds\maya\arduino_due_x_dbg\maya.cpp.o
                0x00080184                lightBarrier0()
 .text._Z13lightBarrier1v
                0x00080190        0xc C:\Users\Andreas Gruber\AppData\Local\Temp\VMBuilds\maya\arduino_due_x_dbg\maya.cpp.o
                0x00080190                lightBarrier1()
 .text._Z13lightBarrier2v
                0x0008019c        0xc C:\Users\Andreas Gruber\AppData\Local\Temp\VMBuilds\maya\arduino_due_x_dbg\maya.cpp.o
                0x0008019c                lightBarrier2()
 .text._Z13lightBarrier3v
                0x000801a8        0xc C:\Users\Andreas Gruber\AppData\Local\Temp\VMBuilds\maya\arduino_due_x_dbg\maya.cpp.o
                0x000801a8                lightBarrier3()
 .text._Z15knobEncoderPos0v
                0x000801b4        0xc C:\Users\Andreas Gruber\AppData\Local\Temp\VMBuilds\maya\arduino_due_x_dbg\maya.cpp.o
                0x000801b4                knobEncoderPos0()
 .text._Z18knobEncoderButton0v
                0x000801c0        0xc C:\Users\Andreas Gruber\AppData\Local\Temp\VMBuilds\maya\arduino_due_x_dbg\maya.cpp.o
                0x000801c0                knobEncoderButton0()
 .text._Z15knobEncoderPos1v
                0x000801cc        0xc C:\Users\Andreas Gruber\AppData\Local\Temp\VMBuilds\maya\arduino_due_x_dbg\maya.cpp.o
                0x000801cc                knobEncoderPos1()
 .text._Z18knobEncoderButton1v
                0x000801d8        0xc C:\Users\Andreas Gruber\AppData\Local\Temp\VMBuilds\maya\arduino_due_x_dbg\maya.cpp.o
                0x000801d8                knobEncoderButton1()
 .text._Z15knobEncoderPos2v
                0x000801e4        0xc C:\Users\Andreas Gruber\AppData\Local\Temp\VMBuilds\maya\arduino_due_x_dbg\maya.cpp.o
                0x000801e4                knobEncoderPos2()
 .text._Z18knobEncoderButton2v
                0x000801f0        0xc C:\Users\Andreas Gruber\AppData\Local\Temp\VMBuilds\maya\arduino_due_x_dbg\maya.cpp.o
                0x000801f0                knobEncoderButton2()
 .text._ZN19SimpleLowPassFilterIdE8addValueEd
                0x000801fc       0x3c C:\Users\Andreas Gruber\AppData\Local\Temp\VMBuilds\maya\arduino_due_x_dbg\maya.cpp.o
                0x000801fc                SimpleLowPassFilter<double>::addValue(double)
 .text._ZN19SimpleLowPassFilterIdE14getResultValueEv
                0x00080238        0xa C:\Users\Andreas Gruber\AppData\Local\Temp\VMBuilds\maya\arduino_due_x_dbg\maya.cpp.o
                0x00080238                SimpleLowPassFilter<double>::getResultValue()
 .text._ZN6FilterIdE7computeEd
                0x00080242       0x14 C:\Users\Andreas Gruber\AppData\Local\Temp\VMBuilds\maya\arduino_due_x_dbg\maya.cpp.o
                0x00080242                Filter<double>::compute(double)
 *fill*         0x00080256        0x2 
 .text.TC3_Handler
                0x00080258       0x24 C:\Users\Andreas Gruber\AppData\Local\Temp\VMBuilds\maya\arduino_due_x_dbg\maya.cpp.o
                0x00080258                TC3_Handler
 .text.TC4_Handler
                0x0008027c       0x20 C:\Users\Andreas Gruber\AppData\Local\Temp\VMBuilds\maya\arduino_due_x_dbg\maya.cpp.o
                0x0008027c                TC4_Handler
 .text._Z12setupStepperv
                0x0008029c       0x44 C:\Users\Andreas Gruber\AppData\Local\Temp\VMBuilds\maya\arduino_due_x_dbg\maya.cpp.o
                0x0008029c                setupStepper()
 .text._Z8lateInitv
                0x000802e0       0x6c C:\Users\Andreas Gruber\AppData\Local\Temp\VMBuilds\maya\arduino_due_x_dbg\maya.cpp.o
                0x000802e0                lateInit()
 *fill*         0x0008034c        0x4 
 .text.startup._GLOBAL__sub_I_switchAction
                0x00080350      0x1d0 C:\Users\Andreas Gruber\AppData\Local\Temp\VMBuilds\maya\arduino_due_x_dbg\maya.cpp.o
 .text.setup    0x00080520      0x100 C:\Users\Andreas Gruber\AppData\Local\Temp\VMBuilds\maya\arduino_due_x_dbg\maya.cpp.o
                0x00080520                setup
 .text.loop     0x00080620      0x328 C:\Users\Andreas Gruber\AppData\Local\Temp\VMBuilds\maya\arduino_due_x_dbg\maya.cpp.o
                0x00080620                loop
 .text._ZN32DifferenceIntensityLaserDetectorC2EhhPKh
                0x00080948       0x24 C:\Users\Andreas Gruber\AppData\Local\Temp\VMBuilds\maya\arduino_due_x_dbg\differenceIntensityLaserDetector.cpp.o
                0x00080948                DifferenceIntensityLaserDetector::DifferenceIntensityLaserDetector(unsigned char, unsigned char, unsigned char const*)
                0x00080948                DifferenceIntensityLaserDetector::DifferenceIntensityLaserDetector(unsigned char, unsigned char, unsigned char const*)
 .text._ZN32DifferenceIntensityLaserDetector4initEv
                0x0008096c        0x8 C:\Users\Andreas Gruber\AppData\Local\Temp\VMBuilds\maya\arduino_due_x_dbg\differenceIntensityLaserDetector.cpp.o
                0x0008096c                DifferenceIntensityLaserDetector::init()
 .text._ZN32DifferenceIntensityLaserDetector17MeasureValueStartEv
                0x00080974       0x30 C:\Users\Andreas Gruber\AppData\Local\Temp\VMBuilds\maya\arduino_due_x_dbg\differenceIntensityLaserDetector.cpp.o
                0x00080974                DifferenceIntensityLaserDetector::MeasureValueStart()
 .text._ZN32DifferenceIntensityLaserDetector18MeasureValueFinishEv
                0x000809a4       0x4a C:\Users\Andreas Gruber\AppData\Local\Temp\VMBuilds\maya\arduino_due_x_dbg\differenceIntensityLaserDetector.cpp.o
                0x000809a4                DifferenceIntensityLaserDetector::MeasureValueFinish()
 *fill*         0x000809ee        0x2 
 .text._ZN23DiodePositionController6updateEv
                0x000809f0      0x1e8 C:\Users\Andreas Gruber\AppData\Local\Temp\VMBuilds\maya\arduino_due_x_dbg\diodePositionController.cpp.o
                0x000809f0                DiodePositionController::update()
 .text._ZN23DiodePositionControllerC2EP7StepperS1_P14DiscPositionerP22InterruptLaserDetector
                0x00080bd8       0x38 C:\Users\Andreas Gruber\AppData\Local\Temp\VMBuilds\maya\arduino_due_x_dbg\diodePositionController.cpp.o
                0x00080bd8                DiodePositionController::DiodePositionController(Stepper*, Stepper*, DiscPositioner*, InterruptLaserDetector*)
                0x00080bd8                DiodePositionController::DiodePositionController(Stepper*, Stepper*, DiscPositioner*, InterruptLaserDetector*)
 .text._ZN23DiodePositionController12initInstanceEP7StepperS1_P14DiscPositionerP22InterruptLaserDetector
                0x00080c10       0x38 C:\Users\Andreas Gruber\AppData\Local\Temp\VMBuilds\maya\arduino_due_x_dbg\diodePositionController.cpp.o
                0x00080c10                DiodePositionController::initInstance(Stepper*, Stepper*, DiscPositioner*, InterruptLaserDetector*)
 .text.startup._GLOBAL__sub_I__ZN23DiodePositionControllerC2EP7StepperS1_P14DiscPositionerP22InterruptLaserDetector
                0x00080c48       0x10 C:\Users\Andreas Gruber\AppData\Local\Temp\VMBuilds\maya\arduino_due_x_dbg\diodePositionController.cpp.o
 .text._ZN14DiscPositioner12initInstanceEP17PositionerCounterdhhb
                0x00080c58       0x54 C:\Users\Andreas Gruber\AppData\Local\Temp\VMBuilds\maya\arduino_due_x_dbg\discPositioner.cpp.o
                0x00080c58                DiscPositioner::initInstance(PositionerCounter*, double, unsigned char, unsigned char, bool)
 .text._ZN14DiscPositioner4initEv
                0x00080cac        0xc C:\Users\Andreas Gruber\AppData\Local\Temp\VMBuilds\maya\arduino_due_x_dbg\discPositioner.cpp.o
                0x00080cac                DiscPositioner::init()
 .text._ZN14DiscPositioner11findBigMarkEv
                0x00080cb8       0x30 C:\Users\Andreas Gruber\AppData\Local\Temp\VMBuilds\maya\arduino_due_x_dbg\discPositioner.cpp.o
                0x00080cb8                DiscPositioner::findBigMark()
 .text._Z25discPositionerFindBigMarkv
                0x00080ce8       0x10 C:\Users\Andreas Gruber\AppData\Local\Temp\VMBuilds\maya\arduino_due_x_dbg\discPositioner.cpp.o
                0x00080ce8                discPositionerFindBigMark()
 .text._ZN14DiscPositioner8getAngleEv
                0x00080cf8       0x74 C:\Users\Andreas Gruber\AppData\Local\Temp\VMBuilds\maya\arduino_due_x_dbg\discPositioner.cpp.o
                0x00080cf8                DiscPositioner::getAngle()
 .text._Z17EncoderPinChangedv
                0x00080d6c       0x2c C:\Users\Andreas Gruber\AppData\Local\Temp\VMBuilds\maya\arduino_due_x_dbg\encoder.cpp.o
                0x00080d6c                EncoderPinChanged()
 .text._ZN7Encoder6updateEv
                0x00080d98       0x60 C:\Users\Andreas Gruber\AppData\Local\Temp\VMBuilds\maya\arduino_due_x_dbg\encoder.cpp.o
                0x00080d98                Encoder::update()
 .text._ZN7Encoder4initEv
                0x00080df8       0x3c C:\Users\Andreas Gruber\AppData\Local\Temp\VMBuilds\maya\arduino_due_x_dbg\encoder.cpp.o
                0x00080df8                Encoder::init()
 .text._ZN7EncoderC2EPKhPFvvE
                0x00080e34       0x1c C:\Users\Andreas Gruber\AppData\Local\Temp\VMBuilds\maya\arduino_due_x_dbg\encoder.cpp.o
                0x00080e34                Encoder::Encoder(unsigned char const*, void (*)())
                0x00080e34                Encoder::Encoder(unsigned char const*, void (*)())
 .text._ZN22InterruptLaserDetectorC2EP32DifferenceIntensityLaserDetectorPP6FilterIdEddPFvvEb
                0x00080e50       0x9c C:\Users\Andreas Gruber\AppData\Local\Temp\VMBuilds\maya\arduino_due_x_dbg\interruptLaserDetector.cpp.o
                0x00080e50                InterruptLaserDetector::InterruptLaserDetector(DifferenceIntensityLaserDetector*, Filter<double>**, double, double, void (*)(), bool)
                0x00080e50                InterruptLaserDetector::InterruptLaserDetector(DifferenceIntensityLaserDetector*, Filter<double>**, double, double, void (*)(), bool)
 .text._ZN22InterruptLaserDetector12initInstanceEP32DifferenceIntensityLaserDetectorPP6FilterIdEddPFvvEb
                0x00080eec       0x4c C:\Users\Andreas Gruber\AppData\Local\Temp\VMBuilds\maya\arduino_due_x_dbg\interruptLaserDetector.cpp.o
                0x00080eec                InterruptLaserDetector::initInstance(DifferenceIntensityLaserDetector*, Filter<double>**, double, double, void (*)(), bool)
 .text._ZN22InterruptLaserDetector4initEv
                0x00080f38       0x20 C:\Users\Andreas Gruber\AppData\Local\Temp\VMBuilds\maya\arduino_due_x_dbg\interruptLaserDetector.cpp.o
                0x00080f38                InterruptLaserDetector::init()
 .text._ZN22InterruptLaserDetector6notifyEv
                0x00080f58        0xa C:\Users\Andreas Gruber\AppData\Local\Temp\VMBuilds\maya\arduino_due_x_dbg\interruptLaserDetector.cpp.o
                0x00080f58                InterruptLaserDetector::notify()
 *fill*         0x00080f62        0x2 
 .text._ZN22InterruptLaserDetector6updateEv
                0x00080f64       0x9c C:\Users\Andreas Gruber\AppData\Local\Temp\VMBuilds\maya\arduino_due_x_dbg\interruptLaserDetector.cpp.o
                0x00080f64                InterruptLaserDetector::update()
 .text.TC5_Handler
                0x00081000        0xc C:\Users\Andreas Gruber\AppData\Local\Temp\VMBuilds\maya\arduino_due_x_dbg\interruptLaserDetector.cpp.o
                0x00081000                TC5_Handler
 .text._ZN18PositionController4initEv
                0x0008100c        0x2 C:\Users\Andreas Gruber\AppData\Local\Temp\VMBuilds\maya\arduino_due_x_dbg\positionController.cpp.o
                0x0008100c                PositionController::init()
 *fill*         0x0008100e        0x2 
 .text._ZN18PositionControllerC2EP7StepperS1_P14DiscPositionerP22InterruptLaserDetector
                0x00081010       0x18 C:\Users\Andreas Gruber\AppData\Local\Temp\VMBuilds\maya\arduino_due_x_dbg\positionController.cpp.o
                0x00081010                PositionController::PositionController(Stepper*, Stepper*, DiscPositioner*, InterruptLaserDetector*)
                0x00081010                PositionController::PositionController(Stepper*, Stepper*, DiscPositioner*, InterruptLaserDetector*)
 .text._ZN18PositionController11getInstanceEv
                0x00081028        0xc C:\Users\Andreas Gruber\AppData\Local\Temp\VMBuilds\maya\arduino_due_x_dbg\positionController.cpp.o
                0x00081028                PositionController::getInstance()
 .text._ZN17PositionerCounterC2EPFvvE
                0x00081034       0x18 C:\Users\Andreas Gruber\AppData\Local\Temp\VMBuilds\maya\arduino_due_x_dbg\positionerCounter.cpp.o
                0x00081034                PositionerCounter::PositionerCounter(void (*)())
                0x00081034                PositionerCounter::PositionerCounter(void (*)())
 .text._ZN17PositionerCounter6notifyEv
                0x0008104c        0xa C:\Users\Andreas Gruber\AppData\Local\Temp\VMBuilds\maya\arduino_due_x_dbg\positionerCounter.cpp.o
                0x0008104c                PositionerCounter::notify()
 .text._ZN17PositionerCounter4stepEh
                0x00081056        0x4 C:\Users\Andreas Gruber\AppData\Local\Temp\VMBuilds\maya\arduino_due_x_dbg\positionerCounter.cpp.o
                0x00081056                PositionerCounter::step(unsigned char)
 *fill*         0x0008105a        0x2 
 .text.startup._GLOBAL__sub_I__ZN24RemotePositionControllerC2EP14StepperWatcherS1_P14DiscPositionerP22InterruptLaserDetectorhPKhS7_
                0x0008105c       0x10 C:\Users\Andreas Gruber\AppData\Local\Temp\VMBuilds\maya\arduino_due_x_dbg\remotePositionController.cpp.o
 .text._ZN7StepperC2EhPKh
                0x0008106c       0x14 C:\Users\Andreas Gruber\AppData\Local\Temp\VMBuilds\maya\arduino_due_x_dbg\stepper.cpp.o
                0x0008106c                Stepper::Stepper(unsigned char, unsigned char const*)
                0x0008106c                Stepper::Stepper(unsigned char, unsigned char const*)
 .text._ZN7Stepper4initEv
                0x00081080       0x18 C:\Users\Andreas Gruber\AppData\Local\Temp\VMBuilds\maya\arduino_due_x_dbg\stepper.cpp.o
                0x00081080                Stepper::init()
 .text._ZN7Stepper13stepAndUpdateEv
                0x00081098       0x64 C:\Users\Andreas Gruber\AppData\Local\Temp\VMBuilds\maya\arduino_due_x_dbg\stepper.cpp.o
                0x00081098                Stepper::stepAndUpdate()
 .text._ZN7Stepper13initPosUpdateEb
                0x000810fc       0x80 C:\Users\Andreas Gruber\AppData\Local\Temp\VMBuilds\maya\arduino_due_x_dbg\stepper.cpp.o
                0x000810fc                Stepper::initPosUpdate(bool)
 .text._ZN14StepperWatcherC2EP7StepperPKhm
                0x0008117c       0x22 C:\Users\Andreas Gruber\AppData\Local\Temp\VMBuilds\maya\arduino_due_x_dbg\stepperWatcher.cpp.o
                0x0008117c                StepperWatcher::StepperWatcher(Stepper*, unsigned char const*, unsigned long)
                0x0008117c                StepperWatcher::StepperWatcher(Stepper*, unsigned char const*, unsigned long)
 *fill*         0x0008119e        0x2 
 .text._ZN14StepperWatcher4initEv
                0x000811a0       0x4c C:\Users\Andreas Gruber\AppData\Local\Temp\VMBuilds\maya\arduino_due_x_dbg\stepperWatcher.cpp.o
                0x000811a0                StepperWatcher::init()
 .text._ZN14StepperWatcher6updateEv
                0x000811ec       0xa8 C:\Users\Andreas Gruber\AppData\Local\Temp\VMBuilds\maya\arduino_due_x_dbg\stepperWatcher.cpp.o
                0x000811ec                StepperWatcher::update()
 .text._Z24StepperWatcherPinChangedv
                0x00081294       0x28 C:\Users\Andreas Gruber\AppData\Local\Temp\VMBuilds\maya\arduino_due_x_dbg\stepperWatcher.cpp.o
                0x00081294                StepperWatcherPinChanged()
 *fill*         0x000812bc        0x4 
 .text._Z13setTimerSpeedP2Tcmm
                0x000812c0       0x40 C:\Users\Andreas Gruber\AppData\Local\Temp\VMBuilds\maya\arduino_due_x_dbg\timer.cpp.o
                0x000812c0                setTimerSpeed(Tc*, unsigned long, unsigned long)
 .text._Z10startTimerP2Tcm4IRQnm
                0x00081300       0x5c C:\Users\Andreas Gruber\AppData\Local\Temp\VMBuilds\maya\arduino_due_x_dbg\timer.cpp.o
                0x00081300                startTimer(Tc*, unsigned long, IRQn, unsigned long)
 .text._Z11serialEventv
                0x0008135c        0x2 C:\Users\Andreas Gruber\AppData\Local\Temp\VMBuilds\maya\arduino_due_x_dbg\variant\variant.cpp.o
                0x0008135c                serialEvent()
 *fill*         0x0008135e        0x2 
 .text.UART_Handler
                0x00081360        0xc C:\Users\Andreas Gruber\AppData\Local\Temp\VMBuilds\maya\arduino_due_x_dbg\variant\variant.cpp.o
                0x00081360                UART_Handler
 .text._Z12serialEvent1v
                0x0008136c        0x2 C:\Users\Andreas Gruber\AppData\Local\Temp\VMBuilds\maya\arduino_due_x_dbg\variant\variant.cpp.o
                0x0008136c                serialEvent1()
 .text._Z12serialEvent2v
                0x0008136e        0x2 C:\Users\Andreas Gruber\AppData\Local\Temp\VMBuilds\maya\arduino_due_x_dbg\variant\variant.cpp.o
                0x0008136e                serialEvent2()
 .text._Z12serialEvent3v
                0x00081370        0x2 C:\Users\Andreas Gruber\AppData\Local\Temp\VMBuilds\maya\arduino_due_x_dbg\variant\variant.cpp.o
                0x00081370                serialEvent3()
 *fill*         0x00081372        0x2 
 .text.USART0_Handler
                0x00081374        0xc C:\Users\Andreas Gruber\AppData\Local\Temp\VMBuilds\maya\arduino_due_x_dbg\variant\variant.cpp.o
                0x00081374                USART0_Handler
 .text.USART1_Handler
                0x00081380        0xc C:\Users\Andreas Gruber\AppData\Local\Temp\VMBuilds\maya\arduino_due_x_dbg\variant\variant.cpp.o
                0x00081380                USART1_Handler
 .text.USART3_Handler
                0x0008138c        0xc C:\Users\Andreas Gruber\AppData\Local\Temp\VMBuilds\maya\arduino_due_x_dbg\variant\variant.cpp.o
                0x0008138c                USART3_Handler
 .text.init     0x00081398      0x128 C:\Users\Andreas Gruber\AppData\Local\Temp\VMBuilds\maya\arduino_due_x_dbg\variant\variant.cpp.o
                0x00081398                init
 .text.startup._GLOBAL__sub_I_g_APinDescription
                0x000814c0       0xd4 C:\Users\Andreas Gruber\AppData\Local\Temp\VMBuilds\maya\arduino_due_x_dbg\variant\variant.cpp.o
 .text._Z14serialEventRunv
                0x00081594       0x44 C:\Users\Andreas Gruber\AppData\Local\Temp\VMBuilds\maya\arduino_due_x_dbg\variant\variant.cpp.o
                0x00081594                serialEventRun()
 .text.PIO_PullUp
                0x000815d8        0xa C:\Users\Andreas Gruber\AppData\Local\arduino15\packages\arduino\hardware\sam\1.6.9\variants\arduino_due_x/libsam_sam3x8e_gcc_rel.a(pio.o)
                0x000815d8                PIO_PullUp
 .text.PIO_Get  0x000815e2       0x14 C:\Users\Andreas Gruber\AppData\Local\arduino15\packages\arduino\hardware\sam\1.6.9\variants\arduino_due_x/libsam_sam3x8e_gcc_rel.a(pio.o)
                0x000815e2                PIO_Get
 .text.PIO_SetPeripheral
                0x000815f6       0x26 C:\Users\Andreas Gruber\AppData\Local\arduino15\packages\arduino\hardware\sam\1.6.9\variants\arduino_due_x/libsam_sam3x8e_gcc_rel.a(pio.o)
                0x000815f6                PIO_SetPeripheral
 .text.PIO_SetInput
                0x0008161c       0x26 C:\Users\Andreas Gruber\AppData\Local\arduino15\packages\arduino\hardware\sam\1.6.9\variants\arduino_due_x/libsam_sam3x8e_gcc_rel.a(pio.o)
                0x0008161c                PIO_SetInput
 .text.PIO_SetOutput
                0x00081642       0x24 C:\Users\Andreas Gruber\AppData\Local\arduino15\packages\arduino\hardware\sam\1.6.9\variants\arduino_due_x/libsam_sam3x8e_gcc_rel.a(pio.o)
                0x00081642                PIO_SetOutput
 *fill*         0x00081666        0x2 
 .text.PIO_Configure
                0x00081668       0x64 C:\Users\Andreas Gruber\AppData\Local\arduino15\packages\arduino\hardware\sam\1.6.9\variants\arduino_due_x/libsam_sam3x8e_gcc_rel.a(pio.o)
                0x00081668                PIO_Configure
 .text.PIO_GetOutputDataStatus
                0x000816cc       0x14 C:\Users\Andreas Gruber\AppData\Local\arduino15\packages\arduino\hardware\sam\1.6.9\variants\arduino_due_x/libsam_sam3x8e_gcc_rel.a(pio.o)
                0x000816cc                PIO_GetOutputDataStatus
 .text.pmc_enable_upll_clock
                0x000816e0       0x14 C:\Users\Andreas Gruber\AppData\Local\arduino15\packages\arduino\hardware\sam\1.6.9\variants\arduino_due_x/libsam_sam3x8e_gcc_rel.a(pmc.o)
                0x000816e0                pmc_enable_upll_clock
 .text.pmc_enable_periph_clk
                0x000816f4       0x44 C:\Users\Andreas Gruber\AppData\Local\arduino15\packages\arduino\hardware\sam\1.6.9\variants\arduino_due_x/libsam_sam3x8e_gcc_rel.a(pmc.o)
                0x000816f4                pmc_enable_periph_clk
 .text.pmc_disable_periph_clk
                0x00081738       0x40 C:\Users\Andreas Gruber\AppData\Local\arduino15\packages\arduino\hardware\sam\1.6.9\variants\arduino_due_x/libsam_sam3x8e_gcc_rel.a(pmc.o)
                0x00081738                pmc_disable_periph_clk
 .text.pmc_switch_udpck_to_upllck
                0x00081778       0x14 C:\Users\Andreas Gruber\AppData\Local\arduino15\packages\arduino\hardware\sam\1.6.9\variants\arduino_due_x/libsam_sam3x8e_gcc_rel.a(pmc.o)
                0x00081778                pmc_switch_udpck_to_upllck
 .text.pmc_enable_udpck
                0x0008178c        0xc C:\Users\Andreas Gruber\AppData\Local\arduino15\packages\arduino\hardware\sam\1.6.9\variants\arduino_due_x/libsam_sam3x8e_gcc_rel.a(pmc.o)
                0x0008178c                pmc_enable_udpck
 .text.pmc_set_writeprotect
                0x00081798       0x1c C:\Users\Andreas Gruber\AppData\Local\arduino15\packages\arduino\hardware\sam\1.6.9\variants\arduino_due_x/libsam_sam3x8e_gcc_rel.a(pmc.o)
                0x00081798                pmc_set_writeprotect
 .text.TC_Configure
                0x000817b4       0x38 C:\Users\Andreas Gruber\AppData\Local\arduino15\packages\arduino\hardware\sam\1.6.9\variants\arduino_due_x/libsam_sam3x8e_gcc_rel.a(tc.o)
                0x000817b4                TC_Configure
 .text.TC_Start
                0x000817ec       0x2c C:\Users\Andreas Gruber\AppData\Local\arduino15\packages\arduino\hardware\sam\1.6.9\variants\arduino_due_x/libsam_sam3x8e_gcc_rel.a(tc.o)
                0x000817ec                TC_Start
 .text.TC_GetStatus
                0x00081818        0x8 C:\Users\Andreas Gruber\AppData\Local\arduino15\packages\arduino\hardware\sam\1.6.9\variants\arduino_due_x/libsam_sam3x8e_gcc_rel.a(tc.o)
                0x00081818                TC_GetStatus
 .text.TC_SetRA
                0x00081820        0x8 C:\Users\Andreas Gruber\AppData\Local\arduino15\packages\arduino\hardware\sam\1.6.9\variants\arduino_due_x/libsam_sam3x8e_gcc_rel.a(tc.o)
                0x00081820                TC_SetRA
 .text.TC_SetRC
                0x00081828        0x8 C:\Users\Andreas Gruber\AppData\Local\arduino15\packages\arduino\hardware\sam\1.6.9\variants\arduino_due_x/libsam_sam3x8e_gcc_rel.a(tc.o)
                0x00081828                TC_SetRC
 .text.SystemInit
                0x00081830       0x88 C:\Users\Andreas Gruber\AppData\Local\arduino15\packages\arduino\hardware\sam\1.6.9\variants\arduino_due_x/libsam_sam3x8e_gcc_rel.a(system_sam3xa.o)
                0x00081830                SystemInit
 .text.Reset_Handler
                0x000818b8       0x78 C:\Users\Andreas Gruber\AppData\Local\arduino15\packages\arduino\hardware\sam\1.6.9\variants\arduino_due_x/libsam_sam3x8e_gcc_rel.a(startup_sam3xa.o)
                0x000818b8                Reset_Handler
 .text.adc_init
                0x00081930       0x98 C:\Users\Andreas Gruber\AppData\Local\arduino15\packages\arduino\hardware\sam\1.6.9\variants\arduino_due_x/libsam_sam3x8e_gcc_rel.a(adc.o)
                0x00081930                adc_init
 .text.adc_configure_trigger
                0x000819c8        0xe C:\Users\Andreas Gruber\AppData\Local\arduino15\packages\arduino\hardware\sam\1.6.9\variants\arduino_due_x/libsam_sam3x8e_gcc_rel.a(adc.o)
                0x000819c8                adc_configure_trigger
 .text.adc_configure_timing
                0x000819d6       0x1a C:\Users\Andreas Gruber\AppData\Local\arduino15\packages\arduino\hardware\sam\1.6.9\variants\arduino_due_x/libsam_sam3x8e_gcc_rel.a(adc.o)
                0x000819d6                adc_configure_timing
 .text.adc_start
                0x000819f0        0x6 C:\Users\Andreas Gruber\AppData\Local\arduino15\packages\arduino\hardware\sam\1.6.9\variants\arduino_due_x/libsam_sam3x8e_gcc_rel.a(adc.o)
                0x000819f0                adc_start
 .text.adc_enable_channel
                0x000819f6        0xa C:\Users\Andreas Gruber\AppData\Local\arduino15\packages\arduino\hardware\sam\1.6.9\variants\arduino_due_x/libsam_sam3x8e_gcc_rel.a(adc.o)
                0x000819f6                adc_enable_channel
 .text.adc_disable_channel
                0x00081a00        0xa C:\Users\Andreas Gruber\AppData\Local\arduino15\packages\arduino\hardware\sam\1.6.9\variants\arduino_due_x/libsam_sam3x8e_gcc_rel.a(adc.o)
                0x00081a00                adc_disable_channel
 .text.adc_disable_all_channel
                0x00081a0a        0x8 C:\Users\Andreas Gruber\AppData\Local\arduino15\packages\arduino\hardware\sam\1.6.9\variants\arduino_due_x/libsam_sam3x8e_gcc_rel.a(adc.o)
                0x00081a0a                adc_disable_all_channel
 .text.adc_get_channel_status
                0x00081a12        0xa C:\Users\Andreas Gruber\AppData\Local\arduino15\packages\arduino\hardware\sam\1.6.9\variants\arduino_due_x/libsam_sam3x8e_gcc_rel.a(adc.o)
                0x00081a12                adc_get_channel_status
 .text.adc_get_latest_value
                0x00081a1c        0x4 C:\Users\Andreas Gruber\AppData\Local\arduino15\packages\arduino\hardware\sam\1.6.9\variants\arduino_due_x/libsam_sam3x8e_gcc_rel.a(adc.o)
                0x00081a1c                adc_get_latest_value
 .text.adc_disable_interrupt
                0x00081a20        0x4 C:\Users\Andreas Gruber\AppData\Local\arduino15\packages\arduino\hardware\sam\1.6.9\variants\arduino_due_x/libsam_sam3x8e_gcc_rel.a(adc.o)
                0x00081a20                adc_disable_interrupt
 .text.adc_get_status
                0x00081a24        0x4 C:\Users\Andreas Gruber\AppData\Local\arduino15\packages\arduino\hardware\sam\1.6.9\variants\arduino_due_x/libsam_sam3x8e_gcc_rel.a(adc.o)
                0x00081a24                adc_get_status
 .text.UOTGHS_Handler
                0x00081a28       0x10 C:\Users\Andreas Gruber\AppData\Local\arduino15\packages\arduino\hardware\sam\1.6.9\variants\arduino_due_x/libsam_sam3x8e_gcc_rel.a(uotghs.o)
                0x00081a28                UOTGHS_Handler
 .text.__halt   0x00081a38        0x2 C:\Users\Andreas Gruber\AppData\Local\Temp\VMBuilds\maya\arduino_due_x_dbg/core.a(cortex_handlers.c.o)
                0x00081a38                DACC_Handler
                0x00081a38                DebugMon_Handler
                0x00081a38                DMAC_Handler
                0x00081a38                TRNG_Handler
                0x00081a38                HardFault_Handler
                0x00081a38                TC2_Handler
                0x00081a38                TWI1_Handler
                0x00081a38                NMI_Handler
                0x00081a38                TC7_Handler
                0x00081a38                ADC_Handler
                0x00081a38                SMC_Handler
                0x00081a38                RTT_Handler
                0x00081a38                EFC1_Handler
                0x00081a38                RTC_Handler
                0x00081a38                UsageFault_Handler
                0x00081a38                TC6_Handler
                0x00081a38                WDT_Handler
                0x00081a38                CAN0_Handler
                0x00081a38                TC1_Handler
                0x00081a38                HSMCI_Handler
                0x00081a38                TWI0_Handler
                0x00081a38                SSC_Handler
                0x00081a38                EFC0_Handler
                0x00081a38                PMC_Handler
                0x00081a38                PWM_Handler
                0x00081a38                CAN1_Handler
                0x00081a38                MemManage_Handler
                0x00081a38                SUPC_Handler
                0x00081a38                TC8_Handler
                0x00081a38                USART2_Handler
                0x00081a38                EMAC_Handler
                0x00081a38                BusFault_Handler
                0x00081a38                RSTC_Handler
                0x00081a38                TC0_Handler
                0x00081a38                SPI0_Handler
 .text.SVC_Handler
                0x00081a3a        0x4 C:\Users\Andreas Gruber\AppData\Local\Temp\VMBuilds\maya\arduino_due_x_dbg/core.a(cortex_handlers.c.o)
                0x00081a3a                SVC_Handler
 .text.PendSV_Handler
                0x00081a3e        0x4 C:\Users\Andreas Gruber\AppData\Local\Temp\VMBuilds\maya\arduino_due_x_dbg/core.a(cortex_handlers.c.o)
                0x00081a3e                PendSV_Handler
 .text.SysTick_Handler
                0x00081a42       0x16 C:\Users\Andreas Gruber\AppData\Local\Temp\VMBuilds\maya\arduino_due_x_dbg/core.a(cortex_handlers.c.o)
                0x00081a42                SysTick_Handler
 .text.__empty  0x00081a58        0x2 C:\Users\Andreas Gruber\AppData\Local\Temp\VMBuilds\maya\arduino_due_x_dbg/core.a(hooks.c.o)
                0x00081a58                yield
 .text.__false  0x00081a5a        0x4 C:\Users\Andreas Gruber\AppData\Local\Temp\VMBuilds\maya\arduino_due_x_dbg/core.a(hooks.c.o)
                0x00081a5a                sysTickHook
 .text.__halt   0x00081a5e        0x2 C:\Users\Andreas Gruber\AppData\Local\Temp\VMBuilds\maya\arduino_due_x_dbg/core.a(hooks.c.o)
                0x00081a5e                svcHook
                0x00081a5e                pendSVHook
 .text._sbrk    0x00081a60       0x1c C:\Users\Andreas Gruber\AppData\Local\Temp\VMBuilds\maya\arduino_due_x_dbg/core.a(syscalls_sam3.c.o)
                0x00081a60                _sbrk
 .text.link     0x00081a7c        0x6 C:\Users\Andreas Gruber\AppData\Local\Temp\VMBuilds\maya\arduino_due_x_dbg/core.a(syscalls_sam3.c.o)
                0x00081a7c                link
 .text._close   0x00081a82        0x6 C:\Users\Andreas Gruber\AppData\Local\Temp\VMBuilds\maya\arduino_due_x_dbg/core.a(syscalls_sam3.c.o)
                0x00081a82                _close
 .text._fstat   0x00081a88        0xa C:\Users\Andreas Gruber\AppData\Local\Temp\VMBuilds\maya\arduino_due_x_dbg/core.a(syscalls_sam3.c.o)
                0x00081a88                _fstat
 .text._isatty  0x00081a92        0x4 C:\Users\Andreas Gruber\AppData\Local\Temp\VMBuilds\maya\arduino_due_x_dbg/core.a(syscalls_sam3.c.o)
                0x00081a92                _isatty
 .text._lseek   0x00081a96        0x4 C:\Users\Andreas Gruber\AppData\Local\Temp\VMBuilds\maya\arduino_due_x_dbg/core.a(syscalls_sam3.c.o)
                0x00081a96                _lseek
 .text._read    0x00081a9a        0x4 C:\Users\Andreas Gruber\AppData\Local\Temp\VMBuilds\maya\arduino_due_x_dbg/core.a(syscalls_sam3.c.o)
                0x00081a9a                _read
 *fill*         0x00081a9e        0x2 
 .text._write   0x00081aa0       0x24 C:\Users\Andreas Gruber\AppData\Local\Temp\VMBuilds\maya\arduino_due_x_dbg/core.a(syscalls_sam3.c.o)
                0x00081aa0                _write
 .text._exit    0x00081ac4       0x10 C:\Users\Andreas Gruber\AppData\Local\Temp\VMBuilds\maya\arduino_due_x_dbg/core.a(syscalls_sam3.c.o)
                0x00081ac4                _exit
 .text._kill    0x00081ad4        0x2 C:\Users\Andreas Gruber\AppData\Local\Temp\VMBuilds\maya\arduino_due_x_dbg/core.a(syscalls_sam3.c.o)
                0x00081ad4                _kill
 .text._getpid  0x00081ad6        0x6 C:\Users\Andreas Gruber\AppData\Local\Temp\VMBuilds\maya\arduino_due_x_dbg/core.a(syscalls_sam3.c.o)
                0x00081ad6                _getpid
 .text.attachInterrupt
                0x00081adc      0x148 C:\Users\Andreas Gruber\AppData\Local\Temp\VMBuilds\maya\arduino_due_x_dbg/core.a(WInterrupts.c.o)
                0x00081adc                attachInterrupt
 .text.PIOA_Handler
                0x00081c24       0x38 C:\Users\Andreas Gruber\AppData\Local\Temp\VMBuilds\maya\arduino_due_x_dbg/core.a(WInterrupts.c.o)
                0x00081c24                PIOA_Handler
 .text.PIOB_Handler
                0x00081c5c       0x38 C:\Users\Andreas Gruber\AppData\Local\Temp\VMBuilds\maya\arduino_due_x_dbg/core.a(WInterrupts.c.o)
                0x00081c5c                PIOB_Handler
 .text.PIOC_Handler
                0x00081c94       0x38 C:\Users\Andreas Gruber\AppData\Local\Temp\VMBuilds\maya\arduino_due_x_dbg/core.a(WInterrupts.c.o)
                0x00081c94                PIOC_Handler
 .text.PIOD_Handler
                0x00081ccc       0x38 C:\Users\Andreas Gruber\AppData\Local\Temp\VMBuilds\maya\arduino_due_x_dbg/core.a(WInterrupts.c.o)
                0x00081ccc                PIOD_Handler
 .text.millis   0x00081d04        0x4 C:\Users\Andreas Gruber\AppData\Local\Temp\VMBuilds\maya\arduino_due_x_dbg/core.a(wiring.c.o)
                0x00081d04                millis
 .text.micros   0x00081d08       0x74 C:\Users\Andreas Gruber\AppData\Local\Temp\VMBuilds\maya\arduino_due_x_dbg/core.a(wiring.c.o)
                0x00081d08                micros
 .text.delay    0x00081d7c       0x1c C:\Users\Andreas Gruber\AppData\Local\Temp\VMBuilds\maya\arduino_due_x_dbg/core.a(wiring.c.o)
                0x00081d7c                delay
 .text.mapResolution
                0x00081d98       0x12 C:\Users\Andreas Gruber\AppData\Local\Temp\VMBuilds\maya\arduino_due_x_dbg/core.a(wiring_analog.c.o)
 *fill*         0x00081daa        0x2 
 .text.analogRead
                0x00081dac       0x9c C:\Users\Andreas Gruber\AppData\Local\Temp\VMBuilds\maya\arduino_due_x_dbg/core.a(wiring_analog.c.o)
                0x00081dac                analogRead
 .text.analogOutputInit
                0x00081e48        0x2 C:\Users\Andreas Gruber\AppData\Local\Temp\VMBuilds\maya\arduino_due_x_dbg/core.a(wiring_analog.c.o)
                0x00081e48                analogOutputInit
 *fill*         0x00081e4a        0x2 
 .text.pinMode  0x00081e4c      0x108 C:\Users\Andreas Gruber\AppData\Local\Temp\VMBuilds\maya\arduino_due_x_dbg/core.a(wiring_digital.c.o)
                0x00081e4c                pinMode
 .text.digitalWrite
                0x00081f54       0x70 C:\Users\Andreas Gruber\AppData\Local\Temp\VMBuilds\maya\arduino_due_x_dbg/core.a(wiring_digital.c.o)
                0x00081f54                digitalWrite
 .text.digitalRead
                0x00081fc4       0x44 C:\Users\Andreas Gruber\AppData\Local\Temp\VMBuilds\maya\arduino_due_x_dbg/core.a(wiring_digital.c.o)
                0x00081fc4                digitalRead
 .text.__cxa_pure_virtual
                0x00082008        0x2 C:\Users\Andreas Gruber\AppData\Local\Temp\VMBuilds\maya\arduino_due_x_dbg/core.a(abi.cpp.o)
                0x00082008                __cxa_pure_virtual
 .text.initVariant
                0x0008200a        0x2 C:\Users\Andreas Gruber\AppData\Local\Temp\VMBuilds\maya\arduino_due_x_dbg/core.a(main.cpp.o)
                0x0008200a                initVariant
 .text.startup.main
                0x0008200c       0x38 C:\Users\Andreas Gruber\AppData\Local\Temp\VMBuilds\maya\arduino_due_x_dbg/core.a(main.cpp.o)
                0x0008200c                main
 .text._Znwj    0x00082044        0x4 C:\Users\Andreas Gruber\AppData\Local\Temp\VMBuilds\maya\arduino_due_x_dbg/core.a(new.cpp.o)
                0x00082044                operator new(unsigned int)
 .text._Znaj    0x00082048        0x4 C:\Users\Andreas Gruber\AppData\Local\Temp\VMBuilds\maya\arduino_due_x_dbg/core.a(new.cpp.o)
                0x00082048                operator new[](unsigned int)
 .text._ZN5Print5writeEPKhj
                0x0008204c       0x22 C:\Users\Andreas Gruber\AppData\Local\Temp\VMBuilds\maya\arduino_due_x_dbg/core.a(Print.cpp.o)
                0x0008204c                Print::write(unsigned char const*, unsigned int)
 .text._ZN5Print5printEmi.part.3
                0x0008206e        0xc C:\Users\Andreas Gruber\AppData\Local\Temp\VMBuilds\maya\arduino_due_x_dbg/core.a(Print.cpp.o)
 .text._ZN5Print5writeEPKc
                0x0008207a       0x1e C:\Users\Andreas Gruber\AppData\Local\Temp\VMBuilds\maya\arduino_due_x_dbg/core.a(Print.cpp.o)
                0x0008207a                Print::write(char const*)
 .text._ZN5Print5printEPKc
                0x00082098        0x8 C:\Users\Andreas Gruber\AppData\Local\Temp\VMBuilds\maya\arduino_due_x_dbg/core.a(Print.cpp.o)
                0x00082098                Print::print(char const*)
 .text._ZN5Print5printEc
                0x000820a0        0xa C:\Users\Andreas Gruber\AppData\Local\Temp\VMBuilds\maya\arduino_due_x_dbg/core.a(Print.cpp.o)
                0x000820a0                Print::print(char)
 *fill*         0x000820aa        0x2 
 .text._ZN5Print7printlnEv
                0x000820ac       0x10 C:\Users\Andreas Gruber\AppData\Local\Temp\VMBuilds\maya\arduino_due_x_dbg/core.a(Print.cpp.o)
                0x000820ac                Print::println()
 .text._ZN5Print7printlnEPKc
                0x000820bc       0x14 C:\Users\Andreas Gruber\AppData\Local\Temp\VMBuilds\maya\arduino_due_x_dbg/core.a(Print.cpp.o)
                0x000820bc                Print::println(char const*)
 .text._ZN5Print11printNumberEmh
                0x000820d0       0x3e C:\Users\Andreas Gruber\AppData\Local\Temp\VMBuilds\maya\arduino_due_x_dbg/core.a(Print.cpp.o)
                0x000820d0                Print::printNumber(unsigned long, unsigned char)
 .text._ZN5Print5printEli
                0x0008210e       0x3c C:\Users\Andreas Gruber\AppData\Local\Temp\VMBuilds\maya\arduino_due_x_dbg/core.a(Print.cpp.o)
                0x0008210e                Print::print(long, int)
 .text._ZN5Print5printEii
                0x0008214a        0x4 C:\Users\Andreas Gruber\AppData\Local\Temp\VMBuilds\maya\arduino_due_x_dbg/core.a(Print.cpp.o)
                0x0008214a                Print::print(int, int)
 .text._ZN5Print7printlnEii
                0x0008214e       0x14 C:\Users\Andreas Gruber\AppData\Local\Temp\VMBuilds\maya\arduino_due_x_dbg/core.a(Print.cpp.o)
                0x0008214e                Print::println(int, int)
 .text._ZN5Print7printlnEli
                0x00082162       0x14 C:\Users\Andreas Gruber\AppData\Local\Temp\VMBuilds\maya\arduino_due_x_dbg/core.a(Print.cpp.o)
                0x00082162                Print::println(long, int)
 .text._ZN5Print5printEmi
                0x00082176        0xc C:\Users\Andreas Gruber\AppData\Local\Temp\VMBuilds\maya\arduino_due_x_dbg/core.a(Print.cpp.o)
                0x00082176                Print::print(unsigned long, int)
 .text._ZN5Print7printlnEhi
                0x00082182       0x14 C:\Users\Andreas Gruber\AppData\Local\Temp\VMBuilds\maya\arduino_due_x_dbg/core.a(Print.cpp.o)
                0x00082182                Print::println(unsigned char, int)
 *fill*         0x00082196        0x2 
 .text.initiateReset
                0x00082198        0xc C:\Users\Andreas Gruber\AppData\Local\Temp\VMBuilds\maya\arduino_due_x_dbg/core.a(Reset.cpp.o)
                0x00082198                initiateReset
 .text.cancelReset
                0x000821a4       0x10 C:\Users\Andreas Gruber\AppData\Local\Temp\VMBuilds\maya\arduino_due_x_dbg/core.a(Reset.cpp.o)
                0x000821a4                cancelReset
 .text.tickReset
                0x000821b4       0x20 C:\Users\Andreas Gruber\AppData\Local\Temp\VMBuilds\maya\arduino_due_x_dbg/core.a(Reset.cpp.o)
                0x000821b4                tickReset
 .text._ZN10RingBufferC2Ev
                0x000821d4       0x1a C:\Users\Andreas Gruber\AppData\Local\Temp\VMBuilds\maya\arduino_due_x_dbg/core.a(RingBuffer.cpp.o)
                0x000821d4                RingBuffer::RingBuffer()
                0x000821d4                RingBuffer::RingBuffer()
 .text._ZN10RingBuffer10store_charEh
                0x000821ee       0x1e C:\Users\Andreas Gruber\AppData\Local\Temp\VMBuilds\maya\arduino_due_x_dbg/core.a(RingBuffer.cpp.o)
                0x000821ee                RingBuffer::store_char(unsigned char)
 .text._ZN9UARTClasscvbEv
                0x0008220c        0x4 C:\Users\Andreas Gruber\AppData\Local\Temp\VMBuilds\maya\arduino_due_x_dbg/core.a(UARTClass.cpp.o)
                0x0008220c                UARTClass::operator bool()
 .text._ZN9UARTClass9availableEv
                0x00082210       0x12 C:\Users\Andreas Gruber\AppData\Local\Temp\VMBuilds\maya\arduino_due_x_dbg/core.a(UARTClass.cpp.o)
                0x00082210                UARTClass::available()
 .text._ZN9UARTClass4peekEv
                0x00082222       0x1c C:\Users\Andreas Gruber\AppData\Local\Temp\VMBuilds\maya\arduino_due_x_dbg/core.a(UARTClass.cpp.o)
                0x00082222                UARTClass::peek()
 .text._ZN9UARTClass4readEv
                0x0008223e       0x2a C:\Users\Andreas Gruber\AppData\Local\Temp\VMBuilds\maya\arduino_due_x_dbg/core.a(UARTClass.cpp.o)
                0x0008223e                UARTClass::read()
 .text._ZN9UARTClass5flushEv
                0x00082268       0x18 C:\Users\Andreas Gruber\AppData\Local\Temp\VMBuilds\maya\arduino_due_x_dbg/core.a(UARTClass.cpp.o)
                0x00082268                UARTClass::flush()
 .text._ZN9UARTClass5writeEh
                0x00082280       0x54 C:\Users\Andreas Gruber\AppData\Local\Temp\VMBuilds\maya\arduino_due_x_dbg/core.a(UARTClass.cpp.o)
                0x00082280                UARTClass::write(unsigned char)
 .text._ZN9UARTClass3endEv
                0x000822d4       0x3c C:\Users\Andreas Gruber\AppData\Local\Temp\VMBuilds\maya\arduino_due_x_dbg/core.a(UARTClass.cpp.o)
                0x000822d4                UARTClass::end()
 .text._ZN9UARTClassC2EP4Uart4IRQnmP10RingBufferS4_
                0x00082310       0x24 C:\Users\Andreas Gruber\AppData\Local\Temp\VMBuilds\maya\arduino_due_x_dbg/core.a(UARTClass.cpp.o)
                0x00082310                UARTClass::UARTClass(Uart*, IRQn, unsigned long, RingBuffer*, RingBuffer*)
                0x00082310                UARTClass::UARTClass(Uart*, IRQn, unsigned long, RingBuffer*, RingBuffer*)
 .text._ZN9UARTClass4initEmm
                0x00082334       0x70 C:\Users\Andreas Gruber\AppData\Local\Temp\VMBuilds\maya\arduino_due_x_dbg/core.a(UARTClass.cpp.o)
                0x00082334                UARTClass::init(unsigned long, unsigned long)
 .text._ZN9UARTClass5beginEm
                0x000823a4        0x8 C:\Users\Andreas Gruber\AppData\Local\Temp\VMBuilds\maya\arduino_due_x_dbg/core.a(UARTClass.cpp.o)
                0x000823a4                UARTClass::begin(unsigned long)
 .text._ZN9UARTClass10IrqHandlerEv
                0x000823ac       0x5a C:\Users\Andreas Gruber\AppData\Local\Temp\VMBuilds\maya\arduino_due_x_dbg/core.a(UARTClass.cpp.o)
                0x000823ac                UARTClass::IrqHandler()
 .text._ZN10USARTClass5beginEm
                0x00082406        0x8 C:\Users\Andreas Gruber\AppData\Local\Temp\VMBuilds\maya\arduino_due_x_dbg/core.a(USARTClass.cpp.o)
                0x00082406                USARTClass::begin(unsigned long)
 *fill*         0x0008240e        0x2 
 .text._ZN10USARTClassC2EP5Usart4IRQnmP10RingBufferS4_
                0x00082410       0x24 C:\Users\Andreas Gruber\AppData\Local\Temp\VMBuilds\maya\arduino_due_x_dbg/core.a(USARTClass.cpp.o)
                0x00082410                USARTClass::USARTClass(Usart*, IRQn, unsigned long, RingBuffer*, RingBuffer*)
                0x00082410                USARTClass::USARTClass(Usart*, IRQn, unsigned long, RingBuffer*, RingBuffer*)
 .text._watchdogDefaultSetup
                0x00082434        0xc C:\Users\Andreas Gruber\AppData\Local\Temp\VMBuilds\maya\arduino_due_x_dbg/core.a(watchdog.cpp.o)
                0x00082434                _watchdogDefaultSetup
                0x00082434                watchdogSetup()
 .text.unlikely._ZL11USB_SendZlpv
                0x00082440       0x20 C:\Users\Andreas Gruber\AppData\Local\Temp\VMBuilds\maya\arduino_due_x_dbg/core.a(USBCore.cpp.o)
 .text._Z14USBD_Availablem
                0x00082460       0x2c C:\Users\Andreas Gruber\AppData\Local\Temp\VMBuilds\maya\arduino_due_x_dbg/core.a(USBCore.cpp.o)
                0x00082460                USBD_Available(unsigned long)
 .text._Z9USBD_RecvmPvm
                0x0008248c       0x7c C:\Users\Andreas Gruber\AppData\Local\Temp\VMBuilds\maya\arduino_due_x_dbg/core.a(USBCore.cpp.o)
                0x0008248c                USBD_Recv(unsigned long, void*, unsigned long)
 .text._Z9USBD_Recvm
                0x00082508       0x22 C:\Users\Andreas Gruber\AppData\Local\Temp\VMBuilds\maya\arduino_due_x_dbg/core.a(USBCore.cpp.o)
                0x00082508                USBD_Recv(unsigned long)
 *fill*         0x0008252a        0x2 
 .text._Z9USBD_SendmPKvm
                0x0008252c       0x4c C:\Users\Andreas Gruber\AppData\Local\Temp\VMBuilds\maya\arduino_due_x_dbg/core.a(USBCore.cpp.o)
                0x0008252c                USBD_Send(unsigned long, void const*, unsigned long)
 .text._Z16USBD_SendControlhPKvm
                0x00082578       0x40 C:\Users\Andreas Gruber\AppData\Local\Temp\VMBuilds\maya\arduino_due_x_dbg/core.a(USBCore.cpp.o)
                0x00082578                USBD_SendControl(unsigned char, void const*, unsigned long)
 .text.unlikely._ZL24USB_SendStringDescriptorPKhi
                0x000825b8       0x64 C:\Users\Andreas Gruber\AppData\Local\Temp\VMBuilds\maya\arduino_due_x_dbg/core.a(USBCore.cpp.o)
 .text._Z16USBD_RecvControlPvm
                0x0008261c       0x1c C:\Users\Andreas Gruber\AppData\Local\Temp\VMBuilds\maya\arduino_due_x_dbg/core.a(USBCore.cpp.o)
                0x0008261c                USBD_RecvControl(void*, unsigned long)
 .text._Z26USBD_ClassInterfaceRequestR8USBSetup
                0x00082638       0x1e C:\Users\Andreas Gruber\AppData\Local\Temp\VMBuilds\maya\arduino_due_x_dbg/core.a(USBCore.cpp.o)
                0x00082638                USBD_ClassInterfaceRequest(USBSetup&)
 .text._Z19USBD_SendInterfacesv
                0x00082656       0x22 C:\Users\Andreas Gruber\AppData\Local\Temp\VMBuilds\maya\arduino_due_x_dbg/core.a(USBCore.cpp.o)
                0x00082656                USBD_SendInterfaces()
 .text._Z24USBD_SendOtherInterfacesv
                0x00082678       0x22 C:\Users\Andreas Gruber\AppData\Local\Temp\VMBuilds\maya\arduino_due_x_dbg/core.a(USBCore.cpp.o)
                0x00082678                USBD_SendOtherInterfaces()
 .text._Z10USBD_Flushm
                0x0008269a       0x16 C:\Users\Andreas Gruber\AppData\Local\Temp\VMBuilds\maya\arduino_due_x_dbg/core.a(USBCore.cpp.o)
                0x0008269a                USBD_Flush(unsigned long)
 .text._ZN10USBDevice_C2Ev
                0x000826b0       0x24 C:\Users\Andreas Gruber\AppData\Local\Temp\VMBuilds\maya\arduino_due_x_dbg/core.a(USBCore.cpp.o)
                0x000826b0                USBDevice_::USBDevice_()
                0x000826b0                USBDevice_::USBDevice_()
 .text._ZN10USBDevice_6attachEv
                0x000826d4       0x20 C:\Users\Andreas Gruber\AppData\Local\Temp\VMBuilds\maya\arduino_due_x_dbg/core.a(USBCore.cpp.o)
                0x000826d4                USBDevice_::attach()
 .text.startup._GLOBAL__sub_I_EndPoints
                0x000826f4        0xc C:\Users\Andreas Gruber\AppData\Local\Temp\VMBuilds\maya\arduino_due_x_dbg/core.a(USBCore.cpp.o)
 .text._ZL7USB_ISRv
                0x00082700      0x454 C:\Users\Andreas Gruber\AppData\Local\Temp\VMBuilds\maya\arduino_due_x_dbg/core.a(USBCore.cpp.o)
 .text._ZN7Serial_9availableEv
                0x00082b54       0x18 C:\Users\Andreas Gruber\AppData\Local\Temp\VMBuilds\maya\arduino_due_x_dbg/core.a(CDC.cpp.o)
                0x00082b54                Serial_::available()
 .text._ZN7Serial_17availableForWriteEv
                0x00082b6c        0x6 C:\Users\Andreas Gruber\AppData\Local\Temp\VMBuilds\maya\arduino_due_x_dbg/core.a(CDC.cpp.o)
                0x00082b6c                Serial_::availableForWrite()
 *fill*         0x00082b72        0x2 
 .text._ZN7Serial_4peekEv
                0x00082b74       0x20 C:\Users\Andreas Gruber\AppData\Local\Temp\VMBuilds\maya\arduino_due_x_dbg/core.a(CDC.cpp.o)
                0x00082b74                Serial_::peek()
 .text._ZN7Serial_5writeEh
                0x00082b94       0x16 C:\Users\Andreas Gruber\AppData\Local\Temp\VMBuilds\maya\arduino_due_x_dbg/core.a(CDC.cpp.o)
                0x00082b94                Serial_::write(unsigned char)
 *fill*         0x00082baa        0x2 
 .text._ZN7Serial_4readEv
                0x00082bac       0x44 C:\Users\Andreas Gruber\AppData\Local\Temp\VMBuilds\maya\arduino_due_x_dbg/core.a(CDC.cpp.o)
                0x00082bac                Serial_::read()
 .text._ZN7Serial_5flushEv
                0x00082bf0        0x6 C:\Users\Andreas Gruber\AppData\Local\Temp\VMBuilds\maya\arduino_due_x_dbg/core.a(CDC.cpp.o)
                0x00082bf0                Serial_::flush()
 *fill*         0x00082bf6        0x2 
 .text._ZN7Serial_6acceptEv
                0x00082bf8       0x70 C:\Users\Andreas Gruber\AppData\Local\Temp\VMBuilds\maya\arduino_due_x_dbg/core.a(CDC.cpp.o)
                0x00082bf8                Serial_::accept()
 .text._ZN7Serial_5writeEPKhj
                0x00082c68       0x2c C:\Users\Andreas Gruber\AppData\Local\Temp\VMBuilds\maya\arduino_due_x_dbg/core.a(CDC.cpp.o)
                0x00082c68                Serial_::write(unsigned char const*, unsigned int)
 .text._Z16CDC_GetInterfacePh
                0x00082c94       0x14 C:\Users\Andreas Gruber\AppData\Local\Temp\VMBuilds\maya\arduino_due_x_dbg/core.a(CDC.cpp.o)
                0x00082c94                CDC_GetInterface(unsigned char*)
 .text._Z21CDC_GetOtherInterfacePh
                0x00082ca8       0x14 C:\Users\Andreas Gruber\AppData\Local\Temp\VMBuilds\maya\arduino_due_x_dbg/core.a(CDC.cpp.o)
                0x00082ca8                CDC_GetOtherInterface(unsigned char*)
 .text._Z9CDC_SetupR8USBSetup
                0x00082cbc       0x78 C:\Users\Andreas Gruber\AppData\Local\Temp\VMBuilds\maya\arduino_due_x_dbg/core.a(CDC.cpp.o)
                0x00082cbc                CDC_Setup(USBSetup&)
 .text.startup._GLOBAL__sub_I_cdc_rx_buffer
                0x00082d34       0x1c C:\Users\Andreas Gruber\AppData\Local\Temp\VMBuilds\maya\arduino_due_x_dbg/core.a(CDC.cpp.o)
 .text._ZN13PluggableUSB_12getInterfaceEPh
                0x00082d50       0x28 C:\Users\Andreas Gruber\AppData\Local\Temp\VMBuilds\maya\arduino_due_x_dbg/core.a(PluggableUSB.cpp.o)
                0x00082d50                PluggableUSB_::getInterface(unsigned char*)
 .text._ZN13PluggableUSB_13getDescriptorER8USBSetup
                0x00082d78       0x1c C:\Users\Andreas Gruber\AppData\Local\Temp\VMBuilds\maya\arduino_due_x_dbg/core.a(PluggableUSB.cpp.o)
                0x00082d78                PluggableUSB_::getDescriptor(USBSetup&)
 .text._ZN13PluggableUSB_12getShortNameEPc
                0x00082d94       0x1c C:\Users\Andreas Gruber\AppData\Local\Temp\VMBuilds\maya\arduino_due_x_dbg/core.a(PluggableUSB.cpp.o)
                0x00082d94                PluggableUSB_::getShortName(char*)
 .text._ZN13PluggableUSB_5setupER8USBSetup
                0x00082db0       0x20 C:\Users\Andreas Gruber\AppData\Local\Temp\VMBuilds\maya\arduino_due_x_dbg/core.a(PluggableUSB.cpp.o)
                0x00082db0                PluggableUSB_::setup(USBSetup&)
 .text._Z12PluggableUSBv
                0x00082dd0       0x28 C:\Users\Andreas Gruber\AppData\Local\Temp\VMBuilds\maya\arduino_due_x_dbg/core.a(PluggableUSB.cpp.o)
                0x00082dd0                PluggableUSB()
 .text.TimeTick_Increment
                0x00082df8       0x10 C:\Users\Andreas Gruber\AppData\Local\arduino15\packages\arduino\hardware\sam\1.6.9\variants\arduino_due_x/libsam_sam3x8e_gcc_rel.a(timetick.o)
                0x00082df8                TimeTick_Increment
 .text.GetTickCount
                0x00082e08        0xc C:\Users\Andreas Gruber\AppData\Local\arduino15\packages\arduino\hardware\sam\1.6.9\variants\arduino_due_x/libsam_sam3x8e_gcc_rel.a(timetick.o)
                0x00082e08                GetTickCount
 .text.WDT_Disable
                0x00082e14        0x8 C:\Users\Andreas Gruber\AppData\Local\arduino15\packages\arduino\hardware\sam\1.6.9\variants\arduino_due_x/libsam_sam3x8e_gcc_rel.a(wdt.o)
                0x00082e14                WDT_Disable
 .text.UDD_SetStack
                0x00082e1c        0xc C:\Users\Andreas Gruber\AppData\Local\arduino15\packages\arduino\hardware\sam\1.6.9\variants\arduino_due_x/libsam_sam3x8e_gcc_rel.a(uotghs_device.o)
                0x00082e1c                UDD_SetStack
 .text.UDD_Init
                0x00082e28       0xd0 C:\Users\Andreas Gruber\AppData\Local\arduino15\packages\arduino\hardware\sam\1.6.9\variants\arduino_due_x/libsam_sam3x8e_gcc_rel.a(uotghs_device.o)
                0x00082e28                UDD_Init
 .text.UDD_Attach
                0x00082ef8       0x50 C:\Users\Andreas Gruber\AppData\Local\arduino15\packages\arduino\hardware\sam\1.6.9\variants\arduino_due_x/libsam_sam3x8e_gcc_rel.a(uotghs_device.o)
                0x00082ef8                UDD_Attach
 .text.UDD_InitEP
                0x00082f48       0x2c C:\Users\Andreas Gruber\AppData\Local\arduino15\packages\arduino\hardware\sam\1.6.9\variants\arduino_due_x/libsam_sam3x8e_gcc_rel.a(uotghs_device.o)
                0x00082f48                UDD_InitEP
 .text.UDD_InitEndpoints
                0x00082f74       0x3c C:\Users\Andreas Gruber\AppData\Local\arduino15\packages\arduino\hardware\sam\1.6.9\variants\arduino_due_x/libsam_sam3x8e_gcc_rel.a(uotghs_device.o)
                0x00082f74                UDD_InitEndpoints
 .text.UDD_WaitIN
                0x00082fb0       0x10 C:\Users\Andreas Gruber\AppData\Local\arduino15\packages\arduino\hardware\sam\1.6.9\variants\arduino_due_x/libsam_sam3x8e_gcc_rel.a(uotghs_device.o)
                0x00082fb0                UDD_WaitIN
 .text.UDD_WaitOUT
                0x00082fc0       0x10 C:\Users\Andreas Gruber\AppData\Local\arduino15\packages\arduino\hardware\sam\1.6.9\variants\arduino_due_x/libsam_sam3x8e_gcc_rel.a(uotghs_device.o)
                0x00082fc0                UDD_WaitOUT
 .text.UDD_ClearIN
                0x00082fd0       0x18 C:\Users\Andreas Gruber\AppData\Local\arduino15\packages\arduino\hardware\sam\1.6.9\variants\arduino_due_x/libsam_sam3x8e_gcc_rel.a(uotghs_device.o)
                0x00082fd0                UDD_ClearIN
 .text.UDD_ClearOUT
                0x00082fe8       0x18 C:\Users\Andreas Gruber\AppData\Local\arduino15\packages\arduino\hardware\sam\1.6.9\variants\arduino_due_x/libsam_sam3x8e_gcc_rel.a(uotghs_device.o)
                0x00082fe8                UDD_ClearOUT
 .text.UDD_ReceivedSetupInt
                0x00083000       0x10 C:\Users\Andreas Gruber\AppData\Local\arduino15\packages\arduino\hardware\sam\1.6.9\variants\arduino_due_x/libsam_sam3x8e_gcc_rel.a(uotghs_device.o)
                0x00083000                UDD_ReceivedSetupInt
 .text.UDD_ClearSetupInt
                0x00083010       0x10 C:\Users\Andreas Gruber\AppData\Local\arduino15\packages\arduino\hardware\sam\1.6.9\variants\arduino_due_x/libsam_sam3x8e_gcc_rel.a(uotghs_device.o)
                0x00083010                UDD_ClearSetupInt
 .text.UDD_Send
                0x00083020       0x88 C:\Users\Andreas Gruber\AppData\Local\arduino15\packages\arduino\hardware\sam\1.6.9\variants\arduino_due_x/libsam_sam3x8e_gcc_rel.a(uotghs_device.o)
                0x00083020                UDD_Send
 .text.UDD_Send8
                0x000830a8       0x24 C:\Users\Andreas Gruber\AppData\Local\arduino15\packages\arduino\hardware\sam\1.6.9\variants\arduino_due_x/libsam_sam3x8e_gcc_rel.a(uotghs_device.o)
                0x000830a8                UDD_Send8
 .text.UDD_Recv8
                0x000830cc       0x28 C:\Users\Andreas Gruber\AppData\Local\arduino15\packages\arduino\hardware\sam\1.6.9\variants\arduino_due_x/libsam_sam3x8e_gcc_rel.a(uotghs_device.o)
                0x000830cc                UDD_Recv8
 .text.UDD_Recv
                0x000830f4       0x34 C:\Users\Andreas Gruber\AppData\Local\arduino15\packages\arduino\hardware\sam\1.6.9\variants\arduino_due_x/libsam_sam3x8e_gcc_rel.a(uotghs_device.o)
                0x000830f4                UDD_Recv
 .text.UDD_Stall
                0x00083128       0x14 C:\Users\Andreas Gruber\AppData\Local\arduino15\packages\arduino\hardware\sam\1.6.9\variants\arduino_due_x/libsam_sam3x8e_gcc_rel.a(uotghs_device.o)
                0x00083128                UDD_Stall
 .text.UDD_FifoByteCount
                0x0008313c       0x14 C:\Users\Andreas Gruber\AppData\Local\arduino15\packages\arduino\hardware\sam\1.6.9\variants\arduino_due_x/libsam_sam3x8e_gcc_rel.a(uotghs_device.o)
                0x0008313c                UDD_FifoByteCount
 .text.UDD_ReleaseRX
                0x00083150       0x28 C:\Users\Andreas Gruber\AppData\Local\arduino15\packages\arduino\hardware\sam\1.6.9\variants\arduino_due_x/libsam_sam3x8e_gcc_rel.a(uotghs_device.o)
                0x00083150                UDD_ReleaseRX
 .text.UDD_ReleaseTX
                0x00083178       0x28 C:\Users\Andreas Gruber\AppData\Local\arduino15\packages\arduino\hardware\sam\1.6.9\variants\arduino_due_x/libsam_sam3x8e_gcc_rel.a(uotghs_device.o)
                0x00083178                UDD_ReleaseTX
 .text.UDD_SetAddress
                0x000831a0       0x20 C:\Users\Andreas Gruber\AppData\Local\arduino15\packages\arduino\hardware\sam\1.6.9\variants\arduino_due_x/libsam_sam3x8e_gcc_rel.a(uotghs_device.o)
                0x000831a0                UDD_SetAddress
 .text.cos      0x000831c0       0x8c c:/users/andreas gruber/appdata/local/arduino15/packages/arduino/tools/arm-none-eabi-gcc/4.8.3-2014q1/bin/../lib/gcc/arm-none-eabi/4.8.3/../../../../arm-none-eabi/lib/armv7-m\libm.a(lib_a-s_cos.o)
                0x000831c0                cos
 .text.sin      0x0008324c       0x94 c:/users/andreas gruber/appdata/local/arduino15/packages/arduino/tools/arm-none-eabi-gcc/4.8.3-2014q1/bin/../lib/gcc/arm-none-eabi/4.8.3/../../../../arm-none-eabi/lib/armv7-m\libm.a(lib_a-s_sin.o)
                0x0008324c                sin
 .text.__ieee754_rem_pio2
                0x000832e0      0x440 c:/users/andreas gruber/appdata/local/arduino15/packages/arduino/tools/arm-none-eabi-gcc/4.8.3-2014q1/bin/../lib/gcc/arm-none-eabi/4.8.3/../../../../arm-none-eabi/lib/armv7-m\libm.a(lib_a-e_rem_pio2.o)
                0x000832e0                __ieee754_rem_pio2
 .text.__kernel_cos
                0x00083720      0x248 c:/users/andreas gruber/appdata/local/arduino15/packages/arduino/tools/arm-none-eabi-gcc/4.8.3-2014q1/bin/../lib/gcc/arm-none-eabi/4.8.3/../../../../arm-none-eabi/lib/armv7-m\libm.a(lib_a-k_cos.o)
                0x00083720                __kernel_cos
 .text.__kernel_rem_pio2
                0x00083968      0x7bc c:/users/andreas gruber/appdata/local/arduino15/packages/arduino/tools/arm-none-eabi-gcc/4.8.3-2014q1/bin/../lib/gcc/arm-none-eabi/4.8.3/../../../../arm-none-eabi/lib/armv7-m\libm.a(lib_a-k_rem_pio2.o)
                0x00083968                __kernel_rem_pio2
 *fill*         0x00084124        0x4 
 .text.__kernel_sin
                0x00084128      0x170 c:/users/andreas gruber/appdata/local/arduino15/packages/arduino/tools/arm-none-eabi-gcc/4.8.3-2014q1/bin/../lib/gcc/arm-none-eabi/4.8.3/../../../../arm-none-eabi/lib/armv7-m\libm.a(lib_a-k_sin.o)
                0x00084128                __kernel_sin
 .text.fabs     0x00084298        0x8 c:/users/andreas gruber/appdata/local/arduino15/packages/arduino/tools/arm-none-eabi-gcc/4.8.3-2014q1/bin/../lib/gcc/arm-none-eabi/4.8.3/../../../../arm-none-eabi/lib/armv7-m\libm.a(lib_a-s_fabs.o)
                0x00084298                fabs
 .text.floor    0x000842a0      0x120 c:/users/andreas gruber/appdata/local/arduino15/packages/arduino/tools/arm-none-eabi-gcc/4.8.3-2014q1/bin/../lib/gcc/arm-none-eabi/4.8.3/../../../../arm-none-eabi/lib/armv7-m\libm.a(lib_a-s_floor.o)
                0x000842a0                floor
 .text.scalbn   0x000843c0      0x100 c:/users/andreas gruber/appdata/local/arduino15/packages/arduino/tools/arm-none-eabi-gcc/4.8.3-2014q1/bin/../lib/gcc/arm-none-eabi/4.8.3/../../../../arm-none-eabi/lib/armv7-m\libm.a(lib_a-s_scalbn.o)
                0x000843c0                scalbn
 .text.copysign
                0x000844c0       0x14 c:/users/andreas gruber/appdata/local/arduino15/packages/arduino/tools/arm-none-eabi-gcc/4.8.3-2014q1/bin/../lib/gcc/arm-none-eabi/4.8.3/../../../../arm-none-eabi/lib/armv7-m\libm.a(lib_a-s_copysign.o)
                0x000844c0                copysign
 .text          0x000844d4      0x370 c:/users/andreas gruber/appdata/local/arduino15/packages/arduino/tools/arm-none-eabi-gcc/4.8.3-2014q1/bin/../lib/gcc/arm-none-eabi/4.8.3/armv7-m\libgcc.a(_arm_addsubdf3.o)
                0x000844d4                __aeabi_drsub
                0x000844dc                __aeabi_dsub
                0x000844dc                __subdf3
                0x000844e0                __aeabi_dadd
                0x000844e0                __adddf3
                0x00084758                __floatunsidf
                0x00084758                __aeabi_ui2d
                0x00084778                __floatsidf
                0x00084778                __aeabi_i2d
                0x0008479c                __aeabi_f2d
                0x0008479c                __extendsfdf2
                0x000847d8                __floatundidf
                0x000847d8                __aeabi_ul2d
                0x000847e8                __floatdidf
                0x000847e8                __aeabi_l2d
 .text          0x00084844      0x424 c:/users/andreas gruber/appdata/local/arduino15/packages/arduino/tools/arm-none-eabi-gcc/4.8.3-2014q1/bin/../lib/gcc/arm-none-eabi/4.8.3/armv7-m\libgcc.a(_arm_muldivdf3.o)
                0x00084844                __aeabi_dmul
                0x00084844                __muldf3
                0x00084a98                __divdf3
                0x00084a98                __aeabi_ddiv
 .text          0x00084c68      0x110 c:/users/andreas gruber/appdata/local/arduino15/packages/arduino/tools/arm-none-eabi-gcc/4.8.3-2014q1/bin/../lib/gcc/arm-none-eabi/4.8.3/armv7-m\libgcc.a(_arm_cmpdf2.o)
                0x00084c68                __gtdf2
                0x00084c68                __gedf2
                0x00084c70                __ltdf2
                0x00084c70                __ledf2
                0x00084c78                __nedf2
                0x00084c78                __eqdf2
                0x00084c78                __cmpdf2
                0x00084cf4                __aeabi_cdrcmple
                0x00084d04                __aeabi_cdcmpeq
                0x00084d04                __aeabi_cdcmple
                0x00084d14                __aeabi_dcmpeq
                0x00084d28                __aeabi_dcmplt
                0x00084d3c                __aeabi_dcmple
                0x00084d50                __aeabi_dcmpge
                0x00084d64                __aeabi_dcmpgt
 .text          0x00084d78       0x50 c:/users/andreas gruber/appdata/local/arduino15/packages/arduino/tools/arm-none-eabi-gcc/4.8.3-2014q1/bin/../lib/gcc/arm-none-eabi/4.8.3/armv7-m\libgcc.a(_arm_fixdfsi.o)
                0x00084d78                __aeabi_d2iz
                0x00084d78                __fixdfsi
 .text          0x00084dc8       0x40 c:/users/andreas gruber/appdata/local/arduino15/packages/arduino/tools/arm-none-eabi-gcc/4.8.3-2014q1/bin/../lib/gcc/arm-none-eabi/4.8.3/armv7-m\libgcc.a(_arm_fixunsdfsi.o)
                0x00084dc8                __aeabi_d2uiz
                0x00084dc8                __fixunsdfsi
 .text.__assert_func
                0x00084e08       0x3c c:/users/andreas gruber/appdata/local/arduino15/packages/arduino/tools/arm-none-eabi-gcc/4.8.3-2014q1/bin/../lib/gcc/arm-none-eabi/4.8.3/../../../../arm-none-eabi/lib/armv7-m\libg.a(lib_a-assert.o)
                0x00084e08                __assert_func
 .text.fiprintf
                0x00084e44       0x28 c:/users/andreas gruber/appdata/local/arduino15/packages/arduino/tools/arm-none-eabi-gcc/4.8.3-2014q1/bin/../lib/gcc/arm-none-eabi/4.8.3/../../../../arm-none-eabi/lib/armv7-m\libg.a(lib_a-fiprintf.o)
                0x00084e44                fiprintf
 .text.__libc_init_array
                0x00084e6c       0x50 c:/users/andreas gruber/appdata/local/arduino15/packages/arduino/tools/arm-none-eabi-gcc/4.8.3-2014q1/bin/../lib/gcc/arm-none-eabi/4.8.3/../../../../arm-none-eabi/lib/armv7-m\libg.a(lib_a-init.o)
                0x00084e6c                __libc_init_array
 .text.iprintf  0x00084ebc       0x28 c:/users/andreas gruber/appdata/local/arduino15/packages/arduino/tools/arm-none-eabi-gcc/4.8.3-2014q1/bin/../lib/gcc/arm-none-eabi/4.8.3/../../../../arm-none-eabi/lib/armv7-m\libg.a(lib_a-iprintf.o)
                0x00084ebc                iprintf
 .text.malloc   0x00084ee4       0x10 c:/users/andreas gruber/appdata/local/arduino15/packages/arduino/tools/arm-none-eabi-gcc/4.8.3-2014q1/bin/../lib/gcc/arm-none-eabi/4.8.3/../../../../arm-none-eabi/lib/armv7-m\libg.a(lib_a-malloc.o)
                0x00084ee4                malloc
 .text._malloc_r
                0x00084ef4      0x538 c:/users/andreas gruber/appdata/local/arduino15/packages/arduino/tools/arm-none-eabi-gcc/4.8.3-2014q1/bin/../lib/gcc/arm-none-eabi/4.8.3/../../../../arm-none-eabi/lib/armv7-m\libg.a(lib_a-mallocr.o)
                0x00084ef4                _malloc_r
 .text.memset   0x0008542c       0x94 c:/users/andreas gruber/appdata/local/arduino15/packages/arduino/tools/arm-none-eabi-gcc/4.8.3-2014q1/bin/../lib/gcc/arm-none-eabi/4.8.3/../../../../arm-none-eabi/lib/armv7-m\libg.a(lib_a-memset.o)
                0x0008542c                memset
 .text.__malloc_lock
                0x000854c0        0x4 c:/users/andreas gruber/appdata/local/arduino15/packages/arduino/tools/arm-none-eabi-gcc/4.8.3-2014q1/bin/../lib/gcc/arm-none-eabi/4.8.3/../../../../arm-none-eabi/lib/armv7-m\libg.a(lib_a-mlock.o)
                0x000854c0                __malloc_lock
 .text.__malloc_unlock
                0x000854c4        0x4 c:/users/andreas gruber/appdata/local/arduino15/packages/arduino/tools/arm-none-eabi-gcc/4.8.3-2014q1/bin/../lib/gcc/arm-none-eabi/4.8.3/../../../../arm-none-eabi/lib/armv7-m\libg.a(lib_a-mlock.o)
                0x000854c4                __malloc_unlock
 .text._sbrk_r  0x000854c8       0x24 c:/users/andreas gruber/appdata/local/arduino15/packages/arduino/tools/arm-none-eabi-gcc/4.8.3-2014q1/bin/../lib/gcc/arm-none-eabi/4.8.3/../../../../arm-none-eabi/lib/armv7-m\libg.a(lib_a-sbrkr.o)
                0x000854c8                _sbrk_r
 .text.strlen   0x000854ec       0x60 c:/users/andreas gruber/appdata/local/arduino15/packages/arduino/tools/arm-none-eabi-gcc/4.8.3-2014q1/bin/../lib/gcc/arm-none-eabi/4.8.3/../../../../arm-none-eabi/lib/armv7-m\libg.a(lib_a-strlen.o)
                0x000854ec                strlen
 .text.kill     0x0008554c       0x10 c:/users/andreas gruber/appdata/local/arduino15/packages/arduino/tools/arm-none-eabi-gcc/4.8.3-2014q1/bin/../lib/gcc/arm-none-eabi/4.8.3/../../../../arm-none-eabi/lib/armv7-m\libg.a(lib_a-syskill.o)
                0x0008554c                kill
 .text.__sprint_r.part.0
                0x0008555c       0x78 c:/users/andreas gruber/appdata/local/arduino15/packages/arduino/tools/arm-none-eabi-gcc/4.8.3-2014q1/bin/../lib/gcc/arm-none-eabi/4.8.3/../../../../arm-none-eabi/lib/armv7-m\libg.a(lib_a-vfiprintf.o)
 .text._vfiprintf_r
                0x000855d4      0xc54 c:/users/andreas gruber/appdata/local/arduino15/packages/arduino/tools/arm-none-eabi-gcc/4.8.3-2014q1/bin/../lib/gcc/arm-none-eabi/4.8.3/../../../../arm-none-eabi/lib/armv7-m\libg.a(lib_a-vfiprintf.o)
                0x000855d4                _vfiprintf_r
 .text.__sbprintf
                0x00086228       0x7c c:/users/andreas gruber/appdata/local/arduino15/packages/arduino/tools/arm-none-eabi-gcc/4.8.3-2014q1/bin/../lib/gcc/arm-none-eabi/4.8.3/../../../../arm-none-eabi/lib/armv7-m\libg.a(lib_a-vfiprintf.o)
 .text.__swsetup_r
                0x000862a4       0xc4 c:/users/andreas gruber/appdata/local/arduino15/packages/arduino/tools/arm-none-eabi-gcc/4.8.3-2014q1/bin/../lib/gcc/arm-none-eabi/4.8.3/../../../../arm-none-eabi/lib/armv7-m\libg.a(lib_a-wsetup.o)
                0x000862a4                __swsetup_r
 .text.startup.register_fini
                0x00086368       0x14 c:/users/andreas gruber/appdata/local/arduino15/packages/arduino/tools/arm-none-eabi-gcc/4.8.3-2014q1/bin/../lib/gcc/arm-none-eabi/4.8.3/../../../../arm-none-eabi/lib/armv7-m\libg.a(lib_a-__call_atexit.o)
 .text.abort    0x0008637c       0x10 c:/users/andreas gruber/appdata/local/arduino15/packages/arduino/tools/arm-none-eabi-gcc/4.8.3-2014q1/bin/../lib/gcc/arm-none-eabi/4.8.3/../../../../arm-none-eabi/lib/armv7-m\libg.a(lib_a-abort.o)
                0x0008637c                abort
 .text.atexit   0x0008638c        0xc c:/users/andreas gruber/appdata/local/arduino15/packages/arduino/tools/arm-none-eabi-gcc/4.8.3-2014q1/bin/../lib/gcc/arm-none-eabi/4.8.3/../../../../arm-none-eabi/lib/armv7-m\libg.a(lib_a-atexit.o)
                0x0008638c                atexit
 .text.__sflush_r
                0x00086398      0x148 c:/users/andreas gruber/appdata/local/arduino15/packages/arduino/tools/arm-none-eabi-gcc/4.8.3-2014q1/bin/../lib/gcc/arm-none-eabi/4.8.3/../../../../arm-none-eabi/lib/armv7-m\libg.a(lib_a-fflush.o)
                0x00086398                __sflush_r
 .text._fflush_r
                0x000864e0       0x2c c:/users/andreas gruber/appdata/local/arduino15/packages/arduino/tools/arm-none-eabi-gcc/4.8.3-2014q1/bin/../lib/gcc/arm-none-eabi/4.8.3/../../../../arm-none-eabi/lib/armv7-m\libg.a(lib_a-fflush.o)
                0x000864e0                _fflush_r
 .text._cleanup_r
                0x0008650c        0xc c:/users/andreas gruber/appdata/local/arduino15/packages/arduino/tools/arm-none-eabi-gcc/4.8.3-2014q1/bin/../lib/gcc/arm-none-eabi/4.8.3/../../../../arm-none-eabi/lib/armv7-m\libg.a(lib_a-findfp.o)
                0x0008650c                _cleanup_r
 .text.__sinit  0x00086518       0xf4 c:/users/andreas gruber/appdata/local/arduino15/packages/arduino/tools/arm-none-eabi-gcc/4.8.3-2014q1/bin/../lib/gcc/arm-none-eabi/4.8.3/../../../../arm-none-eabi/lib/armv7-m\libg.a(lib_a-findfp.o)
                0x00086518                __sinit
 .text.__sfp_lock_acquire
                0x0008660c        0x4 c:/users/andreas gruber/appdata/local/arduino15/packages/arduino/tools/arm-none-eabi-gcc/4.8.3-2014q1/bin/../lib/gcc/arm-none-eabi/4.8.3/../../../../arm-none-eabi/lib/armv7-m\libg.a(lib_a-findfp.o)
                0x0008660c                __sfp_lock_acquire
 .text.__sfp_lock_release
                0x00086610        0x4 c:/users/andreas gruber/appdata/local/arduino15/packages/arduino/tools/arm-none-eabi-gcc/4.8.3-2014q1/bin/../lib/gcc/arm-none-eabi/4.8.3/../../../../arm-none-eabi/lib/armv7-m\libg.a(lib_a-findfp.o)
                0x00086610                __sfp_lock_release
 .text.__libc_fini_array
                0x00086614       0x30 c:/users/andreas gruber/appdata/local/arduino15/packages/arduino/tools/arm-none-eabi-gcc/4.8.3-2014q1/bin/../lib/gcc/arm-none-eabi/4.8.3/../../../../arm-none-eabi/lib/armv7-m\libg.a(lib_a-fini.o)
                0x00086614                __libc_fini_array
 .text._fputwc_r
                0x00086644       0xc0 c:/users/andreas gruber/appdata/local/arduino15/packages/arduino/tools/arm-none-eabi-gcc/4.8.3-2014q1/bin/../lib/gcc/arm-none-eabi/4.8.3/../../../../arm-none-eabi/lib/armv7-m\libg.a(lib_a-fputwc.o)
                0x00086644                _fputwc_r
 .text._malloc_trim_r
                0x00086704       0x9c c:/users/andreas gruber/appdata/local/arduino15/packages/arduino/tools/arm-none-eabi-gcc/4.8.3-2014q1/bin/../lib/gcc/arm-none-eabi/4.8.3/../../../../arm-none-eabi/lib/armv7-m\libg.a(lib_a-freer.o)
                0x00086704                _malloc_trim_r
 .text._free_r  0x000867a0      0x198 c:/users/andreas gruber/appdata/local/arduino15/packages/arduino/tools/arm-none-eabi-gcc/4.8.3-2014q1/bin/../lib/gcc/arm-none-eabi/4.8.3/../../../../arm-none-eabi/lib/armv7-m\libg.a(lib_a-freer.o)
                0x000867a0                _free_r
 .text.__sfvwrite_r
                0x00086938      0x314 c:/users/andreas gruber/appdata/local/arduino15/packages/arduino/tools/arm-none-eabi-gcc/4.8.3-2014q1/bin/../lib/gcc/arm-none-eabi/4.8.3/../../../../arm-none-eabi/lib/armv7-m\libg.a(lib_a-fvwrite.o)
                0x00086938                __sfvwrite_r
 .text._fwalk   0x00086c4c       0x48 c:/users/andreas gruber/appdata/local/arduino15/packages/arduino/tools/arm-none-eabi-gcc/4.8.3-2014q1/bin/../lib/gcc/arm-none-eabi/4.8.3/../../../../arm-none-eabi/lib/armv7-m\libg.a(lib_a-fwalk.o)
                0x00086c4c                _fwalk
 .text.__locale_charset
                0x00086c94        0x8 c:/users/andreas gruber/appdata/local/arduino15/packages/arduino/tools/arm-none-eabi-gcc/4.8.3-2014q1/bin/../lib/gcc/arm-none-eabi/4.8.3/../../../../arm-none-eabi/lib/armv7-m\libg.a(lib_a-locale.o)
                0x00086c94                __locale_charset
 .text.__locale_mb_cur_max
                0x00086c9c        0xc c:/users/andreas gruber/appdata/local/arduino15/packages/arduino/tools/arm-none-eabi-gcc/4.8.3-2014q1/bin/../lib/gcc/arm-none-eabi/4.8.3/../../../../arm-none-eabi/lib/armv7-m\libg.a(lib_a-locale.o)
                0x00086c9c                __locale_mb_cur_max
 .text.__smakebuf_r
                0x00086ca8       0xe0 c:/users/andreas gruber/appdata/local/arduino15/packages/arduino/tools/arm-none-eabi-gcc/4.8.3-2014q1/bin/../lib/gcc/arm-none-eabi/4.8.3/../../../../arm-none-eabi/lib/armv7-m\libg.a(lib_a-makebuf.o)
                0x00086ca8                __smakebuf_r
 .text.memchr   0x00086d88       0x94 c:/users/andreas gruber/appdata/local/arduino15/packages/arduino/tools/arm-none-eabi-gcc/4.8.3-2014q1/bin/../lib/gcc/arm-none-eabi/4.8.3/../../../../arm-none-eabi/lib/armv7-m\libg.a(lib_a-memchr-stub.o)
                0x00086d88                memchr
 .text          0x00086e1c       0xec c:/users/andreas gruber/appdata/local/arduino15/packages/arduino/tools/arm-none-eabi-gcc/4.8.3-2014q1/bin/../lib/gcc/arm-none-eabi/4.8.3/../../../../arm-none-eabi/lib/armv7-m\libg.a(lib_a-memcpy.o)
                0x00086e1c                memcpy
 .text.memmove  0x00086f08       0xcc c:/users/andreas gruber/appdata/local/arduino15/packages/arduino/tools/arm-none-eabi-gcc/4.8.3-2014q1/bin/../lib/gcc/arm-none-eabi/4.8.3/../../../../arm-none-eabi/lib/armv7-m\libg.a(lib_a-memmove.o)
                0x00086f08                memmove
 .text._realloc_r
                0x00086fd4      0x3c0 c:/users/andreas gruber/appdata/local/arduino15/packages/arduino/tools/arm-none-eabi-gcc/4.8.3-2014q1/bin/../lib/gcc/arm-none-eabi/4.8.3/../../../../arm-none-eabi/lib/armv7-m\libg.a(lib_a-reallocr.o)
                0x00086fd4                _realloc_r
 .text._raise_r
                0x00087394       0x58 c:/users/andreas gruber/appdata/local/arduino15/packages/arduino/tools/arm-none-eabi-gcc/4.8.3-2014q1/bin/../lib/gcc/arm-none-eabi/4.8.3/../../../../arm-none-eabi/lib/armv7-m\libg.a(lib_a-signal.o)
                0x00087394                _raise_r
 .text.raise    0x000873ec       0x10 c:/users/andreas gruber/appdata/local/arduino15/packages/arduino/tools/arm-none-eabi-gcc/4.8.3-2014q1/bin/../lib/gcc/arm-none-eabi/4.8.3/../../../../arm-none-eabi/lib/armv7-m\libg.a(lib_a-signal.o)
                0x000873ec                raise
 .text._kill_r  0x000873fc       0x28 c:/users/andreas gruber/appdata/local/arduino15/packages/arduino/tools/arm-none-eabi-gcc/4.8.3-2014q1/bin/../lib/gcc/arm-none-eabi/4.8.3/../../../../arm-none-eabi/lib/armv7-m\libg.a(lib_a-signalr.o)
                0x000873fc                _kill_r
 .text._getpid_r
                0x00087424        0x4 c:/users/andreas gruber/appdata/local/arduino15/packages/arduino/tools/arm-none-eabi-gcc/4.8.3-2014q1/bin/../lib/gcc/arm-none-eabi/4.8.3/../../../../arm-none-eabi/lib/armv7-m\libg.a(lib_a-signalr.o)
                0x00087424                _getpid_r
 .text.__sread  0x00087428       0x24 c:/users/andreas gruber/appdata/local/arduino15/packages/arduino/tools/arm-none-eabi-gcc/4.8.3-2014q1/bin/../lib/gcc/arm-none-eabi/4.8.3/../../../../arm-none-eabi/lib/armv7-m\libg.a(lib_a-stdio.o)
                0x00087428                __sread
 .text.__swrite
                0x0008744c       0x38 c:/users/andreas gruber/appdata/local/arduino15/packages/arduino/tools/arm-none-eabi-gcc/4.8.3-2014q1/bin/../lib/gcc/arm-none-eabi/4.8.3/../../../../arm-none-eabi/lib/armv7-m\libg.a(lib_a-stdio.o)
                0x0008744c                __swrite
 .text.__sseek  0x00087484       0x20 c:/users/andreas gruber/appdata/local/arduino15/packages/arduino/tools/arm-none-eabi-gcc/4.8.3-2014q1/bin/../lib/gcc/arm-none-eabi/4.8.3/../../../../arm-none-eabi/lib/armv7-m\libg.a(lib_a-stdio.o)
                0x00087484                __sseek
 .text.__sclose
                0x000874a4        0x8 c:/users/andreas gruber/appdata/local/arduino15/packages/arduino/tools/arm-none-eabi-gcc/4.8.3-2014q1/bin/../lib/gcc/arm-none-eabi/4.8.3/../../../../arm-none-eabi/lib/armv7-m\libg.a(lib_a-stdio.o)
                0x000874a4                __sclose
 .text.__swbuf_r
                0x000874ac       0xa8 c:/users/andreas gruber/appdata/local/arduino15/packages/arduino/tools/arm-none-eabi-gcc/4.8.3-2014q1/bin/../lib/gcc/arm-none-eabi/4.8.3/../../../../arm-none-eabi/lib/armv7-m\libg.a(lib_a-wbuf.o)
                0x000874ac                __swbuf_r
 .text._wcrtomb_r
                0x00087554       0x50 c:/users/andreas gruber/appdata/local/arduino15/packages/arduino/tools/arm-none-eabi-gcc/4.8.3-2014q1/bin/../lib/gcc/arm-none-eabi/4.8.3/../../../../arm-none-eabi/lib/armv7-m\libg.a(lib_a-wcrtomb.o)
                0x00087554                _wcrtomb_r
 .text.__ascii_wctomb
                0x000875a4       0x1c c:/users/andreas gruber/appdata/local/arduino15/packages/arduino/tools/arm-none-eabi-gcc/4.8.3-2014q1/bin/../lib/gcc/arm-none-eabi/4.8.3/../../../../arm-none-eabi/lib/armv7-m\libg.a(lib_a-wctomb_r.o)
                0x000875a4                __ascii_wctomb
 .text._write_r
                0x000875c0       0x28 c:/users/andreas gruber/appdata/local/arduino15/packages/arduino/tools/arm-none-eabi-gcc/4.8.3-2014q1/bin/../lib/gcc/arm-none-eabi/4.8.3/../../../../arm-none-eabi/lib/armv7-m\libg.a(lib_a-writer.o)
                0x000875c0                _write_r
 .text.__register_exitproc
                0x000875e8       0xa8 c:/users/andreas gruber/appdata/local/arduino15/packages/arduino/tools/arm-none-eabi-gcc/4.8.3-2014q1/bin/../lib/gcc/arm-none-eabi/4.8.3/../../../../arm-none-eabi/lib/armv7-m\libg.a(lib_a-__atexit.o)
                0x000875e8                __register_exitproc
 .text._close_r
                0x00087690       0x24 c:/users/andreas gruber/appdata/local/arduino15/packages/arduino/tools/arm-none-eabi-gcc/4.8.3-2014q1/bin/../lib/gcc/arm-none-eabi/4.8.3/../../../../arm-none-eabi/lib/armv7-m\libg.a(lib_a-closer.o)
                0x00087690                _close_r
 .text._fclose_r
                0x000876b4       0x80 c:/users/andreas gruber/appdata/local/arduino15/packages/arduino/tools/arm-none-eabi-gcc/4.8.3-2014q1/bin/../lib/gcc/arm-none-eabi/4.8.3/../../../../arm-none-eabi/lib/armv7-m\libg.a(lib_a-fclose.o)
                0x000876b4                _fclose_r
 .text.fclose   0x00087734       0x10 c:/users/andreas gruber/appdata/local/arduino15/packages/arduino/tools/arm-none-eabi-gcc/4.8.3-2014q1/bin/../lib/gcc/arm-none-eabi/4.8.3/../../../../arm-none-eabi/lib/armv7-m\libg.a(lib_a-fclose.o)
                0x00087734                fclose
 .text._fstat_r
                0x00087744       0x28 c:/users/andreas gruber/appdata/local/arduino15/packages/arduino/tools/arm-none-eabi-gcc/4.8.3-2014q1/bin/../lib/gcc/arm-none-eabi/4.8.3/../../../../arm-none-eabi/lib/armv7-m\libg.a(lib_a-fstatr.o)
                0x00087744                _fstat_r
 .text._isatty_r
                0x0008776c       0x24 c:/users/andreas gruber/appdata/local/arduino15/packages/arduino/tools/arm-none-eabi-gcc/4.8.3-2014q1/bin/../lib/gcc/arm-none-eabi/4.8.3/../../../../arm-none-eabi/lib/armv7-m\libg.a(lib_a-isattyr.o)
                0x0008776c                _isatty_r
 .text._lseek_r
                0x00087790       0x28 c:/users/andreas gruber/appdata/local/arduino15/packages/arduino/tools/arm-none-eabi-gcc/4.8.3-2014q1/bin/../lib/gcc/arm-none-eabi/4.8.3/../../../../arm-none-eabi/lib/armv7-m\libg.a(lib_a-lseekr.o)
                0x00087790                _lseek_r
 .text._read_r  0x000877b8       0x28 c:/users/andreas gruber/appdata/local/arduino15/packages/arduino/tools/arm-none-eabi-gcc/4.8.3-2014q1/bin/../lib/gcc/arm-none-eabi/4.8.3/../../../../arm-none-eabi/lib/armv7-m\libg.a(lib_a-readr.o)
                0x000877b8                _read_r
 .text          0x000877e0       0x2c c:/users/andreas gruber/appdata/local/arduino15/packages/arduino/tools/arm-none-eabi-gcc/4.8.3-2014q1/bin/../lib/gcc/arm-none-eabi/4.8.3/armv7-m\libgcc.a(_aeabi_uldivmod.o)
                0x000877e0                __aeabi_uldivmod
 .text          0x0008780c       0x60 c:/users/andreas gruber/appdata/local/arduino15/packages/arduino/tools/arm-none-eabi-gcc/4.8.3-2014q1/bin/../lib/gcc/arm-none-eabi/4.8.3/armv7-m\libgcc.a(bpabi.o)
                0x0008780c                __gnu_ldivmod_helper
                0x0008783c                __gnu_uldivmod_helper
 .text          0x0008786c        0x4 c:/users/andreas gruber/appdata/local/arduino15/packages/arduino/tools/arm-none-eabi-gcc/4.8.3-2014q1/bin/../lib/gcc/arm-none-eabi/4.8.3/armv7-m\libgcc.a(_dvmd_tls.o)
                0x0008786c                __aeabi_idiv0
                0x0008786c                __aeabi_ldiv0
 .text          0x00087870      0x2a0 c:/users/andreas gruber/appdata/local/arduino15/packages/arduino/tools/arm-none-eabi-gcc/4.8.3-2014q1/bin/../lib/gcc/arm-none-eabi/4.8.3/armv7-m\libgcc.a(_divdi3.o)
                0x00087870                __divdi3
 .text          0x00087b10      0x290 c:/users/andreas gruber/appdata/local/arduino15/packages/arduino/tools/arm-none-eabi-gcc/4.8.3-2014q1/bin/../lib/gcc/arm-none-eabi/4.8.3/armv7-m\libgcc.a(_udivdi3.o)
                0x00087b10                __udivdi3
 *(.glue_7t)
 .glue_7t       0x00000000        0x0 linker stubs
 *(.glue_7)
 .glue_7        0x00000000        0x0 linker stubs
 *(.rodata .rodata* .gnu.linkonce.r.*)
 .rodata._ZTV19SimpleLowPassFilterIdE
                0x00087da0       0x18 C:\Users\Andreas Gruber\AppData\Local\Temp\VMBuilds\maya\arduino_due_x_dbg\maya.cpp.o
                0x00087da0                vtable for SimpleLowPassFilter<double>
 .rodata._ZL23stepperWatcherInputPins
                0x00087db8        0x8 C:\Users\Andreas Gruber\AppData\Local\Temp\VMBuilds\maya\arduino_due_x_dbg\maya.cpp.o
 .rodata._ZL9pinSwitch
                0x00087dc0        0x5 C:\Users\Andreas Gruber\AppData\Local\Temp\VMBuilds\maya\arduino_due_x_dbg\maya.cpp.o
 .rodata._ZL20pinKnobEncoderButton
                0x00087dc5        0x3 C:\Users\Andreas Gruber\AppData\Local\Temp\VMBuilds\maya\arduino_due_x_dbg\maya.cpp.o
 .rodata._ZL13photoDiodePin
                0x00087dc8        0x4 C:\Users\Andreas Gruber\AppData\Local\Temp\VMBuilds\maya\arduino_due_x_dbg\maya.cpp.o
 .rodata._ZL16lightBarrierPins
                0x00087dcc        0x4 C:\Users\Andreas Gruber\AppData\Local\Temp\VMBuilds\maya\arduino_due_x_dbg\maya.cpp.o
 .rodata._ZL14pinKnobEncoder
                0x00087dd0        0x6 C:\Users\Andreas Gruber\AppData\Local\Temp\VMBuilds\maya\arduino_due_x_dbg\maya.cpp.o
 .rodata._ZL11stepperPins
                0x00087dd6        0xc C:\Users\Andreas Gruber\AppData\Local\Temp\VMBuilds\maya\arduino_due_x_dbg\maya.cpp.o
 .rodata.str1.1
                0x00087de2       0x27 C:\Users\Andreas Gruber\AppData\Local\Temp\VMBuilds\maya\arduino_due_x_dbg\maya.cpp.o
 *fill*         0x00087e09        0x7 
 .rodata._ZTV23DiodePositionController
                0x00087e10       0x10 C:\Users\Andreas Gruber\AppData\Local\Temp\VMBuilds\maya\arduino_due_x_dbg\diodePositionController.cpp.o
                0x00087e10                vtable for DiodePositionController
 .rodata._ZN7Encoder10encoderFsmE
                0x00087e20       0x10 C:\Users\Andreas Gruber\AppData\Local\Temp\VMBuilds\maya\arduino_due_x_dbg\encoder.cpp.o
                0x00087e20                Encoder::encoderFsm
 .rodata._ZTV7Encoder
                0x00087e30       0x10 C:\Users\Andreas Gruber\AppData\Local\Temp\VMBuilds\maya\arduino_due_x_dbg\encoder.cpp.o
                0x00087e30                vtable for Encoder
 .rodata._ZTV18PositionController
                0x00087e40       0x10 C:\Users\Andreas Gruber\AppData\Local\Temp\VMBuilds\maya\arduino_due_x_dbg\positionController.cpp.o
                0x00087e40                vtable for PositionController
 .rodata._ZTV17PositionerCounter
                0x00087e50       0x10 C:\Users\Andreas Gruber\AppData\Local\Temp\VMBuilds\maya\arduino_due_x_dbg\positionerCounter.cpp.o
                0x00087e50                vtable for PositionerCounter
 .rodata._ZN7Stepper3fsmE
                0x00087e60       0x20 C:\Users\Andreas Gruber\AppData\Local\Temp\VMBuilds\maya\arduino_due_x_dbg\stepper.cpp.o
                0x00087e60                Stepper::fsm
 .rodata._ZN14StepperWatcher12fsmStateCoilE
                0x00087e80       0x10 C:\Users\Andreas Gruber\AppData\Local\Temp\VMBuilds\maya\arduino_due_x_dbg\stepperWatcher.cpp.o
                0x00087e80                StepperWatcher::fsmStateCoil
 .rodata.g_APinDescription
                0x00087e90      0xa2c C:\Users\Andreas Gruber\AppData\Local\Temp\VMBuilds\maya\arduino_due_x_dbg\variant\variant.cpp.o
                0x00087e90                g_APinDescription
 .rodata.__func__.6792
                0x000888bc        0xd C:\Users\Andreas Gruber\AppData\Local\arduino15\packages\arduino\hardware\sam\1.6.9\variants\arduino_due_x/libsam_sam3x8e_gcc_rel.a(tc.o)
 .rodata.str1.1
                0x000888c9       0x54 C:\Users\Andreas Gruber\AppData\Local\arduino15\packages\arduino\hardware\sam\1.6.9\variants\arduino_due_x/libsam_sam3x8e_gcc_rel.a(tc.o)
 .rodata.__func__.6798
                0x0008891d        0x9 C:\Users\Andreas Gruber\AppData\Local\arduino15\packages\arduino\hardware\sam\1.6.9\variants\arduino_due_x/libsam_sam3x8e_gcc_rel.a(tc.o)
 *fill*         0x00088926        0x2 
 .rodata        0x00088928       0x40 C:\Users\Andreas Gruber\AppData\Local\arduino15\packages\arduino\hardware\sam\1.6.9\variants\arduino_due_x/libsam_sam3x8e_gcc_rel.a(adc.o)
 .rodata.str1.1
                0x00088968       0x19 C:\Users\Andreas Gruber\AppData\Local\Temp\VMBuilds\maya\arduino_due_x_dbg/core.a(syscalls_sam3.c.o)
 .rodata.str1.1
                0x00088981       0x11 C:\Users\Andreas Gruber\AppData\Local\Temp\VMBuilds\maya\arduino_due_x_dbg/core.a(Print.cpp.o)
 *fill*         0x00088992        0x6 
 .rodata._ZTV9UARTClass