Archive member included because of file (symbol)

C:\Users\Andreas Gruber\AppData\Local\arduino15\packages\arduino\hardware\sam\1.6.9\variants\arduino_due_x/libsam_sam3x8e_gcc_rel.a(pio.o)
                              C:\Users\Andreas Gruber\AppData\Local\Temp\VMBuilds\maya\arduino_due_x_dbg\variant\variant.cpp.o (PIO_Configure)
C:\Users\Andreas Gruber\AppData\Local\arduino15\packages\arduino\hardware\sam\1.6.9\variants\arduino_due_x/libsam_sam3x8e_gcc_rel.a(pmc.o)
                              C:\Users\Andreas Gruber\AppData\Local\Temp\VMBuilds\maya\arduino_due_x_dbg\timer.cpp.o (pmc_enable_periph_clk)
C:\Users\Andreas Gruber\AppData\Local\arduino15\packages\arduino\hardware\sam\1.6.9\variants\arduino_due_x/libsam_sam3x8e_gcc_rel.a(tc.o)
                              C:\Users\Andreas Gruber\AppData\Local\Temp\VMBuilds\maya\arduino_due_x_dbg\timer.cpp.o (TC_Configure)
C:\Users\Andreas Gruber\AppData\Local\arduino15\packages\arduino\hardware\sam\1.6.9\variants\arduino_due_x/libsam_sam3x8e_gcc_rel.a(system_sam3xa.o)
                              C:\Users\Andreas Gruber\AppData\Local\Temp\VMBuilds\maya\arduino_due_x_dbg\variant\variant.cpp.o (SystemInit)
C:\Users\Andreas Gruber\AppData\Local\arduino15\packages\arduino\hardware\sam\1.6.9\variants\arduino_due_x/libsam_sam3x8e_gcc_rel.a(startup_sam3xa.o)
                              (Reset_Handler)
C:\Users\Andreas Gruber\AppData\Local\arduino15\packages\arduino\hardware\sam\1.6.9\variants\arduino_due_x/libsam_sam3x8e_gcc_rel.a(adc.o)
                              C:\Users\Andreas Gruber\AppData\Local\Temp\VMBuilds\maya\arduino_due_x_dbg\variant\variant.cpp.o (adc_init)
C:\Users\Andreas Gruber\AppData\Local\arduino15\packages\arduino\hardware\sam\1.6.9\variants\arduino_due_x/libsam_sam3x8e_gcc_rel.a(uotghs.o)
                              C:\Users\Andreas Gruber\AppData\Local\arduino15\packages\arduino\hardware\sam\1.6.9\variants\arduino_due_x/libsam_sam3x8e_gcc_rel.a(startup_sam3xa.o) (UOTGHS_Handler)
C:\Users\Andreas Gruber\AppData\Local\Temp\VMBuilds\maya\arduino_due_x_dbg/core.a(cortex_handlers.c.o)
                              C:\Users\Andreas Gruber\AppData\Local\arduino15\packages\arduino\hardware\sam\1.6.9\variants\arduino_due_x/libsam_sam3x8e_gcc_rel.a(startup_sam3xa.o) (NMI_Handler)
C:\Users\Andreas Gruber\AppData\Local\Temp\VMBuilds\maya\arduino_due_x_dbg/core.a(hooks.c.o)
                              C:\Users\Andreas Gruber\AppData\Local\Temp\VMBuilds\maya\arduino_due_x_dbg/core.a(cortex_handlers.c.o) (sysTickHook)
C:\Users\Andreas Gruber\AppData\Local\Temp\VMBuilds\maya\arduino_due_x_dbg/core.a(syscalls_sam3.c.o)
                              (_sbrk)
C:\Users\Andreas Gruber\AppData\Local\Temp\VMBuilds\maya\arduino_due_x_dbg/core.a(WInterrupts.c.o)
                              C:\Users\Andreas Gruber\AppData\Local\Temp\VMBuilds\maya\arduino_due_x_dbg\maya.cpp.o (attachInterrupt)
C:\Users\Andreas Gruber\AppData\Local\Temp\VMBuilds\maya\arduino_due_x_dbg/core.a(wiring.c.o)
                              C:\Users\Andreas Gruber\AppData\Local\Temp\VMBuilds\maya\arduino_due_x_dbg\discPositioner.cpp.o (millis)
C:\Users\Andreas Gruber\AppData\Local\Temp\VMBuilds\maya\arduino_due_x_dbg/core.a(wiring_analog.c.o)
                              C:\Users\Andreas Gruber\AppData\Local\Temp\VMBuilds\maya\arduino_due_x_dbg\differenceIntensityLaserDetector.cpp.o (analogRead)
C:\Users\Andreas Gruber\AppData\Local\Temp\VMBuilds\maya\arduino_due_x_dbg/core.a(wiring_digital.c.o)
                              C:\Users\Andreas Gruber\AppData\Local\Temp\VMBuilds\maya\arduino_due_x_dbg\maya.cpp.o (pinMode)
C:\Users\Andreas Gruber\AppData\Local\Temp\VMBuilds\maya\arduino_due_x_dbg/core.a(abi.cpp.o)
                              C:\Users\Andreas Gruber\AppData\Local\Temp\VMBuilds\maya\arduino_due_x_dbg\maya.cpp.o (__cxa_pure_virtual)
C:\Users\Andreas Gruber\AppData\Local\Temp\VMBuilds\maya\arduino_due_x_dbg/core.a(main.cpp.o)
                              c:/users/andreas gruber/appdata/local/arduino15/packages/arduino/tools/arm-none-eabi-gcc/4.8.3-2014q1/bin/../lib/gcc/arm-none-eabi/4.8.3/../../../../arm-none-eabi/lib/armv7-m/crt0.o (main)
C:\Users\Andreas Gruber\AppData\Local\Temp\VMBuilds\maya\arduino_due_x_dbg/core.a(new.cpp.o)
                              C:\Users\Andreas Gruber\AppData\Local\Temp\VMBuilds\maya\arduino_due_x_dbg\maya.cpp.o (operator new(unsigned int))
C:\Users\Andreas Gruber\AppData\Local\Temp\VMBuilds\maya\arduino_due_x_dbg/core.a(Print.cpp.o)
                              C:\Users\Andreas Gruber\AppData\Local\Temp\VMBuilds\maya\arduino_due_x_dbg\maya.cpp.o (Print::print(char const*))
C:\Users\Andreas Gruber\AppData\Local\Temp\VMBuilds\maya\arduino_due_x_dbg/core.a(Reset.cpp.o)
                              C:\Users\Andreas Gruber\AppData\Local\Temp\VMBuilds\maya\arduino_due_x_dbg/core.a(cortex_handlers.c.o) (tickReset)
[...]
Memory Configuration

Name             Origin             Length             Attributes
rom              0x00080000         0x00080000         xr
sram0            0x20000000         0x00010000         xrw
sram1            0x20080000         0x00008000         xrw
ram              0x20070000         0x00018000         xrw
*default*        0x00000000         0xffffffff

Linker script and memory map

LOAD c:/users/andreas gruber/appdata/local/arduino15/packages/arduino/tools/arm-none-eabi-gcc/4.8.3-2014q1/bin/../lib/gcc/arm-none-eabi/4.8.3/armv7-m/crti.o
LOAD c:/users/andreas gruber/appdata/local/arduino15/packages/arduino/tools/arm-none-eabi-gcc/4.8.3-2014q1/bin/../lib/gcc/arm-none-eabi/4.8.3/armv7-m/crtbegin.o
LOAD c:/users/andreas gruber/appdata/local/arduino15/packages/arduino/tools/arm-none-eabi-gcc/4.8.3-2014q1/bin/../lib/gcc/arm-none-eabi/4.8.3/../../../../arm-none-eabi/lib/armv7-m/crt0.o
START GROUP
LOAD C:\Users\Andreas Gruber\AppData\Local\Temp\VMBuilds\maya\arduino_due_x_dbg\maya.cpp.o
LOAD C:\Users\Andreas Gruber\AppData\Local\Temp\VMBuilds\maya\arduino_due_x_dbg\counter.cpp.o
LOAD C:\Users\Andreas Gruber\AppData\Local\Temp\VMBuilds\maya\arduino_due_x_dbg\debug.cpp.o
LOAD C:\Users\Andreas Gruber\AppData\Local\Temp\VMBuilds\maya\arduino_due_x_dbg\differenceIntensityLaserDetector.cpp.o
LOAD C:\Users\Andreas Gruber\AppData\Local\Temp\VMBuilds\maya\arduino_due_x_dbg\diodePositionController.cpp.o
LOAD C:\Users\Andreas Gruber\AppData\Local\Temp\VMBuilds\maya\arduino_due_x_dbg\discPositioner.cpp.o
LOAD C:\Users\Andreas Gruber\AppData\Local\Temp\VMBuilds\maya\arduino_due_x_dbg\encoder.cpp.o
LOAD C:\Users\Andreas Gruber\AppData\Local\Temp\VMBuilds\maya\arduino_due_x_dbg\interruptLaserDetector.cpp.o
LOAD C:\Users\Andreas Gruber\AppData\Local\Temp\VMBuilds\maya\arduino_due_x_dbg\positionController.cpp.o
LOAD C:\Users\Andreas Gruber\AppData\Local\Temp\VMBuilds\maya\arduino_due_x_dbg\positionerCounter.cpp.o
LOAD C:\Users\Andreas Gruber\AppData\Local\Temp\VMBuilds\maya\arduino_due_x_dbg\stepper.cpp.o
LOAD C:\Users\Andreas Gruber\AppData\Local\Temp\VMBuilds\maya\arduino_due_x_dbg\timer.cpp.o
LOAD C:\Users\Andreas Gruber\AppData\Local\Temp\VMBuilds\maya\arduino_due_x_dbg\variant\variant.cpp.o
LOAD C:\Users\Andreas Gruber\AppData\Local\arduino15\packages\arduino\hardware\sam\1.6.9\variants\arduino_due_x/libsam_sam3x8e_gcc_rel.a
LOAD C:\Users\Andreas Gruber\AppData\Local\Temp\VMBuilds\maya\arduino_due_x_dbg/core.a
END GROUP
LOAD c:/users/andreas gruber/appdata/local/arduino15/packages/arduino/tools/arm-none-eabi-gcc/4.8.3-2014q1/bin/../lib/gcc/arm-none-eabi/4.8.3/../../../../arm-none-eabi/lib/armv7-m\libm.a
START GROUP
LOAD c:/users/andreas gruber/appdata/local/arduino15/packages/arduino/tools/arm-none-eabi-gcc/4.8.3-2014q1/bin/../lib/gcc/arm-none-eabi/4.8.3/armv7-m\libgcc.a
LOAD c:/users/andreas gruber/appdata/local/arduino15/packages/arduino/tools/arm-none-eabi-gcc/4.8.3-2014q1/bin/../lib/gcc/arm-none-eabi/4.8.3/../../../../arm-none-eabi/lib/armv7-m\libg.a
LOAD c:/users/andreas gruber/appdata/local/arduino15/packages/arduino/tools/arm-none-eabi-gcc/4.8.3-2014q1/bin/../lib/gcc/arm-none-eabi/4.8.3/../../../../arm-none-eabi/lib/armv7-m\libc.a
END GROUP
LOAD c:/users/andreas gruber/appdata/local/arduino15/packages/arduino/tools/arm-none-eabi-gcc/4.8.3-2014q1/bin/../lib/gcc/arm-none-eabi/4.8.3/armv7-m/crtend.o
LOAD c:/users/andreas gruber/appdata/local/arduino15/packages/arduino/tools/arm-none-eabi-gcc/4.8.3-2014q1/bin/../lib/gcc/arm-none-eabi/4.8.3/armv7-m/crtn.o

.text           0x00080000     0x8b14
                0x00080000                . = ALIGN (0x4)
                0x00080000                _sfixed = .
 *(.vectors .vectors.*)
 .vectors       0x00080000       0xf4 C:\Users\Andreas Gruber\AppData\Local\arduino15\packages\arduino\hardware\sam\1.6.9\variants\arduino_due_x/libsam_sam3x8e_gcc_rel.a(startup_sam3xa.o)
                0x00080000                exception_table
 *(.text .text.* .gnu.linkonce.t.*)
 .text          0x000800f4       0x54 c:/users/andreas gruber/appdata/local/arduino15/packages/arduino/tools/arm-none-eabi-gcc/4.8.3-2014q1/bin/../lib/gcc/arm-none-eabi/4.8.3/armv7-m/crtbegin.o
 .text._Z13lightBarrier0v
                0x00080148        0xc C:\Users\Andreas Gruber\AppData\Local\Temp\VMBuilds\maya\arduino_due_x_dbg\maya.cpp.o
                0x00080148                lightBarrier0()
 .text._Z13lightBarrier1v
                0x00080154        0xc C:\Users\Andreas Gruber\AppData\Local\Temp\VMBuilds\maya\arduino_due_x_dbg\maya.cpp.o
                0x00080154                lightBarrier1()
 .text._Z13lightBarrier2v
                0x00080160        0xc C:\Users\Andreas Gruber\AppData\Local\Temp\VMBuilds\maya\arduino_due_x_dbg\maya.cpp.o
                0x00080160                lightBarrier2()
 .text._Z13lightBarrier3v
                0x0008016c        0xc C:\Users\Andreas Gruber\AppData\Local\Temp\VMBuilds\maya\arduino_due_x_dbg\maya.cpp.o
                0x0008016c                lightBarrier3()
 .text._Z15knobEncoderPos0v
                0x00080178        0xc C:\Users\Andreas Gruber\AppData\Local\Temp\VMBuilds\maya\arduino_due_x_dbg\maya.cpp.o
                0x00080178                knobEncoderPos0()
 .text._Z18knobEncoderButton0v
                0x00080184        0xc C:\Users\Andreas Gruber\AppData\Local\Temp\VMBuilds\maya\arduino_due_x_dbg\maya.cpp.o
                0x00080184                knobEncoderButton0()
 .text._Z15knobEncoderPos1v
                0x00080190        0xc C:\Users\Andreas Gruber\AppData\Local\Temp\VMBuilds\maya\arduino_due_x_dbg\maya.cpp.o
                0x00080190                knobEncoderPos1()
 .text._Z18knobEncoderButton1v
                0x0008019c        0xc C:\Users\Andreas Gruber\AppData\Local\Temp\VMBuilds\maya\arduino_due_x_dbg\maya.cpp.o
                0x0008019c                knobEncoderButton1()
 .text._ZN19SimpleLowPassFilterIdE8addValueEd
                0x000801a8       0x3c C:\Users\Andreas Gruber\AppData\Local\Temp\VMBuilds\maya\arduino_due_x_dbg\maya.cpp.o
                0x000801a8                SimpleLowPassFilter<double>::addValue(double)
 .text._ZN19SimpleLowPassFilterIdE14getResultValueEv
                0x000801e4        0xa C:\Users\Andreas Gruber\AppData\Local\Temp\VMBuilds\maya\arduino_due_x_dbg\maya.cpp.o
                0x000801e4                SimpleLowPassFilter<double>::getResultValue()
 .text._ZN6FilterIdE7computeEd
                0x000801ee       0x14 C:\Users\Andreas Gruber\AppData\Local\Temp\VMBuilds\maya\arduino_due_x_dbg\maya.cpp.o
                0x000801ee                Filter<double>::compute(double)
 *fill*         0x00080202        0x2 
 .text.TC3_Handler
                0x00080204       0x24 C:\Users\Andreas Gruber\AppData\Local\Temp\VMBuilds\maya\arduino_due_x_dbg\maya.cpp.o
                0x00080204                TC3_Handler
 .text.TC4_Handler
                0x00080228       0x20 C:\Users\Andreas Gruber\AppData\Local\Temp\VMBuilds\maya\arduino_due_x_dbg\maya.cpp.o
                0x00080228                TC4_Handler
 .text.loop     0x00080248      0x134 C:\Users\Andreas Gruber\AppData\Local\Temp\VMBuilds\maya\arduino_due_x_dbg\maya.cpp.o
                0x00080248                loop
 .text.startup._GLOBAL__sub_I_lightBarrierAction
                0x0008037c      0x1d4 C:\Users\Andreas Gruber\AppData\Local\Temp\VMBuilds\maya\arduino_due_x_dbg\maya.cpp.o
 .text.setup    0x00080550      0x11c C:\Users\Andreas Gruber\AppData\Local\Temp\VMBuilds\maya\arduino_due_x_dbg\maya.cpp.o
                0x00080550                setup
 .text._Z17CounterPinChangedv
                0x0008066c       0x2c C:\Users\Andreas Gruber\AppData\Local\Temp\VMBuilds\maya\arduino_due_x_dbg\counter.cpp.o
                0x0008066c                CounterPinChanged()
 .text._ZN7Counter6updateEv
                0x00080698       0x36 C:\Users\Andreas Gruber\AppData\Local\Temp\VMBuilds\maya\arduino_due_x_dbg\counter.cpp.o
                0x00080698                Counter::update()
 *fill*         0x000806ce        0x2 
 .text._ZN7Counter4initEv
                0x000806d0       0x38 C:\Users\Andreas Gruber\AppData\Local\Temp\VMBuilds\maya\arduino_due_x_dbg\counter.cpp.o
                0x000806d0                Counter::init()
 .text._ZN7CounterC2EhPFvvE
                0x00080708       0x1c C:\Users\Andreas Gruber\AppData\Local\Temp\VMBuilds\maya\arduino_due_x_dbg\counter.cpp.o
                0x00080708                Counter::Counter(unsigned char, void (*)())
                0x00080708                Counter::Counter(unsigned char, void (*)())
 .text._ZN32DifferenceIntensityLaserDetectorC2EhhPKh
                0x00080724       0x22 C:\Users\Andreas Gruber\AppData\Local\Temp\VMBuilds\maya\arduino_due_x_dbg\differenceIntensityLaserDetector.cpp.o
                0x00080724                DifferenceIntensityLaserDetector::DifferenceIntensityLaserDetector(unsigned char, unsigned char, unsigned char const*)
                0x00080724                DifferenceIntensityLaserDetector::DifferenceIntensityLaserDetector(unsigned char, unsigned char, unsigned char const*)
 .text._ZN32DifferenceIntensityLaserDetector4initEv
                0x00080746        0x8 C:\Users\Andreas Gruber\AppData\Local\Temp\VMBuilds\maya\arduino_due_x_dbg\differenceIntensityLaserDetector.cpp.o
                0x00080746                DifferenceIntensityLaserDetector::init()
 .text._ZN32DifferenceIntensityLaserDetector17MeasureValueStartEv
                0x0008074e       0x30 C:\Users\Andreas Gruber\AppData\Local\Temp\VMBuilds\maya\arduino_due_x_dbg\differenceIntensityLaserDetector.cpp.o
                0x0008074e                DifferenceIntensityLaserDetector::MeasureValueStart()
 .text._ZN32DifferenceIntensityLaserDetector18MeasureValueFinishEv
                0x0008077e       0x4a C:\Users\Andreas Gruber\AppData\Local\Temp\VMBuilds\maya\arduino_due_x_dbg\differenceIntensityLaserDetector.cpp.o
                0x0008077e                DifferenceIntensityLaserDetector::MeasureValueFinish()
 .text._ZN23DiodePositionController6updateEv
                0x000807c8      0x1d8 C:\Users\Andreas Gruber\AppData\Local\Temp\VMBuilds\maya\arduino_due_x_dbg\diodePositionController.cpp.o
                0x000807c8                DiodePositionController::update()
 .text._ZN23DiodePositionControllerC2EP7StepperS1_P14DiscPositionerP22InterruptLaserDetector
                0x000809a0       0x38 C:\Users\Andreas Gruber\AppData\Local\Temp\VMBuilds\maya\arduino_due_x_dbg\diodePositionController.cpp.o
                0x000809a0                DiodePositionController::DiodePositionController(Stepper*, Stepper*, DiscPositioner*, InterruptLaserDetector*)
                0x000809a0                DiodePositionController::DiodePositionController(Stepper*, Stepper*, DiscPositioner*, InterruptLaserDetector*)
 .text._ZN14DiscPositionerC2EP17PositionerCounterdb
                0x000809d8       0x18 C:\Users\Andreas Gruber\AppData\Local\Temp\VMBuilds\maya\arduino_due_x_dbg\discPositioner.cpp.o
                0x000809d8                DiscPositioner::DiscPositioner(PositionerCounter*, double, bool)
                0x000809d8                DiscPositioner::DiscPositioner(PositionerCounter*, double, bool)
 .text._ZN14DiscPositioner8getAngleEv
                0x000809f0      0x13c C:\Users\Andreas Gruber\AppData\Local\Temp\VMBuilds\maya\arduino_due_x_dbg\discPositioner.cpp.o
                0x000809f0                DiscPositioner::getAngle()
 .text._Z17EncoderPinChangedv
                0x00080b2c       0x2c C:\Users\Andreas Gruber\AppData\Local\Temp\VMBuilds\maya\arduino_due_x_dbg\encoder.cpp.o
                0x00080b2c                EncoderPinChanged()
 .text._ZN7Encoder6updateEv
                0x00080b58       0x68 C:\Users\Andreas Gruber\AppData\Local\Temp\VMBuilds\maya\arduino_due_x_dbg\encoder.cpp.o
                0x00080b58                Encoder::update()
 .text._ZN7Encoder4initEv
                0x00080bc0       0x38 C:\Users\Andreas Gruber\AppData\Local\Temp\VMBuilds\maya\arduino_due_x_dbg\encoder.cpp.o
                0x00080bc0                Encoder::init()
 .text._ZN7EncoderC2EPhPFvvE
                0x00080bf8       0x1c C:\Users\Andreas Gruber\AppData\Local\Temp\VMBuilds\maya\arduino_due_x_dbg\encoder.cpp.o
                0x00080bf8                Encoder::Encoder(unsigned char*, void (*)())
                0x00080bf8                Encoder::Encoder(unsigned char*, void (*)())
 .text._ZN22InterruptLaserDetectorC2EP32DifferenceIntensityLaserDetectorPP6FilterIdEdd
                0x00080c14       0x3e C:\Users\Andreas Gruber\AppData\Local\Temp\VMBuilds\maya\arduino_due_x_dbg\interruptLaserDetector.cpp.o
                0x00080c14                InterruptLaserDetector::InterruptLaserDetector(DifferenceIntensityLaserDetector*, Filter<double>**, double, double)
                0x00080c14                InterruptLaserDetector::InterruptLaserDetector(DifferenceIntensityLaserDetector*, Filter<double>**, double, double)
 *fill*         0x00080c52        0x2 
 .text._ZN22InterruptLaserDetector12initInstanceEP32DifferenceIntensityLaserDetectorPP6FilterIdEdd
                0x00080c54       0x40 C:\Users\Andreas Gruber\AppData\Local\Temp\VMBuilds\maya\arduino_due_x_dbg\interruptLaserDetector.cpp.o
                0x00080c54                InterruptLaserDetector::initInstance(DifferenceIntensityLaserDetector*, Filter<double>**, double, double)
 .text._ZN22InterruptLaserDetector4initEv
                0x00080c94       0x28 C:\Users\Andreas Gruber\AppData\Local\Temp\VMBuilds\maya\arduino_due_x_dbg\interruptLaserDetector.cpp.o
                0x00080c94                InterruptLaserDetector::init()
 .text._ZN22InterruptLaserDetector6updateEv
                0x00080cbc       0xd4 C:\Users\Andreas Gruber\AppData\Local\Temp\VMBuilds\maya\arduino_due_x_dbg\interruptLaserDetector.cpp.o
                0x00080cbc                InterruptLaserDetector::update()
 .text.TC5_Handler
                0x00080d90        0xc C:\Users\Andreas Gruber\AppData\Local\Temp\VMBuilds\maya\arduino_due_x_dbg\interruptLaserDetector.cpp.o
                0x00080d90                TC5_Handler
 .text._ZN18PositionControllerC2EP7StepperS1_P14DiscPositionerP22InterruptLaserDetector
                0x00080d9c       0x18 C:\Users\Andreas Gruber\AppData\Local\Temp\VMBuilds\maya\arduino_due_x_dbg\positionController.cpp.o
                0x00080d9c                PositionController::PositionController(Stepper*, Stepper*, DiscPositioner*, InterruptLaserDetector*)
                0x00080d9c                PositionController::PositionController(Stepper*, Stepper*, DiscPositioner*, InterruptLaserDetector*)
 .text._ZN17PositionerCounterC2EPFvvE
                0x00080db4       0x2c C:\Users\Andreas Gruber\AppData\Local\Temp\VMBuilds\maya\arduino_due_x_dbg\positionerCounter.cpp.o
                0x00080db4                PositionerCounter::PositionerCounter(void (*)())
                0x00080db4                PositionerCounter::PositionerCounter(void (*)())
 .text._ZN17PositionerCounter11setStepTimeEv
                0x00080de0       0x3a C:\Users\Andreas Gruber\AppData\Local\Temp\VMBuilds\maya\arduino_due_x_dbg\positionerCounter.cpp.o
                0x00080de0                PositionerCounter::setStepTime()
 .text._ZN17PositionerCounter18getAverageStepTimeEv
                0x00080e1a       0x1c C:\Users\Andreas Gruber\AppData\Local\Temp\VMBuilds\maya\arduino_due_x_dbg\positionerCounter.cpp.o
                0x00080e1a                PositionerCounter::getAverageStepTime()
 .text._ZN17PositionerCounter15getLastStepTimeEv
                0x00080e36        0xa C:\Users\Andreas Gruber\AppData\Local\Temp\VMBuilds\maya\arduino_due_x_dbg\positionerCounter.cpp.o
                0x00080e36                PositionerCounter::getLastStepTime()
 .text._ZN17PositionerCounter6notifyEv
                0x00080e40        0xa C:\Users\Andreas Gruber\AppData\Local\Temp\VMBuilds\maya\arduino_due_x_dbg\positionerCounter.cpp.o
                0x00080e40                PositionerCounter::notify()
 *fill*         0x00080e4a        0x2 
 .text._ZN7StepperC2EhPKh
                0x00080e4c       0x34 C:\Users\Andreas Gruber\AppData\Local\Temp\VMBuilds\maya\arduino_due_x_dbg\stepper.cpp.o
                0x00080e4c                Stepper::Stepper(unsigned char, unsigned char const*)
                0x00080e4c                Stepper::Stepper(unsigned char, unsigned char const*)
 .text._ZN7Stepper4initEv
                0x00080e80       0x18 C:\Users\Andreas Gruber\AppData\Local\Temp\VMBuilds\maya\arduino_due_x_dbg\stepper.cpp.o
                0x00080e80                Stepper::init()
 .text._ZN7Stepper13stepAndUpdateEv
                0x00080e98       0x60 C:\Users\Andreas Gruber\AppData\Local\Temp\VMBuilds\maya\arduino_due_x_dbg\stepper.cpp.o
                0x00080e98                Stepper::stepAndUpdate()
 .text._Z13setTimerSpeedP2Tcm4IRQnm
                0x00080ef8       0x24 C:\Users\Andreas Gruber\AppData\Local\Temp\VMBuilds\maya\arduino_due_x_dbg\timer.cpp.o
                0x00080ef8                setTimerSpeed(Tc*, unsigned long, IRQn, unsigned long)
 .text._Z10startTimerP2Tcm4IRQnm
                0x00080f1c       0x5c C:\Users\Andreas Gruber\AppData\Local\Temp\VMBuilds\maya\arduino_due_x_dbg\timer.cpp.o
                0x00080f1c                startTimer(Tc*, unsigned long, IRQn, unsigned long)
 .text._Z11serialEventv
                0x00080f78        0x2 C:\Users\Andreas Gruber\AppData\Local\Temp\VMBuilds\maya\arduino_due_x_dbg\variant\variant.cpp.o
                0x00080f78                serialEvent()
 *fill*         0x00080f7a        0x2 
 .text.UART_Handler
                0x00080f7c        0xc C:\Users\Andreas Gruber\AppData\Local\Temp\VMBuilds\maya\arduino_due_x_dbg\variant\variant.cpp.o
                0x00080f7c                UART_Handler
 .text._Z12serialEvent1v
                0x00080f88        0x2 C:\Users\Andreas Gruber\AppData\Local\Temp\VMBuilds\maya\arduino_due_x_dbg\variant\variant.cpp.o
                0x00080f88                serialEvent1()
 .text._Z12serialEvent2v
                0x00080f8a        0x2 C:\Users\Andreas Gruber\AppData\Local\Temp\VMBuilds\maya\arduino_due_x_dbg\variant\variant.cpp.o
                0x00080f8a                serialEvent2()
 .text._Z12serialEvent3v
                0x00080f8c        0x2 C:\Users\Andreas Gruber\AppData\Local\Temp\VMBuilds\maya\arduino_due_x_dbg\variant\variant.cpp.o
                0x00080f8c                serialEvent3()
 *fill*         0x00080f8e        0x2 
 .text.USART0_Handler
                0x00080f90        0xc C:\Users\Andreas Gruber\AppData\Local\Temp\VMBuilds\maya\arduino_due_x_dbg\variant\variant.cpp.o
                0x00080f90                USART0_Handler
 .text.USART1_Handler
                0x00080f9c        0xc C:\Users\Andreas Gruber\AppData\Local\Temp\VMBuilds\maya\arduino_due_x_dbg\variant\variant.cpp.o
                0x00080f9c                USART1_Handler
 .text.USART3_Handler
                0x00080fa8        0xc C:\Users\Andreas Gruber\AppData\Local\Temp\VMBuilds\maya\arduino_due_x_dbg\variant\variant.cpp.o
                0x00080fa8                USART3_Handler
 .text.init     0x00080fb4      0x128 C:\Users\Andreas Gruber\AppData\Local\Temp\VMBuilds\maya\arduino_due_x_dbg\variant\variant.cpp.o
                0x00080fb4                init
 .text.startup._GLOBAL__sub_I_g_APinDescription
                0x000810dc       0xd4 C:\Users\Andreas Gruber\AppData\Local\Temp\VMBuilds\maya\arduino_due_x_dbg\variant\variant.cpp.o
 .text._Z14serialEventRunv
                0x000811b0       0x44 C:\Users\Andreas Gruber\AppData\Local\Temp\VMBuilds\maya\arduino_due_x_dbg\variant\variant.cpp.o
                0x000811b0                serialEventRun()
 .text.PIO_PullUp
                0x000811f4        0xa C:\Users\Andreas Gruber\AppData\Local\arduino15\packages\arduino\hardware\sam\1.6.9\variants\arduino_due_x/libsam_sam3x8e_gcc_rel.a(pio.o)
                0x000811f4                PIO_PullUp
 .text.PIO_Get  0x000811fe       0x14 C:\Users\Andreas Gruber\AppData\Local\arduino15\packages\arduino\hardware\sam\1.6.9\variants\arduino_due_x/libsam_sam3x8e_gcc_rel.a(pio.o)
                0x000811fe                PIO_Get
 .text.PIO_SetPeripheral
                0x00081212       0x26 C:\Users\Andreas Gruber\AppData\Local\arduino15\packages\arduino\hardware\sam\1.6.9\variants\arduino_due_x/libsam_sam3x8e_gcc_rel.a(pio.o)
                0x00081212                PIO_SetPeripheral
 .text.PIO_SetInput
                0x00081238       0x26 C:\Users\Andreas Gruber\AppData\Local\arduino15\packages\arduino\hardware\sam\1.6.9\variants\arduino_due_x/libsam_sam3x8e_gcc_rel.a(pio.o)
                0x00081238                PIO_SetInput
 .text.PIO_SetOutput
                0x0008125e       0x24 C:\Users\Andreas Gruber\AppData\Local\arduino15\packages\arduino\hardware\sam\1.6.9\variants\arduino_due_x/libsam_sam3x8e_gcc_rel.a(pio.o)
                0x0008125e                PIO_SetOutput
 *fill*         0x00081282        0x2 
 .text.PIO_Configure
                0x00081284       0x64 C:\Users\Andreas Gruber\AppData\Local\arduino15\packages\arduino\hardware\sam\1.6.9\variants\arduino_due_x/libsam_sam3x8e_gcc_rel.a(pio.o)
                0x00081284                PIO_Configure
 .text.PIO_GetOutputDataStatus
                0x000812e8       0x14 C:\Users\Andreas Gruber\AppData\Local\arduino15\packages\arduino\hardware\sam\1.6.9\variants\arduino_due_x/libsam_sam3x8e_gcc_rel.a(pio.o)
                0x000812e8                PIO_GetOutputDataStatus
 .text.pmc_enable_upll_clock
                0x000812fc       0x14 C:\Users\Andreas Gruber\AppData\Local\arduino15\packages\arduino\hardware\sam\1.6.9\variants\arduino_due_x/libsam_sam3x8e_gcc_rel.a(pmc.o)
                0x000812fc                pmc_enable_upll_clock
 .text.pmc_enable_periph_clk
                0x00081310       0x44 C:\Users\Andreas Gruber\AppData\Local\arduino15\packages\arduino\hardware\sam\1.6.9\variants\arduino_due_x/libsam_sam3x8e_gcc_rel.a(pmc.o)
                0x00081310                pmc_enable_periph_clk
 .text.pmc_disable_periph_clk
                0x00081354       0x40 C:\Users\Andreas Gruber\AppData\Local\arduino15\packages\arduino\hardware\sam\1.6.9\variants\arduino_due_x/libsam_sam3x8e_gcc_rel.a(pmc.o)
                0x00081354                pmc_disable_periph_clk
 .text.pmc_switch_udpck_to_upllck
                0x00081394       0x14 C:\Users\Andreas Gruber\AppData\Local\arduino15\packages\arduino\hardware\sam\1.6.9\variants\arduino_due_x/libsam_sam3x8e_gcc_rel.a(pmc.o)
                0x00081394                pmc_switch_udpck_to_upllck
 .text.pmc_enable_udpck
                0x000813a8        0xc C:\Users\Andreas Gruber\AppData\Local\arduino15\packages\arduino\hardware\sam\1.6.9\variants\arduino_due_x/libsam_sam3x8e_gcc_rel.a(pmc.o)
                0x000813a8                pmc_enable_udpck
 .text.pmc_set_writeprotect
                0x000813b4       0x1c C:\Users\Andreas Gruber\AppData\Local\arduino15\packages\arduino\hardware\sam\1.6.9\variants\arduino_due_x/libsam_sam3x8e_gcc_rel.a(pmc.o)
                0x000813b4                pmc_set_writeprotect
 .text.TC_Configure
                0x000813d0       0x38 C:\Users\Andreas Gruber\AppData\Local\arduino15\packages\arduino\hardware\sam\1.6.9\variants\arduino_due_x/libsam_sam3x8e_gcc_rel.a(tc.o)
                0x000813d0                TC_Configure
 .text.TC_Start
                0x00081408       0x2c C:\Users\Andreas Gruber\AppData\Local\arduino15\packages\arduino\hardware\sam\1.6.9\variants\arduino_due_x/libsam_sam3x8e_gcc_rel.a(tc.o)
                0x00081408                TC_Start
 .text.TC_GetStatus
                0x00081434        0x8 C:\Users\Andreas Gruber\AppData\Local\arduino15\packages\arduino\hardware\sam\1.6.9\variants\arduino_due_x/libsam_sam3x8e_gcc_rel.a(tc.o)
                0x00081434                TC_GetStatus
 .text.TC_SetRA
                0x0008143c        0x8 C:\Users\Andreas Gruber\AppData\Local\arduino15\packages\arduino\hardware\sam\1.6.9\variants\arduino_due_x/libsam_sam3x8e_gcc_rel.a(tc.o)
                0x0008143c                TC_SetRA
 .text.TC_SetRC
                0x00081444        0x8 C:\Users\Andreas Gruber\AppData\Local\arduino15\packages\arduino\hardware\sam\1.6.9\variants\arduino_due_x/libsam_sam3x8e_gcc_rel.a(tc.o)
                0x00081444                TC_SetRC
 .text.SystemInit
                0x0008144c       0x88 C:\Users\Andreas Gruber\AppData\Local\arduino15\packages\arduino\hardware\sam\1.6.9\variants\arduino_due_x/libsam_sam3x8e_gcc_rel.a(system_sam3xa.o)
                0x0008144c                SystemInit
 .text.Reset_Handler
                0x000814d4       0x78 C:\Users\Andreas Gruber\AppData\Local\arduino15\packages\arduino\hardware\sam\1.6.9\variants\arduino_due_x/libsam_sam3x8e_gcc_rel.a(startup_sam3xa.o)
                0x000814d4                Reset_Handler
 .text.adc_init
                0x0008154c       0x98 C:\Users\Andreas Gruber\AppData\Local\arduino15\packages\arduino\hardware\sam\1.6.9\variants\arduino_due_x/libsam_sam3x8e_gcc_rel.a(adc.o)
                0x0008154c                adc_init
 .text.adc_configure_trigger
                0x000815e4        0xe C:\Users\Andreas Gruber\AppData\Local\arduino15\packages\arduino\hardware\sam\1.6.9\variants\arduino_due_x/libsam_sam3x8e_gcc_rel.a(adc.o)
                0x000815e4                adc_configure_trigger
 .text.adc_configure_timing
                0x000815f2       0x1a C:\Users\Andreas Gruber\AppData\Local\arduino15\packages\arduino\hardware\sam\1.6.9\variants\arduino_due_x/libsam_sam3x8e_gcc_rel.a(adc.o)
                0x000815f2                adc_configure_timing
 .text.adc_start
                0x0008160c        0x6 C:\Users\Andreas Gruber\AppData\Local\arduino15\packages\arduino\hardware\sam\1.6.9\variants\arduino_due_x/libsam_sam3x8e_gcc_rel.a(adc.o)
                0x0008160c                adc_start
 .text.adc_enable_channel
                0x00081612        0xa C:\Users\Andreas Gruber\AppData\Local\arduino15\packages\arduino\hardware\sam\1.6.9\variants\arduino_due_x/libsam_sam3x8e_gcc_rel.a(adc.o)
                0x00081612                adc_enable_channel
 .text.adc_disable_channel
                0x0008161c        0xa C:\Users\Andreas Gruber\AppData\Local\arduino15\packages\arduino\hardware\sam\1.6.9\variants\arduino_due_x/libsam_sam3x8e_gcc_rel.a(adc.o)
                0x0008161c                adc_disable_channel
 .text.adc_disable_all_channel
                0x00081626        0x8 C:\Users\Andreas Gruber\AppData\Local\arduino15\packages\arduino\hardware\sam\1.6.9\variants\arduino_due_x/libsam_sam3x8e_gcc_rel.a(adc.o)
                0x00081626                adc_disable_all_channel
 .text.adc_get_channel_status
                0x0008162e        0xa C:\Users\Andreas Gruber\AppData\Local\arduino15\packages\arduino\hardware\sam\1.6.9\variants\arduino_due_x/libsam_sam3x8e_gcc_rel.a(adc.o)
                0x0008162e                adc_get_channel_status
 .text.adc_get_latest_value
                0x00081638        0x4 C:\Users\Andreas Gruber\AppData\Local\arduino15\packages\arduino\hardware\sam\1.6.9\variants\arduino_due_x/libsam_sam3x8e_gcc_rel.a(adc.o)
                0x00081638                adc_get_latest_value
 .text.adc_disable_interrupt
                0x0008163c        0x4 C:\Users\Andreas Gruber\AppData\Local\arduino15\packages\arduino\hardware\sam\1.6.9\variants\arduino_due_x/libsam_sam3x8e_gcc_rel.a(adc.o)
                0x0008163c                adc_disable_interrupt
 .text.adc_get_status
                0x00081640        0x4 C:\Users\Andreas Gruber\AppData\Local\arduino15\packages\arduino\hardware\sam\1.6.9\variants\arduino_due_x/libsam_sam3x8e_gcc_rel.a(adc.o)
                0x00081640                adc_get_status
 .text.UOTGHS_Handler
                0x00081644       0x10 C:\Users\Andreas Gruber\AppData\Local\arduino15\packages\arduino\hardware\sam\1.6.9\variants\arduino_due_x/libsam_sam3x8e_gcc_rel.a(uotghs.o)
                0x00081644                UOTGHS_Handler
 .text.__halt   0x00081654        0x2 C:\Users\Andreas Gruber\AppData\Local\Temp\VMBuilds\maya\arduino_due_x_dbg/core.a(cortex_handlers.c.o)
                0x00081654                DACC_Handler
                0x00081654                DebugMon_Handler
                0x00081654                DMAC_Handler
                0x00081654                TRNG_Handler
                0x00081654                HardFault_Handler
                0x00081654                TC2_Handler
                0x00081654                TWI1_Handler
                0x00081654                NMI_Handler
                0x00081654                TC7_Handler
                0x00081654                ADC_Handler
                0x00081654                SMC_Handler
                0x00081654                RTT_Handler
                0x00081654                EFC1_Handler
                0x00081654                RTC_Handler
                0x00081654                UsageFault_Handler
                0x00081654                TC6_Handler
                0x00081654                WDT_Handler
                0x00081654                CAN0_Handler
                0x00081654                TC1_Handler
                0x00081654                HSMCI_Handler
                0x00081654                TWI0_Handler
                0x00081654                SSC_Handler
                0x00081654                EFC0_Handler
                0x00081654                PMC_Handler
                0x00081654                PWM_Handler
                0x00081654                CAN1_Handler
                0x00081654                MemManage_Handler
                0x00081654                SUPC_Handler
                0x00081654                TC8_Handler
                0x00081654                USART2_Handler
                0x00081654                EMAC_Handler
                0x00081654                BusFault_Handler
                0x00081654                RSTC_Handler
                0x00081654                TC0_Handler
                0x00081654                SPI0_Handler
 .text.SVC_Handler
                0x00081656        0x4 C:\Users\Andreas Gruber\AppData\Local\Temp\VMBuilds\maya\arduino_due_x_dbg/core.a(cortex_handlers.c.o)
                0x00081656                SVC_Handler
 .text.PendSV_Handler
                0x0008165a        0x4 C:\Users\Andreas Gruber\AppData\Local\Temp\VMBuilds\maya\arduino_due_x_dbg/core.a(cortex_handlers.c.o)
                0x0008165a                PendSV_Handler
 .text.SysTick_Handler
                0x0008165e       0x16 C:\Users\Andreas Gruber\AppData\Local\Temp\VMBuilds\maya\arduino_due_x_dbg/core.a(cortex_handlers.c.o)
                0x0008165e                SysTick_Handler
 .text.__empty  0x00081674        0x2 C:\Users\Andreas Gruber\AppData\Local\Temp\VMBuilds\maya\arduino_due_x_dbg/core.a(hooks.c.o)
                0x00081674                yield
 .text.__false  0x00081676        0x4 C:\Users\Andreas Gruber\AppData\Local\Temp\VMBuilds\maya\arduino_due_x_dbg/core.a(hooks.c.o)
                0x00081676                sysTickHook
 .text.__halt   0x0008167a        0x2 C:\Users\Andreas Gruber\AppData\Local\Temp\VMBuilds\maya\arduino_due_x_dbg/core.a(hooks.c.o)
                0x0008167a                svcHook
                0x0008167a                pendSVHook
 .text._sbrk    0x0008167c       0x1c C:\Users\Andreas Gruber\AppData\Local\Temp\VMBuilds\maya\arduino_due_x_dbg/core.a(syscalls_sam3.c.o)
                0x0008167c                _sbrk
 .text.link     0x00081698        0x6 C:\Users\Andreas Gruber\AppData\Local\Temp\VMBuilds\maya\arduino_due_x_dbg/core.a(syscalls_sam3.c.o)
                0x00081698                link
 .text._close   0x0008169e        0x6 C:\Users\Andreas Gruber\AppData\Local\Temp\VMBuilds\maya\arduino_due_x_dbg/core.a(syscalls_sam3.c.o)
                0x0008169e                _close
 .text._fstat   0x000816a4        0xa C:\Users\Andreas Gruber\AppData\Local\Temp\VMBuilds\maya\arduino_due_x_dbg/core.a(syscalls_sam3.c.o)
                0x000816a4                _fstat
 .text._isatty  0x000816ae        0x4 C:\Users\Andreas Gruber\AppData\Local\Temp\VMBuilds\maya\arduino_due_x_dbg/core.a(syscalls_sam3.c.o)
                0x000816ae                _isatty
 .text._lseek   0x000816b2        0x4 C:\Users\Andreas Gruber\AppData\Local\Temp\VMBuilds\maya\arduino_due_x_dbg/core.a(syscalls_sam3.c.o)
                0x000816b2                _lseek
 .text._read    0x000816b6        0x4 C:\Users\Andreas Gruber\AppData\Local\Temp\VMBuilds\maya\arduino_due_x_dbg/core.a(syscalls_sam3.c.o)
                0x000816b6                _read
 *fill*         0x000816ba        0x2 
 .text._write   0x000816bc       0x24 C:\Users\Andreas Gruber\AppData\Local\Temp\VMBuilds\maya\arduino_due_x_dbg/core.a(syscalls_sam3.c.o)
                0x000816bc                _write
 .text._exit    0x000816e0       0x10 C:\Users\Andreas Gruber\AppData\Local\Temp\VMBuilds\maya\arduino_due_x_dbg/core.a(syscalls_sam3.c.o)
                0x000816e0                _exit
 .text._kill    0x000816f0        0x2 C:\Users\Andreas Gruber\AppData\Local\Temp\VMBuilds\maya\arduino_due_x_dbg/core.a(syscalls_sam3.c.o)
                0x000816f0                _kill
 .text._getpid  0x000816f2        0x6 C:\Users\Andreas Gruber\AppData\Local\Temp\VMBuilds\maya\arduino_due_x_dbg/core.a(syscalls_sam3.c.o)
                0x000816f2                _getpid
 .text.attachInterrupt
                0x000816f8      0x148 C:\Users\Andreas Gruber\AppData\Local\Temp\VMBuilds\maya\arduino_due_x_dbg/core.a(WInterrupts.c.o)
                0x000816f8                attachInterrupt
 .text.PIOA_Handler
                0x00081840       0x38 C:\Users\Andreas Gruber\AppData\Local\Temp\VMBuilds\maya\arduino_due_x_dbg/core.a(WInterrupts.c.o)
                0x00081840                PIOA_Handler
 .text.PIOB_Handler
                0x00081878       0x38 C:\Users\Andreas Gruber\AppData\Local\Temp\VMBuilds\maya\arduino_due_x_dbg/core.a(WInterrupts.c.o)
                0x00081878                PIOB_Handler
 .text.PIOC_Handler
                0x000818b0       0x38 C:\Users\Andreas Gruber\AppData\Local\Temp\VMBuilds\maya\arduino_due_x_dbg/core.a(WInterrupts.c.o)
                0x000818b0                PIOC_Handler
 .text.PIOD_Handler
                0x000818e8       0x38 C:\Users\Andreas Gruber\AppData\Local\Temp\VMBuilds\maya\arduino_due_x_dbg/core.a(WInterrupts.c.o)
                0x000818e8                PIOD_Handler
 .text.millis   0x00081920        0x4 C:\Users\Andreas Gruber\AppData\Local\Temp\VMBuilds\maya\arduino_due_x_dbg/core.a(wiring.c.o)
                0x00081920                millis
 .text.delay    0x00081924       0x1c C:\Users\Andreas Gruber\AppData\Local\Temp\VMBuilds\maya\arduino_due_x_dbg/core.a(wiring.c.o)
                0x00081924                delay
 .text.mapResolution
                0x00081940       0x12 C:\Users\Andreas Gruber\AppData\Local\Temp\VMBuilds\maya\arduino_due_x_dbg/core.a(wiring_analog.c.o)
 *fill*         0x00081952        0x2 
 .text.analogRead
                0x00081954       0x9c C:\Users\Andreas Gruber\AppData\Local\Temp\VMBuilds\maya\arduino_due_x_dbg/core.a(wiring_analog.c.o)
                0x00081954                analogRead
 .text.analogOutputInit
                0x000819f0        0x2 C:\Users\Andreas Gruber\AppData\Local\Temp\VMBuilds\maya\arduino_due_x_dbg/core.a(wiring_analog.c.o)
                0x000819f0                analogOutputInit
 *fill*         0x000819f2        0x2 
 .text.pinMode  0x000819f4      0x108 C:\Users\Andreas Gruber\AppData\Local\Temp\VMBuilds\maya\arduino_due_x_dbg/core.a(wiring_digital.c.o)
                0x000819f4                pinMode
 .text.digitalWrite
                0x00081afc       0x70 C:\Users\Andreas Gruber\AppData\Local\Temp\VMBuilds\maya\arduino_due_x_dbg/core.a(wiring_digital.c.o)
                0x00081afc                digitalWrite
 .text.digitalRead
                0x00081b6c       0x44 C:\Users\Andreas Gruber\AppData\Local\Temp\VMBuilds\maya\arduino_due_x_dbg/core.a(wiring_digital.c.o)
                0x00081b6c                digitalRead
 .text.__cxa_pure_virtual
                0x00081bb0        0x2 C:\Users\Andreas Gruber\AppData\Local\Temp\VMBuilds\maya\arduino_due_x_dbg/core.a(abi.cpp.o)
                0x00081bb0                __cxa_pure_virtual
 .text.initVariant
                0x00081bb2        0x2 C:\Users\Andreas Gruber\AppData\Local\Temp\VMBuilds\maya\arduino_due_x_dbg/core.a(main.cpp.o)
                0x00081bb2                initVariant
 .text.startup.main
                0x00081bb4       0x38 C:\Users\Andreas Gruber\AppData\Local\Temp\VMBuilds\maya\arduino_due_x_dbg/core.a(main.cpp.o)
                0x00081bb4                main
 .text._Znwj    0x00081bec        0x4 C:\Users\Andreas Gruber\AppData\Local\Temp\VMBuilds\maya\arduino_due_x_dbg/core.a(new.cpp.o)
                0x00081bec                operator new(unsigned int)
 .text._Znaj    0x00081bf0        0x4 C:\Users\Andreas Gruber\AppData\Local\Temp\VMBuilds\maya\arduino_due_x_dbg/core.a(new.cpp.o)
                0x00081bf0                operator new[](unsigned int)
 .text._ZN5Print5writeEPKhj
                0x00081bf4       0x22 C:\Users\Andreas Gruber\AppData\Local\Temp\VMBuilds\maya\arduino_due_x_dbg/core.a(Print.cpp.o)
                0x00081bf4                Print::write(unsigned char const*, unsigned int)
 .text._ZN5Print5writeEPKc
                0x00081c16       0x1e C:\Users\Andreas Gruber\AppData\Local\Temp\VMBuilds\maya\arduino_due_x_dbg/core.a(Print.cpp.o)
                0x00081c16                Print::write(char const*)
 .text._ZN5Print5printEPKc
                0x00081c34        0x8 C:\Users\Andreas Gruber\AppData\Local\Temp\VMBuilds\maya\arduino_due_x_dbg/core.a(Print.cpp.o)
                0x00081c34                Print::print(char const*)
 .text._ZN5Print5printEc
                0x00081c3c        0xa C:\Users\Andreas Gruber\AppData\Local\Temp\VMBuilds\maya\arduino_due_x_dbg/core.a(Print.cpp.o)
                0x00081c3c                Print::print(char)
 *fill*         0x00081c46        0x2 
 .text._ZN5Print7printlnEv
                0x00081c48       0x10 C:\Users\Andreas Gruber\AppData\Local\Temp\VMBuilds\maya\arduino_due_x_dbg/core.a(Print.cpp.o)
                0x00081c48                Print::println()
 .text._ZN5Print7printlnEPKc
                0x00081c58       0x14 C:\Users\Andreas Gruber\AppData\Local\Temp\VMBuilds\maya\arduino_due_x_dbg/core.a(Print.cpp.o)
                0x00081c58                Print::println(char const*)
 .text._ZN5Print11printNumberEmh
                0x00081c6c       0x3e C:\Users\Andreas Gruber\AppData\Local\Temp\VMBuilds\maya\arduino_due_x_dbg/core.a(Print.cpp.o)
                0x00081c6c                Print::printNumber(unsigned long, unsigned char)
 .text._ZN5Print5printEli
                0x00081caa       0x3c C:\Users\Andreas Gruber\AppData\Local\Temp\VMBuilds\maya\arduino_due_x_dbg/core.a(Print.cpp.o)
                0x00081caa                Print::print(long, int)
 .text._ZN5Print5printEii
                0x00081ce6        0x4 C:\Users\Andreas Gruber\AppData\Local\Temp\VMBuilds\maya\arduino_due_x_dbg/core.a(Print.cpp.o)
                0x00081ce6                Print::print(int, int)
 .text._ZN5Print7printlnEii
                0x00081cea       0x14 C:\Users\Andreas Gruber\AppData\Local\Temp\VMBuilds\maya\arduino_due_x_dbg/core.a(Print.cpp.o)
                0x00081cea                Print::println(int, int)
 .text._ZN5Print7printlnEli
                0x00081cfe       0x14 C:\Users\Andreas Gruber\AppData\Local\Temp\VMBuilds\maya\arduino_due_x_dbg/core.a(Print.cpp.o)
                0x00081cfe                Print::println(long, int)
 *fill*         0x00081d12        0x2 
 .text._ZN5Print10printFloatEdh
                0x00081d14      0x14c C:\Users\Andreas Gruber\AppData\Local\Temp\VMBuilds\maya\arduino_due_x_dbg/core.a(Print.cpp.o)
                0x00081d14                Print::printFloat(double, unsigned char)
 .text._ZN5Print5printEdi
                0x00081e60        0xa C:\Users\Andreas Gruber\AppData\Local\Temp\VMBuilds\maya\arduino_due_x_dbg/core.a(Print.cpp.o)
                0x00081e60                Print::print(double, int)
 .text._ZN5Print7printlnEdi
                0x00081e6a       0x1c C:\Users\Andreas Gruber\AppData\Local\Temp\VMBuilds\maya\arduino_due_x_dbg/core.a(Print.cpp.o)
                0x00081e6a                Print::println(double, int)
 *fill*         0x00081e86        0x2 
 .text.initiateReset
                0x00081e88        0xc C:\Users\Andreas Gruber\AppData\Local\Temp\VMBuilds\maya\arduino_due_x_dbg/core.a(Reset.cpp.o)
                0x00081e88                initiateReset
 .text.cancelReset
                0x00081e94       0x10 C:\Users\Andreas Gruber\AppData\Local\Temp\VMBuilds\maya\arduino_due_x_dbg/core.a(Reset.cpp.o)
                0x00081e94                cancelReset
 .text.tickReset
                0x00081ea4       0x20 C:\Users\Andreas Gruber\AppData\Local\Temp\VMBuilds\maya\arduino_due_x_dbg/core.a(Reset.cpp.o)
                0x00081ea4                tickReset
 .text._ZN10RingBufferC2Ev
                0x00081ec4       0x1a C:\Users\Andreas Gruber\AppData\Local\Temp\VMBuilds\maya\arduino_due_x_dbg/core.a(RingBuffer.cpp.o)
                0x00081ec4                RingBuffer::RingBuffer()
                0x00081ec4                RingBuffer::RingBuffer()
 .text._ZN10RingBuffer10store_charEh
                0x00081ede       0x1e C:\Users\Andreas Gruber\AppData\Local\Temp\VMBuilds\maya\arduino_due_x_dbg/core.a(RingBuffer.cpp.o)
                0x00081ede                RingBuffer::store_char(unsigned char)
 .text._ZN9UARTClasscvbEv
                0x00081efc        0x4 C:\Users\Andreas Gruber\AppData\Local\Temp\VMBuilds\maya\arduino_due_x_dbg/core.a(UARTClass.cpp.o)
                0x00081efc                UARTClass::operator bool()
 .text._ZN9UARTClass9availableEv
                0x00081f00       0x12 C:\Users\Andreas Gruber\AppData\Local\Temp\VMBuilds\maya\arduino_due_x_dbg/core.a(UARTClass.cpp.o)
                0x00081f00                UARTClass::available()
 .text._ZN9UARTClass4peekEv
                0x00081f12       0x1c C:\Users\Andreas Gruber\AppData\Local\Temp\VMBuilds\maya\arduino_due_x_dbg/core.a(UARTClass.cpp.o)
                0x00081f12                UARTClass::peek()
 .text._ZN9UARTClass4readEv
                0x00081f2e       0x2a C:\Users\Andreas Gruber\AppData\Local\Temp\VMBuilds\maya\arduino_due_x_dbg/core.a(UARTClass.cpp.o)
                0x00081f2e                UARTClass::read()
 .text._ZN9UARTClass5flushEv
                0x00081f58       0x18 C:\Users\Andreas Gruber\AppData\Local\Temp\VMBuilds\maya\arduino_due_x_dbg/core.a(UARTClass.cpp.o)
                0x00081f58                UARTClass::flush()
 .text._ZN9UARTClass5writeEh
                0x00081f70       0x54 C:\Users\Andreas Gruber\AppData\Local\Temp\VMBuilds\maya\arduino_due_x_dbg/core.a(UARTClass.cpp.o)
                0x00081f70                UARTClass::write(unsigned char)
 .text._ZN9UARTClass3endEv
                0x00081fc4       0x3c C:\Users\Andreas Gruber\AppData\Local\Temp\VMBuilds\maya\arduino_due_x_dbg/core.a(UARTClass.cpp.o)
                0x00081fc4                UARTClass::end()
 .text._ZN9UARTClassC2EP4Uart4IRQnmP10RingBufferS4_
                0x00082000       0x24 C:\Users\Andreas Gruber\AppData\Local\Temp\VMBuilds\maya\arduino_due_x_dbg/core.a(UARTClass.cpp.o)
                0x00082000                UARTClass::UARTClass(Uart*, IRQn, unsigned long, RingBuffer*, RingBuffer*)
                0x00082000                UARTClass::UARTClass(Uart*, IRQn, unsigned long, RingBuffer*, RingBuffer*)
 .text._ZN9UARTClass4initEmm
                0x00082024       0x70 C:\Users\Andreas Gruber\AppData\Local\Temp\VMBuilds\maya\arduino_due_x_dbg/core.a(UARTClass.cpp.o)
                0x00082024                UARTClass::init(unsigned long, unsigned long)
 .text._ZN9UARTClass5beginEm
                0x00082094        0x8 C:\Users\Andreas Gruber\AppData\Local\Temp\VMBuilds\maya\arduino_due_x_dbg/core.a(UARTClass.cpp.o)
                0x00082094                UARTClass::begin(unsigned long)
 .text._ZN9UARTClass10IrqHandlerEv
                0x0008209c       0x5a C:\Users\Andreas Gruber\AppData\Local\Temp\VMBuilds\maya\arduino_due_x_dbg/core.a(UARTClass.cpp.o)
                0x0008209c                UARTClass::IrqHandler()
 .text._ZN10USARTClass5beginEm
                0x000820f6        0x8 C:\Users\Andreas Gruber\AppData\Local\Temp\VMBuilds\maya\arduino_due_x_dbg/core.a(USARTClass.cpp.o)
                0x000820f6                USARTClass::begin(unsigned long)
 *fill*         0x000820fe        0x2 
 .text._ZN10USARTClassC2EP5Usart4IRQnmP10RingBufferS4_
                0x00082100       0x24 C:\Users\Andreas Gruber\AppData\Local\Temp\VMBuilds\maya\arduino_due_x_dbg/core.a(USARTClass.cpp.o)
                0x00082100                USARTClass::USARTClass(Usart*, IRQn, unsigned long, RingBuffer*, RingBuffer*)
                0x00082100                USARTClass::USARTClass(Usart*, IRQn, unsigned long, RingBuffer*, RingBuffer*)
 .text._watchdogDefaultSetup
                0x00082124        0xc C:\Users\Andreas Gruber\AppData\Local\Temp\VMBuilds\maya\arduino_due_x_dbg/core.a(watchdog.cpp.o)
                0x00082124                _watchdogDefaultSetup
                0x00082124                watchdogSetup()
 .text.unlikely._ZL11USB_SendZlpv
                0x00082130       0x20 C:\Users\Andreas Gruber\AppData\Local\Temp\VMBuilds\maya\arduino_due_x_dbg/core.a(USBCore.cpp.o)
 .text._Z14USBD_Availablem
                0x00082150       0x2c C:\Users\Andreas Gruber\AppData\Local\Temp\VMBuilds\maya\arduino_due_x_dbg/core.a(USBCore.cpp.o)
                0x00082150                USBD_Available(unsigned long)
 .text._Z9USBD_RecvmPvm
                0x0008217c       0x7c C:\Users\Andreas Gruber\AppData\Local\Temp\VMBuilds\maya\arduino_due_x_dbg/core.a(USBCore.cpp.o)
                0x0008217c                USBD_Recv(unsigned long, void*, unsigned long)
 .text._Z9USBD_Recvm
                0x000821f8       0x22 C:\Users\Andreas Gruber\AppData\Local\Temp\VMBuilds\maya\arduino_due_x_dbg/core.a(USBCore.cpp.o)
                0x000821f8                USBD_Recv(unsigned long)
 *fill*         0x0008221a        0x2 
 .text._Z9USBD_SendmPKvm
                0x0008221c       0x4c C:\Users\Andreas Gruber\AppData\Local\Temp\VMBuilds\maya\arduino_due_x_dbg/core.a(USBCore.cpp.o)
                0x0008221c                USBD_Send(unsigned long, void const*, unsigned long)
 .text._Z16USBD_SendControlhPKvm
                0x00082268       0x40 C:\Users\Andreas Gruber\AppData\Local\Temp\VMBuilds\maya\arduino_due_x_dbg/core.a(USBCore.cpp.o)
                0x00082268                USBD_SendControl(unsigned char, void const*, unsigned long)
 .text.unlikely._ZL24USB_SendStringDescriptorPKhi
                0x000822a8       0x64 C:\Users\Andreas Gruber\AppData\Local\Temp\VMBuilds\maya\arduino_due_x_dbg/core.a(USBCore.cpp.o)
 .text._Z16USBD_RecvControlPvm
                0x0008230c       0x1c C:\Users\Andreas Gruber\AppData\Local\Temp\VMBuilds\maya\arduino_due_x_dbg/core.a(USBCore.cpp.o)
                0x0008230c                USBD_RecvControl(void*, unsigned long)
 .text._Z26USBD_ClassInterfaceRequestR8USBSetup
                0x00082328       0x1e C:\Users\Andreas Gruber\AppData\Local\Temp\VMBuilds\maya\arduino_due_x_dbg/core.a(USBCore.cpp.o)
                0x00082328                USBD_ClassInterfaceRequest(USBSetup&)
 .text._Z19USBD_SendInterfacesv
                0x00082346       0x22 C:\Users\Andreas Gruber\AppData\Local\Temp\VMBuilds\maya\arduino_due_x_dbg/core.a(USBCore.cpp.o)
                0x00082346                USBD_SendInterfaces()
 .text._Z24USBD_SendOtherInterfacesv
                0x00082368       0x22 C:\Users\Andreas Gruber\AppData\Local\Temp\VMBuilds\maya\arduino_due_x_dbg/core.a(USBCore.cpp.o)
                0x00082368                USBD_SendOtherInterfaces()
 .text._Z10USBD_Flushm
                0x0008238a       0x16 C:\Users\Andreas Gruber\AppData\Local\Temp\VMBuilds\maya\arduino_due_x_dbg/core.a(USBCore.cpp.o)
                0x0008238a                USBD_Flush(unsigned long)
 .text._ZN10USBDevice_C2Ev
                0x000823a0       0x24 C:\Users\Andreas Gruber\AppData\Local\Temp\VMBuilds\maya\arduino_due_x_dbg/core.a(USBCore.cpp.o)
                0x000823a0                USBDevice_::USBDevice_()
                0x000823a0                USBDevice_::USBDevice_()
 .text._ZN10USBDevice_6attachEv
                0x000823c4       0x20 C:\Users\Andreas Gruber\AppData\Local\Temp\VMBuilds\maya\arduino_due_x_dbg/core.a(USBCore.cpp.o)
                0x000823c4                USBDevice_::attach()
 .text.startup._GLOBAL__sub_I_EndPoints
                0x000823e4        0xc C:\Users\Andreas Gruber\AppData\Local\Temp\VMBuilds\maya\arduino_due_x_dbg/core.a(USBCore.cpp.o)
 .text._ZL7USB_ISRv
                0x000823f0      0x454 C:\Users\Andreas Gruber\AppData\Local\Temp\VMBuilds\maya\arduino_due_x_dbg/core.a(USBCore.cpp.o)
 .text._ZN7Serial_9availableEv
                0x00082844       0x18 C:\Users\Andreas Gruber\AppData\Local\Temp\VMBuilds\maya\arduino_due_x_dbg/core.a(CDC.cpp.o)
                0x00082844                Serial_::available()
 .text._ZN7Serial_17availableForWriteEv
                0x0008285c        0x6 C:\Users\Andreas Gruber\AppData\Local\Temp\VMBuilds\maya\arduino_due_x_dbg/core.a(CDC.cpp.o)
                0x0008285c                Serial_::availableForWrite()
 *fill*         0x00082862        0x2 
 .text._ZN7Serial_4peekEv
                0x00082864       0x20 C:\Users\Andreas Gruber\AppData\Local\Temp\VMBuilds\maya\arduino_due_x_dbg/core.a(CDC.cpp.o)
                0x00082864                Serial_::peek()
 .text._ZN7Serial_5writeEh
                0x00082884       0x16 C:\Users\Andreas Gruber\AppData\Local\Temp\VMBuilds\maya\arduino_due_x_dbg/core.a(CDC.cpp.o)
                0x00082884                Serial_::write(unsigned char)
 *fill*         0x0008289a        0x2 
 .text._ZN7Serial_4readEv
                0x0008289c       0x44 C:\Users\Andreas Gruber\AppData\Local\Temp\VMBuilds\maya\arduino_due_x_dbg/core.a(CDC.cpp.o)
                0x0008289c                Serial_::read()
 .text._ZN7Serial_5flushEv
                0x000828e0        0x6 C:\Users\Andreas Gruber\AppData\Local\Temp\VMBuilds\maya\arduino_due_x_dbg/core.a(CDC.cpp.o)
                0x000828e0                Serial_::flush()
 *fill*         0x000828e6        0x2 
 .text._ZN7Serial_6acceptEv
                0x000828e8       0x70 C:\Users\Andreas Gruber\AppData\Local\Temp\VMBuilds\maya\arduino_due_x_dbg/core.a(CDC.cpp.o)
                0x000828e8                Serial_::accept()
 .text._ZN7Serial_5writeEPKhj
                0x00082958       0x2c C:\Users\Andreas Gruber\AppData\Local\Temp\VMBuilds\maya\arduino_due_x_dbg/core.a(CDC.cpp.o)
                0x00082958                Serial_::write(unsigned char const*, unsigned int)
 .text._Z16CDC_GetInterfacePh
                0x00082984       0x14 C:\Users\Andreas Gruber\AppData\Local\Temp\VMBuilds\maya\arduino_due_x_dbg/core.a(CDC.cpp.o)
                0x00082984                CDC_GetInterface(unsigned char*)
 .text._Z21CDC_GetOtherInterfacePh
                0x00082998       0x14 C:\Users\Andreas Gruber\AppData\Local\Temp\VMBuilds\maya\arduino_due_x_dbg/core.a(CDC.cpp.o)
                0x00082998                CDC_GetOtherInterface(unsigned char*)
 .text._Z9CDC_SetupR8USBSetup
                0x000829ac       0x78 C:\Users\Andreas Gruber\AppData\Local\Temp\VMBuilds\maya\arduino_due_x_dbg/core.a(CDC.cpp.o)
                0x000829ac                CDC_Setup(USBSetup&)
 .text.startup._GLOBAL__sub_I_cdc_rx_buffer
                0x00082a24       0x1c C:\Users\Andreas Gruber\AppData\Local\Temp\VMBuilds\maya\arduino_due_x_dbg/core.a(CDC.cpp.o)
 .text._ZN13PluggableUSB_12getInterfaceEPh
                0x00082a40       0x28 C:\Users\Andreas Gruber\AppData\Local\Temp\VMBuilds\maya\arduino_due_x_dbg/core.a(PluggableUSB.cpp.o)
                0x00082a40                PluggableUSB_::getInterface(unsigned char*)
 .text._ZN13PluggableUSB_13getDescriptorER8USBSetup
                0x00082a68       0x1c C:\Users\Andreas Gruber\AppData\Local\Temp\VMBuilds\maya\arduino_due_x_dbg/core.a(PluggableUSB.cpp.o)
                0x00082a68                PluggableUSB_::getDescriptor(USBSetup&)
 .text._ZN13PluggableUSB_12getShortNameEPc
                0x00082a84       0x1c C:\Users\Andreas Gruber\AppData\Local\Temp\VMBuilds\maya\arduino_due_x_dbg/core.a(PluggableUSB.cpp.o)
                0x00082a84                PluggableUSB_::getShortName(char*)
 .text._ZN13PluggableUSB_5setupER8USBSetup
                0x00082aa0       0x20 C:\Users\Andreas Gruber\AppData\Local\Temp\VMBuilds\maya\arduino_due_x_dbg/core.a(PluggableUSB.cpp.o)
                0x00082aa0                PluggableUSB_::setup(USBSetup&)
 .text._Z12PluggableUSBv
                0x00082ac0       0x28 C:\Users\Andreas Gruber\AppData\Local\Temp\VMBuilds\maya\arduino_due_x_dbg/core.a(PluggableUSB.cpp.o)
                0x00082ac0                PluggableUSB()
 .text.TimeTick_Increment
                0x00082ae8       0x10 C:\Users\Andreas Gruber\AppData\Local\arduino15\packages\arduino\hardware\sam\1.6.9\variants\arduino_due_x/libsam_sam3x8e_gcc_rel.a(timetick.o)
                0x00082ae8                TimeTick_Increment
 .text.GetTickCount
                0x00082af8        0xc C:\Users\Andreas Gruber\AppData\Local\arduino15\packages\arduino\hardware\sam\1.6.9\variants\arduino_due_x/libsam_sam3x8e_gcc_rel.a(timetick.o)
                0x00082af8                GetTickCount
 .text.WDT_Disable
                0x00082b04        0x8 C:\Users\Andreas Gruber\AppData\Local\arduino15\packages\arduino\hardware\sam\1.6.9\variants\arduino_due_x/libsam_sam3x8e_gcc_rel.a(wdt.o)
                0x00082b04                WDT_Disable
 .text.UDD_SetStack
                0x00082b0c        0xc C:\Users\Andreas Gruber\AppData\Local\arduino15\packages\arduino\hardware\sam\1.6.9\variants\arduino_due_x/libsam_sam3x8e_gcc_rel.a(uotghs_device.o)
                0x00082b0c                UDD_SetStack
 .text.UDD_Init
                0x00082b18       0xd0 C:\Users\Andreas Gruber\AppData\Local\arduino15\packages\arduino\hardware\sam\1.6.9\variants\arduino_due_x/libsam_sam3x8e_gcc_rel.a(uotghs_device.o)
                0x00082b18                UDD_Init
 .text.UDD_Attach
                0x00082be8       0x50 C:\Users\Andreas Gruber\AppData\Local\arduino15\packages\arduino\hardware\sam\1.6.9\variants\arduino_due_x/libsam_sam3x8e_gcc_rel.a(uotghs_device.o)
                0x00082be8                UDD_Attach
 .text.UDD_InitEP
                0x00082c38       0x2c C:\Users\Andreas Gruber\AppData\Local\arduino15\packages\arduino\hardware\sam\1.6.9\variants\arduino_due_x/libsam_sam3x8e_gcc_rel.a(uotghs_device.o)
                0x00082c38                UDD_InitEP
 .text.UDD_InitEndpoints
                0x00082c64       0x3c C:\Users\Andreas Gruber\AppData\Local\arduino15\packages\arduino\hardware\sam\1.6.9\variants\arduino_due_x/libsam_sam3x8e_gcc_rel.a(uotghs_device.o)
                0x00082c64                UDD_InitEndpoints
 .text.UDD_WaitIN
                0x00082ca0       0x10 C:\Users\Andreas Gruber\AppData\Local\arduino15\packages\arduino\hardware\sam\1.6.9\variants\arduino_due_x/libsam_sam3x8e_gcc_rel.a(uotghs_device.o)
                0x00082ca0                UDD_WaitIN
 .text.UDD_WaitOUT
                0x00082cb0       0x10 C:\Users\Andreas Gruber\AppData\Local\arduino15\packages\arduino\hardware\sam\1.6.9\variants\arduino_due_x/libsam_sam3x8e_gcc_rel.a(uotghs_device.o)
                0x00082cb0                UDD_WaitOUT
 .text.UDD_ClearIN
                0x00082cc0       0x18 C:\Users\Andreas Gruber\AppData\Local\arduino15\packages\arduino\hardware\sam\1.6.9\variants\arduino_due_x/libsam_sam3x8e_gcc_rel.a(uotghs_device.o)
                0x00082cc0                UDD_ClearIN
 .text.UDD_ClearOUT
                0x00082cd8       0x18 C:\Users\Andreas Gruber\AppData\Local\arduino15\packages\arduino\hardware\sam\1.6.9\variants\arduino_due_x/libsam_sam3x8e_gcc_rel.a(uotghs_device.o)
                0x00082cd8                UDD_ClearOUT
 .text.UDD_ReceivedSetupInt
                0x00082cf0       0x10 C:\Users\Andreas Gruber\AppData\Local\arduino15\packages\arduino\hardware\sam\1.6.9\variants\arduino_due_x/libsam_sam3x8e_gcc_rel.a(uotghs_device.o)
                0x00082cf0                UDD_ReceivedSetupInt
 .text.UDD_ClearSetupInt
                0x00082d00       0x10 C:\Users\Andreas Gruber\AppData\Local\arduino15\packages\arduino\hardware\sam\1.6.9\variants\arduino_due_x/libsam_sam3x8e_gcc_rel.a(uotghs_device.o)
                0x00082d00                UDD_ClearSetupInt
 .text.UDD_Send
                0x00082d10       0x88 C:\Users\Andreas Gruber\AppData\Local\arduino15\packages\arduino\hardware\sam\1.6.9\variants\arduino_due_x/libsam_sam3x8e_gcc_rel.a(uotghs_device.o)
                0x00082d10                UDD_Send
 .text.UDD_Send8
                0x00082d98       0x24 C:\Users\Andreas Gruber\AppData\Local\arduino15\packages\arduino\hardware\sam\1.6.9\variants\arduino_due_x/libsam_sam3x8e_gcc_rel.a(uotghs_device.o)
                0x00082d98                UDD_Send8
 .text.UDD_Recv8
                0x00082dbc       0x28 C:\Users\Andreas Gruber\AppData\Local\arduino15\packages\arduino\hardware\sam\1.6.9\variants\arduino_due_x/libsam_sam3x8e_gcc_rel.a(uotghs_device.o)
                0x00082dbc                UDD_Recv8
 .text.UDD_Recv
                0x00082de4       0x34 C:\Users\Andreas Gruber\AppData\Local\arduino15\packages\arduino\hardware\sam\1.6.9\variants\arduino_due_x/libsam_sam3x8e_gcc_rel.a(uotghs_device.o)
                0x00082de4                UDD_Recv
 .text.UDD_Stall
                0x00082e18       0x14 C:\Users\Andreas Gruber\AppData\Local\arduino15\packages\arduino\hardware\sam\1.6.9\variants\arduino_due_x/libsam_sam3x8e_gcc_rel.a(uotghs_device.o)
                0x00082e18                UDD_Stall
 .text.UDD_FifoByteCount
                0x00082e2c       0x14 C:\Users\Andreas Gruber\AppData\Local\arduino15\packages\arduino\hardware\sam\1.6.9\variants\arduino_due_x/libsam_sam3x8e_gcc_rel.a(uotghs_device.o)
                0x00082e2c                UDD_FifoByteCount
 .text.UDD_ReleaseRX
                0x00082e40       0x28 C:\Users\Andreas Gruber\AppData\Local\arduino15\packages\arduino\hardware\sam\1.6.9\variants\arduino_due_x/libsam_sam3x8e_gcc_rel.a(uotghs_device.o)
                0x00082e40                UDD_ReleaseRX
 .text.UDD_ReleaseTX
                0x00082e68       0x28 C:\Users\Andreas Gruber\AppData\Local\arduino15\packages\arduino\hardware\sam\1.6.9\variants\arduino_due_x/libsam_sam3x8e_gcc_rel.a(uotghs_device.o)
                0x00082e68                UDD_ReleaseTX
 .text.UDD_SetAddress
                0x00082e90       0x20 C:\Users\Andreas Gruber\AppData\Local\arduino15\packages\arduino\hardware\sam\1.6.9\variants\arduino_due_x/libsam_sam3x8e_gcc_rel.a(uotghs_device.o)
                0x00082e90                UDD_SetAddress
 .text.cos      0x00082eb0       0x8c c:/users/andreas gruber/appdata/local/arduino15/packages/arduino/tools/arm-none-eabi-gcc/4.8.3-2014q1/bin/../lib/gcc/arm-none-eabi/4.8.3/../../../../arm-none-eabi/lib/armv7-m\libm.a(lib_a-s_cos.o)
                0x00082eb0                cos
 .text.__fpclassifyd
                0x00082f3c       0x50 c:/users/andreas gruber/appdata/local/arduino15/packages/arduino/tools/arm-none-eabi-gcc/4.8.3-2014q1/bin/../lib/gcc/arm-none-eabi/4.8.3/../../../../arm-none-eabi/lib/armv7-m\libm.a(lib_a-s_fpclassify.o)
                0x00082f3c                __fpclassifyd
 .text.sin      0x00082f8c       0x94 c:/users/andreas gruber/appdata/local/arduino15/packages/arduino/tools/arm-none-eabi-gcc/4.8.3-2014q1/bin/../lib/gcc/arm-none-eabi/4.8.3/../../../../arm-none-eabi/lib/armv7-m\libm.a(lib_a-s_sin.o)
                0x00082f8c                sin
 .text.__ieee754_rem_pio2
                0x00083020      0x440 c:/users/andreas gruber/appdata/local/arduino15/packages/arduino/tools/arm-none-eabi-gcc/4.8.3-2014q1/bin/../lib/gcc/arm-none-eabi/4.8.3/../../../../arm-none-eabi/lib/armv7-m\libm.a(lib_a-e_rem_pio2.o)
                0x00083020                __ieee754_rem_pio2
 .text.__kernel_cos
                0x00083460      0x248 c:/users/andreas gruber/appdata/local/arduino15/packages/arduino/tools/arm-none-eabi-gcc/4.8.3-2014q1/bin/../lib/gcc/arm-none-eabi/4.8.3/../../../../arm-none-eabi/lib/armv7-m\libm.a(lib_a-k_cos.o)
                0x00083460                __kernel_cos
 .text.__kernel_rem_pio2
                0x000836a8      0x7bc c:/users/andreas gruber/appdata/local/arduino15/packages/arduino/tools/arm-none-eabi-gcc/4.8.3-2014q1/bin/../lib/gcc/arm-none-eabi/4.8.3/../../../../arm-none-eabi/lib/armv7-m\libm.a(lib_a-k_rem_pio2.o)
                0x000836a8                __kernel_rem_pio2
 *fill*         0x00083e64        0x4 
 .text.__kernel_sin
                0x00083e68      0x170 c:/users/andreas gruber/appdata/local/arduino15/packages/arduino/tools/arm-none-eabi-gcc/4.8.3-2014q1/bin/../lib/gcc/arm-none-eabi/4.8.3/../../../../arm-none-eabi/lib/armv7-m\libm.a(lib_a-k_sin.o)
                0x00083e68                __kernel_sin
 .text.fabs     0x00083fd8        0x8 c:/users/andreas gruber/appdata/local/arduino15/packages/arduino/tools/arm-none-eabi-gcc/4.8.3-2014q1/bin/../lib/gcc/arm-none-eabi/4.8.3/../../../../arm-none-eabi/lib/armv7-m\libm.a(lib_a-s_fabs.o)
                0x00083fd8                fabs
 .text.floor    0x00083fe0      0x120 c:/users/andreas gruber/appdata/local/arduino15/packages/arduino/tools/arm-none-eabi-gcc/4.8.3-2014q1/bin/../lib/gcc/arm-none-eabi/4.8.3/../../../../arm-none-eabi/lib/armv7-m\libm.a(lib_a-s_floor.o)
                0x00083fe0                floor
 .text.scalbn   0x00084100      0x100 c:/users/andreas gruber/appdata/local/arduino15/packages/arduino/tools/arm-none-eabi-gcc/4.8.3-2014q1/bin/../lib/gcc/arm-none-eabi/4.8.3/../../../../arm-none-eabi/lib/armv7-m\libm.a(lib_a-s_scalbn.o)
                0x00084100                scalbn
 .text.copysign
                0x00084200       0x14 c:/users/andreas gruber/appdata/local/arduino15/packages/arduino/tools/arm-none-eabi-gcc/4.8.3-2014q1/bin/../lib/gcc/arm-none-eabi/4.8.3/../../../../arm-none-eabi/lib/armv7-m\libm.a(lib_a-s_copysign.o)
                0x00084200                copysign
 .text          0x00084214      0x370 c:/users/andreas gruber/appdata/local/arduino15/packages/arduino/tools/arm-none-eabi-gcc/4.8.3-2014q1/bin/../lib/gcc/arm-none-eabi/4.8.3/armv7-m\libgcc.a(_arm_addsubdf3.o)
                0x00084214                __aeabi_drsub
                0x0008421c                __aeabi_dsub
                0x0008421c                __subdf3
                0x00084220                __aeabi_dadd
                0x00084220                __adddf3
                0x00084498                __floatunsidf
                0x00084498                __aeabi_ui2d
                0x000844b8                __floatsidf
                0x000844b8                __aeabi_i2d
                0x000844dc                __aeabi_f2d
                0x000844dc                __extendsfdf2
                0x00084518                __floatundidf
                0x00084518                __aeabi_ul2d
                0x00084528                __floatdidf
                0x00084528                __aeabi_l2d
 .text          0x00084584      0x424 c:/users/andreas gruber/appdata/local/arduino15/packages/arduino/tools/arm-none-eabi-gcc/4.8.3-2014q1/bin/../lib/gcc/arm-none-eabi/4.8.3/armv7-m\libgcc.a(_arm_muldivdf3.o)
                0x00084584                __aeabi_dmul
                0x00084584                __muldf3
                0x000847d8                __divdf3
                0x000847d8                __aeabi_ddiv
 .text          0x000849a8      0x110 c:/users/andreas gruber/appdata/local/arduino15/packages/arduino/tools/arm-none-eabi-gcc/4.8.3-2014q1/bin/../lib/gcc/arm-none-eabi/4.8.3/armv7-m\libgcc.a(_arm_cmpdf2.o)
                0x000849a8                __gtdf2
                0x000849a8                __gedf2
                0x000849b0                __ltdf2
                0x000849b0                __ledf2
                0x000849b8                __nedf2
                0x000849b8                __eqdf2
                0x000849b8                __cmpdf2
                0x00084a34                __aeabi_cdrcmple
                0x00084a44                __aeabi_cdcmpeq
                0x00084a44                __aeabi_cdcmple
                0x00084a54                __aeabi_dcmpeq
                0x00084a68                __aeabi_dcmplt
                0x00084a7c                __aeabi_dcmple
                0x00084a90                __aeabi_dcmpge
                0x00084aa4                __aeabi_dcmpgt
 .text          0x00084ab8       0x50 c:/users/andreas gruber/appdata/local/arduino15/packages/arduino/tools/arm-none-eabi-gcc/4.8.3-2014q1/bin/../lib/gcc/arm-none-eabi/4.8.3/armv7-m\libgcc.a(_arm_fixdfsi.o)
                0x00084ab8                __aeabi_d2iz
                0x00084ab8                __fixdfsi
 .text          0x00084b08       0x40 c:/users/andreas gruber/appdata/local/arduino15/packages/arduino/tools/arm-none-eabi-gcc/4.8.3-2014q1/bin/../lib/gcc/arm-none-eabi/4.8.3/armv7-m\libgcc.a(_arm_fixunsdfsi.o)
                0x00084b08                __aeabi_d2uiz
                0x00084b08                __fixunsdfsi
 .text.__assert_func
                0x00084b48       0x3c c:/users/andreas gruber/appdata/local/arduino15/packages/arduino/tools/arm-none-eabi-gcc/4.8.3-2014q1/bin/../lib/gcc/arm-none-eabi/4.8.3/../../../../arm-none-eabi/lib/armv7-m\libg.a(lib_a-assert.o)
                0x00084b48                __assert_func
 .text.fiprintf
                0x00084b84       0x28 c:/users/andreas gruber/appdata/local/arduino15/packages/arduino/tools/arm-none-eabi-gcc/4.8.3-2014q1/bin/../lib/gcc/arm-none-eabi/4.8.3/../../../../arm-none-eabi/lib/armv7-m\libg.a(lib_a-fiprintf.o)
                0x00084b84                fiprintf
 .text.__libc_init_array
                0x00084bac       0x50 c:/users/andreas gruber/appdata/local/arduino15/packages/arduino/tools/arm-none-eabi-gcc/4.8.3-2014q1/bin/../lib/gcc/arm-none-eabi/4.8.3/../../../../arm-none-eabi/lib/armv7-m\libg.a(lib_a-init.o)
                0x00084bac                __libc_init_array
 .text.iprintf  0x00084bfc       0x28 c:/users/andreas gruber/appdata/local/arduino15/packages/arduino/tools/arm-none-eabi-gcc/4.8.3-2014q1/bin/../lib/gcc/arm-none-eabi/4.8.3/../../../../arm-none-eabi/lib/armv7-m\libg.a(lib_a-iprintf.o)
                0x00084bfc                iprintf
 .text.malloc   0x00084c24       0x10 c:/users/andreas gruber/appdata/local/arduino15/packages/arduino/tools/arm-none-eabi-gcc/4.8.3-2014q1/bin/../lib/gcc/arm-none-eabi/4.8.3/../../../../arm-none-eabi/lib/armv7-m\libg.a(lib_a-malloc.o)
                0x00084c24                malloc
 .text._malloc_r
                0x00084c34      0x538 c:/users/andreas gruber/appdata/local/arduino15/packages/arduino/tools/arm-none-eabi-gcc/4.8.3-2014q1/bin/../lib/gcc/arm-none-eabi/4.8.3/../../../../arm-none-eabi/lib/armv7-m\libg.a(lib_a-mallocr.o)
                0x00084c34                _malloc_r
 .text.memset   0x0008516c       0x94 c:/users/andreas gruber/appdata/local/arduino15/packages/arduino/tools/arm-none-eabi-gcc/4.8.3-2014q1/bin/../lib/gcc/arm-none-eabi/4.8.3/../../../../arm-none-eabi/lib/armv7-m\libg.a(lib_a-memset.o)
                0x0008516c                memset
 .text.__malloc_lock
                0x00085200        0x4 c:/users/andreas gruber/appdata/local/arduino15/packages/arduino/tools/arm-none-eabi-gcc/4.8.3-2014q1/bin/../lib/gcc/arm-none-eabi/4.8.3/../../../../arm-none-eabi/lib/armv7-m\libg.a(lib_a-mlock.o)
                0x00085200                __malloc_lock
 .text.__malloc_unlock
                0x00085204        0x4 c:/users/andreas gruber/appdata/local/arduino15/packages/arduino/tools/arm-none-eabi-gcc/4.8.3-2014q1/bin/../lib/gcc/arm-none-eabi/4.8.3/../../../../arm-none-eabi/lib/armv7-m\libg.a(lib_a-mlock.o)
                0x00085204                __malloc_unlock
 .text._sbrk_r  0x00085208       0x24 c:/users/andreas gruber/appdata/local/arduino15/packages/arduino/tools/arm-none-eabi-gcc/4.8.3-2014q1/bin/../lib/gcc/arm-none-eabi/4.8.3/../../../../arm-none-eabi/lib/armv7-m\libg.a(lib_a-sbrkr.o)
                0x00085208                _sbrk_r
 .text.strlen   0x0008522c       0x60 c:/users/andreas gruber/appdata/local/arduino15/packages/arduino/tools/arm-none-eabi-gcc/4.8.3-2014q1/bin/../lib/gcc/arm-none-eabi/4.8.3/../../../../arm-none-eabi/lib/armv7-m\libg.a(lib_a-strlen.o)
                0x0008522c                strlen
 .text.kill     0x0008528c       0x10 c:/users/andreas gruber/appdata/local/arduino15/packages/arduino/tools/arm-none-eabi-gcc/4.8.3-2014q1/bin/../lib/gcc/arm-none-eabi/4.8.3/../../../../arm-none-eabi/lib/armv7-m\libg.a(lib_a-syskill.o)
                0x0008528c                kill
 .text.__sprint_r.part.0
                0x0008529c       0x78 c:/users/andreas gruber/appdata/local/arduino15/packages/arduino/tools/arm-none-eabi-gcc/4.8.3-2014q1/bin/../lib/gcc/arm-none-eabi/4.8.3/../../../../arm-none-eabi/lib/armv7-m\libg.a(lib_a-vfiprintf.o)
 .text._vfiprintf_r
                0x00085314      0xc54 c:/users/andreas gruber/appdata/local/arduino15/packages/arduino/tools/arm-none-eabi-gcc/4.8.3-2014q1/bin/../lib/gcc/arm-none-eabi/4.8.3/../../../../arm-none-eabi/lib/armv7-m\libg.a(lib_a-vfiprintf.o)
                0x00085314                _vfiprintf_r
 .text.__sbprintf
                0x00085f68       0x7c c:/users/andreas gruber/appdata/local/arduino15/packages/arduino/tools/arm-none-eabi-gcc/4.8.3-2014q1/bin/../lib/gcc/arm-none-eabi/4.8.3/../../../../arm-none-eabi/lib/armv7-m\libg.a(lib_a-vfiprintf.o)
 .text.__swsetup_r
                0x00085fe4       0xc4 c:/users/andreas gruber/appdata/local/arduino15/packages/arduino/tools/arm-none-eabi-gcc/4.8.3-2014q1/bin/../lib/gcc/arm-none-eabi/4.8.3/../../../../arm-none-eabi/lib/armv7-m\libg.a(lib_a-wsetup.o)
                0x00085fe4                __swsetup_r
 .text.startup.register_fini
                0x000860a8       0x14 c:/users/andreas gruber/appdata/local/arduino15/packages/arduino/tools/arm-none-eabi-gcc/4.8.3-2014q1/bin/../lib/gcc/arm-none-eabi/4.8.3/../../../../arm-none-eabi/lib/armv7-m\libg.a(lib_a-__call_atexit.o)
 .text.abort    0x000860bc       0x10 c:/users/andreas gruber/appdata/local/arduino15/packages/arduino/tools/arm-none-eabi-gcc/4.8.3-2014q1/bin/../lib/gcc/arm-none-eabi/4.8.3/../../../../arm-none-eabi/lib/armv7-m\libg.a(lib_a-abort.o)
                0x000860bc                abort
 .text.atexit   0x000860cc        0xc c:/users/andreas gruber/appdata/local/arduino15/packages/arduino/tools/arm-none-eabi-gcc/4.8.3-2014q1/bin/../lib/gcc/arm-none-eabi/4.8.3/../../../../arm-none-eabi/lib/armv7-m\libg.a(lib_a-atexit.o)
                0x000860cc                atexit
 .text.__sflush_r
                0x000860d8      0x148 c:/users/andreas gruber/appdata/local/arduino15/packages/arduino/tools/arm-none-eabi-gcc/4.8.3-2014q1/bin/../lib/gcc/arm-none-eabi/4.8.3/../../../../arm-none-eabi/lib/armv7-m\libg.a(lib_a-fflush.o)
                0x000860d8                __sflush_r
 .text._fflush_r
                0x00086220       0x2c c:/users/andreas gruber/appdata/local/arduino15/packages/arduino/tools/arm-none-eabi-gcc/4.8.3-2014q1/bin/../lib/gcc/arm-none-eabi/4.8.3/../../../../arm-none-eabi/lib/armv7-m\libg.a(lib_a-fflush.o)
                0x00086220                _fflush_r
 .text._cleanup_r
                0x0008624c        0xc c:/users/andreas gruber/appdata/local/arduino15/packages/arduino/tools/arm-none-eabi-gcc/4.8.3-2014q1/bin/../lib/gcc/arm-none-eabi/4.8.3/../../../../arm-none-eabi/lib/armv7-m\libg.a(lib_a-findfp.o)
                0x0008624c                _cleanup_r
 .text.__sinit  0x00086258       0xf4 c:/users/andreas gruber/appdata/local/arduino15/packages/arduino/tools/arm-none-eabi-gcc/4.8.3-2014q1/bin/../lib/gcc/arm-none-eabi/4.8.3/../../../../arm-none-eabi/lib/armv7-m\libg.a(lib_a-findfp.o)
                0x00086258                __sinit
 .text.__sfp_lock_acquire
                0x0008634c        0x4 c:/users/andreas gruber/appdata/local/arduino15/packages/arduino/tools/arm-none-eabi-gcc/4.8.3-2014q1/bin/../lib/gcc/arm-none-eabi/4.8.3/../../../../arm-none-eabi/lib/armv7-m\libg.a(lib_a-findfp.o)
                0x0008634c                __sfp_lock_acquire
 .text.__sfp_lock_release
                0x00086350        0x4 c:/users/andreas gruber/appdata/local/arduino15/packages/arduino/tools/arm-none-eabi-gcc/4.8.3-2014q1/bin/../lib/gcc/arm-none-eabi/4.8.3/../../../../arm-none-eabi/lib/armv7-m\libg.a(lib_a-findfp.o)
                0x00086350                __sfp_lock_release
 .text.__libc_fini_array
                0x00086354       0x30 c:/users/andreas gruber/appdata/local/arduino15/packages/arduino/tools/arm-none-eabi-gcc/4.8.3-2014q1/bin/../lib/gcc/arm-none-eabi/4.8.3/../../../../arm-none-eabi/lib/armv7-m\libg.a(lib_a-fini.o)
                0x00086354                __libc_fini_array
 .text._fputwc_r
                0x00086384       0xc0 c:/users/andreas gruber/appdata/local/arduino15/packages/arduino/tools/arm-none-eabi-gcc/4.8.3-2014q1/bin/../lib/gcc/arm-none-eabi/4.8.3/../../../../arm-none-eabi/lib/armv7-m\libg.a(lib_a-fputwc.o)
                0x00086384                _fputwc_r
 .text._malloc_trim_r
                0x00086444       0x9c c:/users/andreas gruber/appdata/local/arduino15/packages/arduino/tools/arm-none-eabi-gcc/4.8.3-2014q1/bin/../lib/gcc/arm-none-eabi/4.8.3/../../../../arm-none-eabi/lib/armv7-m\libg.a(lib_a-freer.o)
                0x00086444                _malloc_trim_r
 .text._free_r  0x000864e0      0x198 c:/users/andreas gruber/appdata/local/arduino15/packages/arduino/tools/arm-none-eabi-gcc/4.8.3-2014q1/bin/../lib/gcc/arm-none-eabi/4.8.3/../../../../arm-none-eabi/lib/armv7-m\libg.a(lib_a-freer.o)
                0x000864e0                _free_r
 .text.__sfvwrite_r
                0x00086678      0x314 c:/users/andreas gruber/appdata/local/arduino15/packages/arduino/tools/arm-none-eabi-gcc/4.8.3-2014q1/bin/../lib/gcc/arm-none-eabi/4.8.3/../../../../arm-none-eabi/lib/armv7-m\libg.a(lib_a-fvwrite.o)
                0x00086678                __sfvwrite_r
 .text._fwalk   0x0008698c       0x48 c:/users/andreas gruber/appdata/local/arduino15/packages/arduino/tools/arm-none-eabi-gcc/4.8.3-2014q1/bin/../lib/gcc/arm-none-eabi/4.8.3/../../../../arm-none-eabi/lib/armv7-m\libg.a(lib_a-fwalk.o)
                0x0008698c                _fwalk
 .text.__locale_charset
                0x000869d4        0x8 c:/users/andreas gruber/appdata/local/arduino15/packages/arduino/tools/arm-none-eabi-gcc/4.8.3-2014q1/bin/../lib/gcc/arm-none-eabi/4.8.3/../../../../arm-none-eabi/lib/armv7-m\libg.a(lib_a-locale.o)
                0x000869d4                __locale_charset
 .text.__locale_mb_cur_max
                0x000869dc        0xc c:/users/andreas gruber/appdata/local/arduino15/packages/arduino/tools/arm-none-eabi-gcc/4.8.3-2014q1/bin/../lib/gcc/arm-none-eabi/4.8.3/../../../../arm-none-eabi/lib/armv7-m\libg.a(lib_a-locale.o)
                0x000869dc                __locale_mb_cur_max
 .text.__smakebuf_r
                0x000869e8       0xe0 c:/users/andreas gruber/appdata/local/arduino15/packages/arduino/tools/arm-none-eabi-gcc/4.8.3-2014q1/bin/../lib/gcc/arm-none-eabi/4.8.3/../../../../arm-none-eabi/lib/armv7-m\libg.a(lib_a-makebuf.o)
                0x000869e8                __smakebuf_r
 .text.memchr   0x00086ac8       0x94 c:/users/andreas gruber/appdata/local/arduino15/packages/arduino/tools/arm-none-eabi-gcc/4.8.3-2014q1/bin/../lib/gcc/arm-none-eabi/4.8.3/../../../../arm-none-eabi/lib/armv7-m\libg.a(lib_a-memchr-stub.o)
                0x00086ac8                memchr
 .text          0x00086b5c       0xec c:/users/andreas gruber/appdata/local/arduino15/packages/arduino/tools/arm-none-eabi-gcc/4.8.3-2014q1/bin/../lib/gcc/arm-none-eabi/4.8.3/../../../../arm-none-eabi/lib/armv7-m\libg.a(lib_a-memcpy.o)
                0x00086b5c                memcpy
 .text.memmove  0x00086c48       0xcc c:/users/andreas gruber/appdata/local/arduino15/packages/arduino/tools/arm-none-eabi-gcc/4.8.3-2014q1/bin/../lib/gcc/arm-none-eabi/4.8.3/../../../../arm-none-eabi/lib/armv7-m\libg.a(lib_a-memmove.o)
                0x00086c48                memmove
 .text._realloc_r
                0x00086d14      0x3c0 c:/users/andreas gruber/appdata/local/arduino15/packages/arduino/tools/arm-none-eabi-gcc/4.8.3-2014q1/bin/../lib/gcc/arm-none-eabi/4.8.3/../../../../arm-none-eabi/lib/armv7-m\libg.a(lib_a-reallocr.o)
                0x00086d14                _realloc_r
 .text._raise_r
                0x000870d4       0x58 c:/users/andreas gruber/appdata/local/arduino15/packages/arduino/tools/arm-none-eabi-gcc/4.8.3-2014q1/bin/../lib/gcc/arm-none-eabi/4.8.3/../../../../arm-none-eabi/lib/armv7-m\libg.a(lib_a-signal.o)
                0x000870d4                _raise_r
 .text.raise    0x0008712c       0x10 c:/users/andreas gruber/appdata/local/arduino15/packages/arduino/tools/arm-none-eabi-gcc/4.8.3-2014q1/bin/../lib/gcc/arm-none-eabi/4.8.3/../../../../arm-none-eabi/lib/armv7-m\libg.a(lib_a-signal.o)
                0x0008712c                raise
 .text._kill_r  0x0008713c       0x28 c:/users/andreas gruber/appdata/local/arduino15/packages/arduino/tools/arm-none-eabi-gcc/4.8.3-2014q1/bin/../lib/gcc/arm-none-eabi/4.8.3/../../../../arm-none-eabi/lib/armv7-m\libg.a(lib_a-signalr.o)
                0x0008713c                _kill_r
 .text._getpid_r
                0x00087164        0x4 c:/users/andreas gruber/appdata/local/arduino15/packages/arduino/tools/arm-none-eabi-gcc/4.8.3-2014q1/bin/../lib/gcc/arm-none-eabi/4.8.3/../../../../arm-none-eabi/lib/armv7-m\libg.a(lib_a-signalr.o)
                0x00087164                _getpid_r
 .text.__sread  0x00087168       0x24 c:/users/andreas gruber/appdata/local/arduino15/packages/arduino/tools/arm-none-eabi-gcc/4.8.3-2014q1/bin/../lib/gcc/arm-none-eabi/4.8.3/../../../../arm-none-eabi/lib/armv7-m\libg.a(lib_a-stdio.o)
                0x00087168                __sread
 .text.__swrite
                0x0008718c       0x38 c:/users/andreas gruber/appdata/local/arduino15/packages/arduino/tools/arm-none-eabi-gcc/4.8.3-2014q1/bin/../lib/gcc/arm-none-eabi/4.8.3/../../../../arm-none-eabi/lib/armv7-m\libg.a(lib_a-stdio.o)
                0x0008718c                __swrite
 .text.__sseek  0x000871c4       0x20 c:/users/andreas gruber/appdata/local/arduino15/packages/arduino/tools/arm-none-eabi-gcc/4.8.3-2014q1/bin/../lib/gcc/arm-none-eabi/4.8.3/../../../../arm-none-eabi/lib/armv7-m\libg.a(lib_a-stdio.o)
                0x000871c4                __sseek
 .text.__sclose
                0x000871e4        0x8 c:/users/andreas gruber/appdata/local/arduino15/packages/arduino/tools/arm-none-eabi-gcc/4.8.3-2014q1/bin/../lib/gcc/arm-none-eabi/4.8.3/../../../../arm-none-eabi/lib/armv7-m\libg.a(lib_a-stdio.o)
                0x000871e4                __sclose
 .text.__swbuf_r
                0x000871ec       0xa8 c:/users/andreas gruber/appdata/local/arduino15/packages/arduino/tools/arm-none-eabi-gcc/4.8.3-2014q1/bin/../lib/gcc/arm-none-eabi/4.8.3/../../../../arm-none-eabi/lib/armv7-m\libg.a(lib_a-wbuf.o)
                0x000871ec                __swbuf_r
 .text._wcrtomb_r
                0x00087294       0x50 c:/users/andreas gruber/appdata/local/arduino15/packages/arduino/tools/arm-none-eabi-gcc/4.8.3-2014q1/bin/../lib/gcc/arm-none-eabi/4.8.3/../../../../arm-none-eabi/lib/armv7-m\libg.a(lib_a-wcrtomb.o)
                0x00087294                _wcrtomb_r
 .text.__ascii_wctomb
                0x000872e4       0x1c c:/users/andreas gruber/appdata/local/arduino15/packages/arduino/tools/arm-none-eabi-gcc/4.8.3-2014q1/bin/../lib/gcc/arm-none-eabi/4.8.3/../../../../arm-none-eabi/lib/armv7-m\libg.a(lib_a-wctomb_r.o)
                0x000872e4                __ascii_wctomb
 .text._write_r
                0x00087300       0x28 c:/users/andreas gruber/appdata/local/arduino15/packages/arduino/tools/arm-none-eabi-gcc/4.8.3-2014q1/bin/../lib/gcc/arm-none-eabi/4.8.3/../../../../arm-none-eabi/lib/armv7-m\libg.a(lib_a-writer.o)
                0x00087300                _write_r
 .text.__register_exitproc
                0x00087328       0xa8 c:/users/andreas gruber/appdata/local/arduino15/packages/arduino/tools/arm-none-eabi-gcc/4.8.3-2014q1/bin/../lib/gcc/arm-none-eabi/4.8.3/../../../../arm-none-eabi/lib/armv7-m\libg.a(lib_a-__atexit.o)
                0x00087328                __register_exitproc
 .text._close_r
                0x000873d0       0x24 c:/users/andreas gruber/appdata/local/arduino15/packages/arduino/tools/arm-none-eabi-gcc/4.8.3-2014q1/bin/../lib/gcc/arm-none-eabi/4.8.3/../../../../arm-none-eabi/lib/armv7-m\libg.a(lib_a-closer.o)
                0x000873d0                _close_r
 .text._fclose_r
                0x000873f4       0x80 c:/users/andreas gruber/appdata/local/arduino15/packages/arduino/tools/arm-none-eabi-gcc/4.8.3-2014q1/bin/../lib/gcc/arm-none-eabi/4.8.3/../../../../arm-none-eabi/lib/armv7-m\libg.a(lib_a-fclose.o)
                0x000873f4                _fclose_r
 .text.fclose   0x00087474       0x10 c:/users/andreas gruber/appdata/local/arduino15/packages/arduino/tools/arm-none-eabi-gcc/4.8.3-2014q1/bin/../lib/gcc/arm-none-eabi/4.8.3/../../../../arm-none-eabi/lib/armv7-m\libg.a(lib_a-fclose.o)
                0x00087474                fclose
 .text._fstat_r
                0x00087484       0x28 c:/users/andreas gruber/appdata/local/arduino15/packages/arduino/tools/arm-none-eabi-gcc/4.8.3-2014q1/bin/../lib/gcc/arm-none-eabi/4.8.3/../../../../arm-none-eabi/lib/armv7-m\libg.a(lib_a-fstatr.o)
                0x00087484                _fstat_r
 .text._isatty_r
                0x000874ac       0x24 c:/users/andreas gruber/appdata/local/arduino15/packages/arduino/tools/arm-none-eabi-gcc/4.8.3-2014q1/bin/../lib/gcc/arm-none-eabi/4.8.3/../../../../arm-none-eabi/lib/armv7-m\libg.a(lib_a-isattyr.o)
                0x000874ac                _isatty_r
 .text._lseek_r
                0x000874d0       0x28 c:/users/andreas gruber/appdata/local/arduino15/packages/arduino/tools/arm-none-eabi-gcc/4.8.3-2014q1/bin/../lib/gcc/arm-none-eabi/4.8.3/../../../../arm-none-eabi/lib/armv7-m\libg.a(lib_a-lseekr.o)
                0x000874d0                _lseek_r
 .text._read_r  0x000874f8       0x28 c:/users/andreas gruber/appdata/local/arduino15/packages/arduino/tools/arm-none-eabi-gcc/4.8.3-2014q1/bin/../lib/gcc/arm-none-eabi/4.8.3/../../../../arm-none-eabi/lib/armv7-m\libg.a(lib_a-readr.o)
                0x000874f8                _read_r
 .text          0x00087520       0x2c c:/users/andreas gruber/appdata/local/arduino15/packages/arduino/tools/arm-none-eabi-gcc/4.8.3-2014q1/bin/../lib/gcc/arm-none-eabi/4.8.3/armv7-m\libgcc.a(_aeabi_uldivmod.o)
                0x00087520                __aeabi_uldivmod
 .text          0x0008754c       0x60 c:/users/andreas gruber/appdata/local/arduino15/packages/arduino/tools/arm-none-eabi-gcc/4.8.3-2014q1/bin/../lib/gcc/arm-none-eabi/4.8.3/armv7-m\libgcc.a(bpabi.o)
                0x0008754c                __gnu_ldivmod_helper
                0x0008757c                __gnu_uldivmod_helper
 .text          0x000875ac        0x4 c:/users/andreas gruber/appdata/local/arduino15/packages/arduino/tools/arm-none-eabi-gcc/4.8.3-2014q1/bin/../lib/gcc/arm-none-eabi/4.8.3/armv7-m\libgcc.a(_dvmd_tls.o)
                0x000875ac                __aeabi_idiv0
                0x000875ac                __aeabi_ldiv0
 .text          0x000875b0      0x2a0 c:/users/andreas gruber/appdata/local/arduino15/packages/arduino/tools/arm-none-eabi-gcc/4.8.3-2014q1/bin/../lib/gcc/arm-none-eabi/4.8.3/armv7-m\libgcc.a(_divdi3.o)
                0x000875b0                __divdi3
 .text          0x00087850      0x290 c:/users/andreas gruber/appdata/local/arduino15/packages/arduino/tools/arm-none-eabi-gcc/4.8.3-2014q1/bin/../lib/gcc/arm-none-eabi/4.8.3/armv7-m\libgcc.a(_udivdi3.o)
                0x00087850                __udivdi3
 *(.glue_7t)
 .glue_7t       0x00000000        0x0 linker stubs
 *(.glue_7)
 .glue_7        0x00000000        0x0 linker stubs
 *(.rodata .rodata* .gnu.linkonce.r.*)
 .rodata._ZTV19SimpleLowPassFilterIdE
                0x00087ae0       0x18 C:\Users\Andreas Gruber\AppData\Local\Temp\VMBuilds\maya\arduino_due_x_dbg\maya.cpp.o
                0x00087ae0                vtable for SimpleLowPassFilter<double>
 .rodata        0x00087af8        0x4 C:\Users\Andreas Gruber\AppData\Local\Temp\VMBuilds\maya\arduino_due_x_dbg\maya.cpp.o
 .rodata._ZL7ledPins
                0x00087afc        0x9 C:\Users\Andreas Gruber\AppData\Local\Temp\VMBuilds\maya\arduino_due_x_dbg\maya.cpp.o
 .rodata._ZL11stepperPins
                0x00087b05        0xc C:\Users\Andreas Gruber\AppData\Local\Temp\VMBuilds\maya\arduino_due_x_dbg\maya.cpp.o
 .rodata._ZL13photoDiodePin
                0x00087b11        0x4 C:\Users\Andreas Gruber\AppData\Local\Temp\VMBuilds\maya\arduino_due_x_dbg\maya.cpp.o
 .rodata.str1.1
                0x00087b15       0x1f C:\Users\Andreas Gruber\AppData\Local\Temp\VMBuilds\maya\arduino_due_x_dbg\maya.cpp.o
                                 0x21 (size before relaxing)
 *fill*         0x00087b34        0x4 
 .rodata._ZTV7Counter
                0x00087b38       0x10 C:\Users\Andreas Gruber\AppData\Local\Temp\VMBuilds\maya\arduino_due_x_dbg\counter.cpp.o
                0x00087b38                vtable for Counter
 .rodata._ZTV23DiodePositionController
                0x00087b48       0x10 C:\Users\Andreas Gruber\AppData\Local\Temp\VMBuilds\maya\arduino_due_x_dbg\diodePositionController.cpp.o
                0x00087b48                vtable for DiodePositionController
 .rodata._ZN7Encoder10encoderFsmE
                0x00087b58       0x10 C:\Users\Andreas Gruber\AppData\Local\Temp\VMBuilds\maya\arduino_due_x_dbg\encoder.cpp.o
                0x00087b58                Encoder::encoderFsm
 .rodata._ZTV7Encoder
                0x00087b68       0x10 C:\Users\Andreas Gruber\AppData\Local\Temp\VMBuilds\maya\arduino_due_x_dbg\encoder.cpp.o
                0x00087b68                vtable for Encoder
 .rodata._ZTV18PositionController
                0x00087b78       0x10 C:\Users\Andreas Gruber\AppData\Local\Temp\VMBuilds\maya\arduino_due_x_dbg\positionController.cpp.o
                0x00087b78                vtable for PositionController
 .rodata._ZTV17PositionerCounter
                0x00087b88       0x10 C:\Users\Andreas Gruber\AppData\Local\Temp\VMBuilds\maya\arduino_due_x_dbg\positionerCounter.cpp.o
                0x00087b88                vtable for PositionerCounter
 .rodata        0x00087b98       0x40 C:\Users\Andreas Gruber\AppData\Local\Temp\VMBuilds\maya\arduino_due_x_dbg\stepper.cpp.o
 .rodata.g_APinDescription
                0x00087bd8      0xa2c C:\Users\Andreas Gruber\AppData\Local\Temp\VMBuilds\maya\arduino_due_x_dbg\variant\variant.cpp.o
                0x00087bd8                g_APinDescription
 .rodata.__func__.6792
                0x00088604        0xd C:\Users\Andreas Gruber\AppData\Local\arduino15\packages\arduino\hardware\sam\1.6.9\variants\arduino_due_x/libsam_sam3x8e_gcc_rel.a(tc.o)
 .rodata.str1.1
                0x00088611       0x54 C:\Users\Andreas Gruber\AppData\Local\arduino15\packages\arduino\hardware\sam\1.6.9\variants\arduino_due_x/libsam_sam3x8e_gcc_rel.a(tc.o)
 .rodata.__func__.6798
                0x00088665        0x9 C:\Users\Andreas Gruber\AppData\Local\arduino15\packages\arduino\hardware\sam\1.6.9\variants\arduino_due_x/libsam_sam3x8e_gcc_rel.a(tc.o)
 *fill*         0x0008866e        0x2 
 .rodata        0x00088670       0x40 C:\Users\Andreas Gruber\AppData\Local\arduino15\packages\arduino\hardware\sam\1.6.9\variants\arduino_due_x/libsam_sam3x8e_gcc_rel.a(adc.o)
 .rodata.str1.1
                0x000886b0       0x19 C:\Users\Andreas Gruber\AppData\Local\Temp\VMBuilds\maya\arduino_due_x_dbg/core.a(syscalls_sam3.c.o)
 .rodata.str1.1
                0x000886c9       0x11 C:\Users\Andreas Gruber\AppData\Local\Temp\VMBuilds\maya\arduino_due_x_dbg/core.a(Print.cpp.o)
 *fill*         0x000886da        0x6 
 .rodata._ZTV9UARTClass
                0x000886e0       0x30 C:\Users\Andreas Gruber\AppData\Local\Temp\VMBuilds\maya\arduino_due_x_dbg/core.a(UARTClass.cpp.o)
                0x000886e0                vtable for UARTClass
 .rodata._ZTV10USARTClass
                0x00088710       0x30 C:\Users\Andreas Gruber\AppData\Local\Temp\VMBuilds\maya\arduino_due_x_dbg/core.a(USARTClass.cpp.o)
                0x00088710                vtable for USARTClass
 .rodata.STRING_PRODUCT
                0x00088740        0xc C:\Users\Andreas Gruber\AppData\Local\Temp\VMBuilds\maya\arduino_due_x_dbg/core.a(USBCore.cpp.o)
                0x00088740                STRING_PRODUCT
 .rodata.USB_DeviceDescriptor
                0x0008874c       0x12 C:\Users\Andreas Gruber\AppData\Local\Temp\VMBuilds\maya\arduino_due_x_dbg/core.a(USBCore.cpp.o)
                0x0008874c                USB_DeviceDescriptor
 .rodata.STRING_LANGUAGE
                0x0008875e        0x4 C:\Users\Andreas Gruber\AppData\Local\Temp\VMBuilds\maya\arduino_due_x_dbg/core.a(USBCore.cpp.o)
                0x0008875e                STRING_LANGUAGE
 .rodata._ZL18test_packet_buffer
                0x00088762       0x35 C:\Users\Andreas Gruber\AppData\Local\Temp\VMBuilds\maya\arduino_due_x_dbg/core.a(USBCore.cpp.o)
 .rodata.STRING_MANUFACTURER
                0x00088797        0xc C:\Users\Andreas Gruber\AppData\Local\Temp\VMBuilds\maya\arduino_due_x_dbg/core.a(USBCore.cpp.o)
                0x00088797                STRING_MANUFACTURER
 .rodata.USB_DeviceDescriptorA
                0x000887a3       0x12 C:\Users\Andreas Gruber\AppData\Local\Temp\VMBuilds\maya\arduino_due_x_dbg/core.a(USBCore.cpp.o)
                0x000887a3                USB_DeviceDescriptorA
 .rodata._ZL19USB_DeviceQualifier
                0x000887b5        0x9 C:\Users\Andreas Gruber\AppData\Local\Temp\VMBuilds\maya\arduino_due_x_dbg/core.a(USBCore.cpp.o)
 *fill*         0x000887be        0x2 
 .rodata._ZTV7Serial_
                0x000887c0       0x28 C:\Users\Andreas Gruber\AppData\Local\Temp\VMBuilds\maya\arduino_due_x_dbg/core.a(CDC.cpp.o)
                0x000887c0                vtable for Serial_
 .rodata._ZL18_cdcOtherInterface
                0x000887e8       0x42 C:\Users\Andreas Gruber\AppData\Local\Temp\VMBuilds\maya\arduino_due_x_dbg/core.a(CDC.cpp.o)
 .rodata._ZL13_cdcInterface
                0x0008882a       0x42 C:\Users\Andreas Gruber\AppData\Local\Temp\VMBuilds\maya\arduino_due_x_dbg/core.a(CDC.cpp.o)
 .rodata.npio2_hw
                0x0008886c       0x80 c:/users/andreas gruber/appdata/local/arduino15/packages/arduino/tools/arm-none-eabi-gcc/4.8.3-2014q1/bin/../lib/gcc/arm-none-eabi/4.8.3/../../../../arm-none-eabi/lib/armv7-m\libm.a(lib_a-e_rem_pio2.o)
 .rodata.two_over_pi
                0x000888ec      0x108 c:/users/andreas gruber/appdata/local/arduino15/packages/arduino/tools/arm-none-eabi-gcc/4.8.3-2014q1/bin/../lib/gcc/arm-none-eabi/4.8.3/../../../../arm-none-eabi/lib/armv7-m\libm.a(lib_a-e_rem_pio2.o)
 .rodata.init_jk
                0x000889f4       0x10 c:/users/andreas gruber/appdata/local/arduino15/packages/arduino/tools/arm-none-eabi-gcc/4.8.3-2014q1/bin/../lib/gcc/arm-none-eabi/4.8.3/../../../../arm-none-eabi/lib/armv7-m\libm.a(lib_a-k_rem_pio2.o)
 *fill*         0x00088a04        0x4 
 .rodata.PIo2   0x00088a08       0x40 c:/users/andreas gruber/appdata/local/arduino15/packages/arduino/tools/arm-none-eabi-gcc/4.8.3-2014q1/bin/../lib/gcc/arm-none-eabi/4.8.3/../../../../arm-none-eabi/lib/armv7-m\libm.a(lib_a-k_rem_pio2.o)
 .rodata.str1.4
                0x00088a48       0x3f c:/users/andreas gruber/appdata/local/arduino15/packages/arduino/tools/arm-none-eabi-gcc/4.8.3-2014q1/bin/../lib/gcc/arm-none-eabi/4.8.3/../../../../arm-none-eabi/lib/armv7-m\libg.a(lib_a-assert.o)
                                 0x44 (size before relaxing)
 *fill*         0x00088a87        0x1 
 .rodata.str1.4
                0x00088a88        0x2 c:/users/andreas gruber/appdata/local/arduino15/packages/arduino/tools/arm-none-eabi-gcc/4.8.3-2014q1/bin/../lib/gcc/arm-none-eabi/4.8.3/../../../../arm-none-eabi/lib/armv7-m\libg.a(lib_a-impure.o)
                                  0x4 (size before relaxing)
 *fill*         0x00088a8a        0x2 
 .rodata._global_impure_ptr
                0x00088a8c        0x4 c:/users/andreas gruber/appdata/local/arduino15/packages/arduino/tools/arm-none-eabi-gcc/4.8.3-2014q1/bin/../lib/gcc/arm-none-eabi/4.8.3/../../../../arm-none-eabi/lib/armv7-m\libg.a(lib_a-impure.o)
                0x00088a8c                _global_impure_ptr
 .rodata.blanks.6717
                0x00088a90       0x10 c:/users/andreas gruber/appdata/local/arduino15/packages/arduino/tools/arm-none-eabi-gcc/4.8.3-2014q1/bin/../lib/gcc/arm-none-eabi/4.8.3/../../../../arm-none-eabi/lib/armv7-m\libg.a(lib_a-vfiprintf.o)
 .rodata.str1.4
                0x00088aa0       0x30 c:/users/andreas gruber/appdata/local/arduino15/packages/arduino/tools/arm-none-eabi-gcc/4.8.3-2014q1/bin/../lib/gcc/arm-none-eabi/4.8.3/../../../../arm-none-eabi/lib/armv7-m\libg.a(lib_a-vfiprintf.o)
 .rodata.zeroes.6718