Archive member included because of file (symbol)

C:\Users\Andreas Gruber\AppData\Local\arduino15\packages\arduino\hardware\sam\1.6.9\variants\arduino_due_x/libsam_sam3x8e_gcc_rel.a(pio.o)
                              C:\Users\Andreas Gruber\AppData\Local\Temp\VMBuilds\maya\arduino_due_x_dbg\variant\variant.cpp.o (PIO_Configure)
C:\Users\Andreas Gruber\AppData\Local\arduino15\packages\arduino\hardware\sam\1.6.9\variants\arduino_due_x/libsam_sam3x8e_gcc_rel.a(pmc.o)
                              C:\Users\Andreas Gruber\AppData\Local\Temp\VMBuilds\maya\arduino_due_x_dbg\timer.cpp.o (pmc_enable_periph_clk)
C:\Users\Andreas Gruber\AppData\Local\arduino15\packages\arduino\hardware\sam\1.6.9\variants\arduino_due_x/libsam_sam3x8e_gcc_rel.a(tc.o)
                              C:\Users\Andreas Gruber\AppData\Local\Temp\VMBuilds\maya\arduino_due_x_dbg\timer.cpp.o (TC_Configure)
C:\Users\Andreas Gruber\AppData\Local\arduino15\packages\arduino\hardware\sam\1.6.9\variants\arduino_due_x/libsam_sam3x8e_gcc_rel.a(system_sam3xa.o)
                              C:\Users\Andreas Gruber\AppData\Local\Temp\VMBuilds\maya\arduino_due_x_dbg\variant\variant.cpp.o (SystemInit)
C:\Users\Andreas Gruber\AppData\Local\arduino15\packages\arduino\hardware\sam\1.6.9\variants\arduino_due_x/libsam_sam3x8e_gcc_rel.a(startup_sam3xa.o)
                              (Reset_Handler)
C:\Users\Andreas Gruber\AppData\Local\arduino15\packages\arduino\hardware\sam\1.6.9\variants\arduino_due_x/libsam_sam3x8e_gcc_rel.a(adc.o)
                              C:\Users\Andreas Gruber\AppData\Local\Temp\VMBuilds\maya\arduino_due_x_dbg\variant\variant.cpp.o (adc_init)
C:\Users\Andreas Gruber\AppData\Local\arduino15\packages\arduino\hardware\sam\1.6.9\variants\arduino_due_x/libsam_sam3x8e_gcc_rel.a(uotghs.o)
                              C:\Users\Andreas Gruber\AppData\Local\arduino15\packages\arduino\hardware\sam\1.6.9\variants\arduino_due_x/libsam_sam3x8e_gcc_rel.a(startup_sam3xa.o) (UOTGHS_Handler)
C:\Users\Andreas Gruber\AppData\Local\Temp\VMBuilds\maya\arduino_due_x_dbg/core.a(cortex_handlers.c.o)
                              C:\Users\Andreas Gruber\AppData\Local\arduino15\packages\arduino\hardware\sam\1.6.9\variants\arduino_due_x/libsam_sam3x8e_gcc_rel.a(startup_sam3xa.o) (NMI_Handler)
C:\Users\Andreas Gruber\AppData\Local\Temp\VMBuilds\maya\arduino_due_x_dbg/core.a(hooks.c.o)
                              C:\Users\Andreas Gruber\AppData\Local\Temp\VMBuilds\maya\arduino_due_x_dbg/core.a(cortex_handlers.c.o) (sysTickHook)
C:\Users\Andreas Gruber\AppData\Local\Temp\VMBuilds\maya\arduino_due_x_dbg/core.a(syscalls_sam3.c.o)
                              (_sbrk)
C:\Users\Andreas Gruber\AppData\Local\Temp\VMBuilds\maya\arduino_due_x_dbg/core.a(WInterrupts.c.o)
                              C:\Users\Andreas Gruber\AppData\Local\Temp\VMBuilds\maya\arduino_due_x_dbg\maya.cpp.o (attachInterrupt)
C:\Users\Andreas Gruber\AppData\Local\Temp\VMBuilds\maya\arduino_due_x_dbg/core.a(wiring.c.o)
                              C:\Users\Andreas Gruber\AppData\Local\Temp\VMBuilds\maya\arduino_due_x_dbg\VM_DBG\VM_DBG.cpp.o (millis)
C:\Users\Andreas Gruber\AppData\Local\Temp\VMBuilds\maya\arduino_due_x_dbg/core.a(wiring_analog.c.o)
                              C:\Users\Andreas Gruber\AppData\Local\Temp\VMBuilds\maya\arduino_due_x_dbg\differenceIntensityLaserDetector.cpp.o (analogRead)
C:\Users\Andreas Gruber\AppData\Local\Temp\VMBuilds\maya\arduino_due_x_dbg/core.a(wiring_digital.c.o)
                              C:\Users\Andreas Gruber\AppData\Local\Temp\VMBuilds\maya\arduino_due_x_dbg\maya.cpp.o (pinMode)
C:\Users\Andreas Gruber\AppData\Local\Temp\VMBuilds\maya\arduino_due_x_dbg/core.a(main.cpp.o)
                              c:/users/andreas gruber/appdata/local/arduino15/packages/arduino/tools/arm-none-eabi-gcc/4.8.3-2014q1/bin/../lib/gcc/arm-none-eabi/4.8.3/../../../../arm-none-eabi/lib/armv7-m/crt0.o (main)
C:\Users\Andreas Gruber\AppData\Local\Temp\VMBuilds\maya\arduino_due_x_dbg/core.a(Print.cpp.o)
                              C:\Users\Andreas Gruber\AppData\Local\Temp\VMBuilds\maya\arduino_due_x_dbg\maya.cpp.o (Print::print(char const*))
C:\Users\Andreas Gruber\AppData\Local\Temp\VMBuilds\maya\arduino_due_x_dbg/core.a(Reset.cpp.o)
                              C:\Users\Andreas Gruber\AppData\Local\Temp\VMBuilds\maya\arduino_due_x_dbg/core.a(cortex_handlers.c.o) (tickReset)
C:\Users\Andreas Gruber\AppData\Local\Temp\VMBuilds\maya\arduino_due_x_dbg/core.a(RingBuffer.cpp.o)
                              C:\Users\Andreas Gruber\AppData\Local\Temp\VMBuilds\maya\arduino_due_x_dbg\variant\variant.cpp.o (RingBuffer::RingBuffer())
C:\Users\Andreas Gruber\AppData\Local\Temp\VMBuilds\maya\arduino_due_x_dbg/core.a(UARTClass.cpp.o)
                              C:\Users\Andreas Gruber\AppData\Local\Temp\VMBuilds\maya\arduino_due_x_dbg\variant\variant.cpp.o (UARTClass::available())
[...]
Memory Configuration

Name             Origin             Length             Attributes
rom              0x00080000         0x00080000         xr
sram0            0x20000000         0x00010000         xrw
sram1            0x20080000         0x00008000         xrw
ram              0x20070000         0x00018000         xrw
*default*        0x00000000         0xffffffff

Linker script and memory map

LOAD c:/users/andreas gruber/appdata/local/arduino15/packages/arduino/tools/arm-none-eabi-gcc/4.8.3-2014q1/bin/../lib/gcc/arm-none-eabi/4.8.3/armv7-m/crti.o
LOAD c:/users/andreas gruber/appdata/local/arduino15/packages/arduino/tools/arm-none-eabi-gcc/4.8.3-2014q1/bin/../lib/gcc/arm-none-eabi/4.8.3/armv7-m/crtbegin.o
LOAD c:/users/andreas gruber/appdata/local/arduino15/packages/arduino/tools/arm-none-eabi-gcc/4.8.3-2014q1/bin/../lib/gcc/arm-none-eabi/4.8.3/../../../../arm-none-eabi/lib/armv7-m/crt0.o
START GROUP
LOAD C:\Users\Andreas Gruber\AppData\Local\Temp\VMBuilds\maya\arduino_due_x_dbg\maya.cpp.o
LOAD C:\Users\Andreas Gruber\AppData\Local\Temp\VMBuilds\maya\arduino_due_x_dbg\VM_DBG\VM_DBG.cpp.o
LOAD C:\Users\Andreas Gruber\AppData\Local\Temp\VMBuilds\maya\arduino_due_x_dbg\VM_DBG\VM_mem_check_sam.cpp.o
LOAD C:\Users\Andreas Gruber\AppData\Local\Temp\VMBuilds\maya\arduino_due_x_dbg\differenceIntensityLaserDetector.cpp.o
LOAD C:\Users\Andreas Gruber\AppData\Local\Temp\VMBuilds\maya\arduino_due_x_dbg\encoder.cpp.o
LOAD C:\Users\Andreas Gruber\AppData\Local\Temp\VMBuilds\maya\arduino_due_x_dbg\stepper.cpp.o
LOAD C:\Users\Andreas Gruber\AppData\Local\Temp\VMBuilds\maya\arduino_due_x_dbg\timer.cpp.o
LOAD C:\Users\Andreas Gruber\AppData\Local\Temp\VMBuilds\maya\arduino_due_x_dbg\variant\variant.cpp.o
LOAD C:\Users\Andreas Gruber\AppData\Local\arduino15\packages\arduino\hardware\sam\1.6.9\variants\arduino_due_x/libsam_sam3x8e_gcc_rel.a
LOAD C:\Users\Andreas Gruber\AppData\Local\Temp\VMBuilds\maya\arduino_due_x_dbg/core.a
END GROUP
LOAD c:/users/andreas gruber/appdata/local/arduino15/packages/arduino/tools/arm-none-eabi-gcc/4.8.3-2014q1/bin/../lib/gcc/arm-none-eabi/4.8.3/../../../../arm-none-eabi/lib/armv7-m\libm.a
START GROUP
LOAD c:/users/andreas gruber/appdata/local/arduino15/packages/arduino/tools/arm-none-eabi-gcc/4.8.3-2014q1/bin/../lib/gcc/arm-none-eabi/4.8.3/armv7-m\libgcc.a
LOAD c:/users/andreas gruber/appdata/local/arduino15/packages/arduino/tools/arm-none-eabi-gcc/4.8.3-2014q1/bin/../lib/gcc/arm-none-eabi/4.8.3/../../../../arm-none-eabi/lib/armv7-m\libg.a
LOAD c:/users/andreas gruber/appdata/local/arduino15/packages/arduino/tools/arm-none-eabi-gcc/4.8.3-2014q1/bin/../lib/gcc/arm-none-eabi/4.8.3/../../../../arm-none-eabi/lib/armv7-m\libc.a
END GROUP
LOAD c:/users/andreas gruber/appdata/local/arduino15/packages/arduino/tools/arm-none-eabi-gcc/4.8.3-2014q1/bin/../lib/gcc/arm-none-eabi/4.8.3/armv7-m/crtend.o
LOAD c:/users/andreas gruber/appdata/local/arduino15/packages/arduino/tools/arm-none-eabi-gcc/4.8.3-2014q1/bin/../lib/gcc/arm-none-eabi/4.8.3/armv7-m/crtn.o

.text           0x00080000     0x6384
                0x00080000                . = ALIGN (0x4)
                0x00080000                _sfixed = .
 *(.vectors .vectors.*)
 .vectors       0x00080000       0xf4 C:\Users\Andreas Gruber\AppData\Local\arduino15\packages\arduino\hardware\sam\1.6.9\variants\arduino_due_x/libsam_sam3x8e_gcc_rel.a(startup_sam3xa.o)
                0x00080000                exception_table
 *(.text .text.* .gnu.linkonce.t.*)
 .text          0x000800f4       0x54 c:/users/andreas gruber/appdata/local/arduino15/packages/arduino/tools/arm-none-eabi-gcc/4.8.3-2014q1/bin/../lib/gcc/arm-none-eabi/4.8.3/armv7-m/crtbegin.o
 .text._Z13lightBarrier0v
                0x00080148        0xc C:\Users\Andreas Gruber\AppData\Local\Temp\VMBuilds\maya\arduino_due_x_dbg\maya.cpp.o
                0x00080148                lightBarrier0()
 .text._Z13lightBarrier1v
                0x00080154        0xc C:\Users\Andreas Gruber\AppData\Local\Temp\VMBuilds\maya\arduino_due_x_dbg\maya.cpp.o
                0x00080154                lightBarrier1()
 .text._Z13lightBarrier2v
                0x00080160        0xc C:\Users\Andreas Gruber\AppData\Local\Temp\VMBuilds\maya\arduino_due_x_dbg\maya.cpp.o
                0x00080160                lightBarrier2()
 .text._Z13lightBarrier3v
                0x0008016c        0xc C:\Users\Andreas Gruber\AppData\Local\Temp\VMBuilds\maya\arduino_due_x_dbg\maya.cpp.o
                0x0008016c                lightBarrier3()
 .text._Z15knobEncoderPos0v
                0x00080178        0xc C:\Users\Andreas Gruber\AppData\Local\Temp\VMBuilds\maya\arduino_due_x_dbg\maya.cpp.o
                0x00080178                knobEncoderPos0()
 .text._Z18knobEncoderButton0v
                0x00080184        0xc C:\Users\Andreas Gruber\AppData\Local\Temp\VMBuilds\maya\arduino_due_x_dbg\maya.cpp.o
                0x00080184                knobEncoderButton0()
 .text._Z15knobEncoderPos1v
                0x00080190        0xc C:\Users\Andreas Gruber\AppData\Local\Temp\VMBuilds\maya\arduino_due_x_dbg\maya.cpp.o
                0x00080190                knobEncoderPos1()
 .text._Z18knobEncoderButton1v
                0x0008019c        0xc C:\Users\Andreas Gruber\AppData\Local\Temp\VMBuilds\maya\arduino_due_x_dbg\maya.cpp.o
                0x0008019c                knobEncoderButton1()
 .text.TC3_Handler
                0x000801a8       0x28 C:\Users\Andreas Gruber\AppData\Local\Temp\VMBuilds\maya\arduino_due_x_dbg\maya.cpp.o
                0x000801a8                TC3_Handler
 .text.loop     0x000801d0      0x250 C:\Users\Andreas Gruber\AppData\Local\Temp\VMBuilds\maya\arduino_due_x_dbg\maya.cpp.o
                0x000801d0                loop
 .text.startup._GLOBAL__sub_I_lightBarrierAction
                0x00080420       0x4c C:\Users\Andreas Gruber\AppData\Local\Temp\VMBuilds\maya\arduino_due_x_dbg\maya.cpp.o
 .text.setup    0x0008046c      0x10c C:\Users\Andreas Gruber\AppData\Local\Temp\VMBuilds\maya\arduino_due_x_dbg\maya.cpp.o
                0x0008046c                setup
 .text._ZN16VisualMicroDebug10DBG_MillisEv
                0x00080578        0x4 C:\Users\Andreas Gruber\AppData\Local\Temp\VMBuilds\maya\arduino_due_x_dbg\VM_DBG\VM_DBG.cpp.o
                0x00080578                VisualMicroDebug::DBG_Millis()
 .text._ZN16VisualMicroDebug17OnBreakPointBeginEm
                0x0008057c       0x16 C:\Users\Andreas Gruber\AppData\Local\Temp\VMBuilds\maya\arduino_due_x_dbg\VM_DBG\VM_DBG.cpp.o
                0x0008057c                VisualMicroDebug::OnBreakPointBegin(unsigned long)
 .text._ZN16VisualMicroDebug15OnBreakPointEndEv
                0x00080592        0xc C:\Users\Andreas Gruber\AppData\Local\Temp\VMBuilds\maya\arduino_due_x_dbg\VM_DBG\VM_DBG.cpp.o
                0x00080592                VisualMicroDebug::OnBreakPointEnd()
 .text._ZN16VisualMicroDebug14outPacketStartEb
                0x0008059e       0x24 C:\Users\Andreas Gruber\AppData\Local\Temp\VMBuilds\maya\arduino_due_x_dbg\VM_DBG\VM_DBG.cpp.o
                0x0008059e                VisualMicroDebug::outPacketStart(bool)
 .text._ZN16VisualMicroDebug12outPacketEndEv
                0x000805c2        0x2 C:\Users\Andreas Gruber\AppData\Local\Temp\VMBuilds\maya\arduino_due_x_dbg\VM_DBG\VM_DBG.cpp.o
                0x000805c2                VisualMicroDebug::outPacketEnd()
 .text._ZN16VisualMicroDebug4initEm
                0x000805c4       0x10 C:\Users\Andreas Gruber\AppData\Local\Temp\VMBuilds\maya\arduino_due_x_dbg\VM_DBG\VM_DBG.cpp.o
                0x000805c4                VisualMicroDebug::init(unsigned long)
 .text._ZN16VisualMicroDebug5beginEP9UARTClassm
                0x000805d4       0x10 C:\Users\Andreas Gruber\AppData\Local\Temp\VMBuilds\maya\arduino_due_x_dbg\VM_DBG\VM_DBG.cpp.o
                0x000805d4                VisualMicroDebug::begin(UARTClass*, unsigned long)
 .text._ZN16VisualMicroDebug4readEv
                0x000805e4        0xe C:\Users\Andreas Gruber\AppData\Local\Temp\VMBuilds\maya\arduino_due_x_dbg\VM_DBG\VM_DBG.cpp.o
                0x000805e4                VisualMicroDebug::read()
 .text._ZN16VisualMicroDebug9availableEv
                0x000805f2        0xe C:\Users\Andreas Gruber\AppData\Local\Temp\VMBuilds\maya\arduino_due_x_dbg\VM_DBG\VM_DBG.cpp.o
                0x000805f2                VisualMicroDebug::available()
 .text._ZN16VisualMicroDebug16sendContinuedACKEh
                0x00080600       0x38 C:\Users\Andreas Gruber\AppData\Local\Temp\VMBuilds\maya\arduino_due_x_dbg\VM_DBG\VM_DBG.cpp.o
                0x00080600                VisualMicroDebug::sendContinuedACK(unsigned char)
 .text._ZN16VisualMicroDebug9breakWaitEh
                0x00080638       0x54 C:\Users\Andreas Gruber\AppData\Local\Temp\VMBuilds\maya\arduino_due_x_dbg\VM_DBG\VM_DBG.cpp.o
                0x00080638                VisualMicroDebug::breakWait(unsigned char)
 .text._ZN16VisualMicroDebug5startEbb
                0x0008068c       0x1e C:\Users\Andreas Gruber\AppData\Local\Temp\VMBuilds\maya\arduino_due_x_dbg\VM_DBG\VM_DBG.cpp.o
                0x0008068c                VisualMicroDebug::start(bool, bool)
 *fill*         0x000806aa        0x2 
 .text.startup._GLOBAL__sub_I__ZN16VisualMicroDebug10DBG_MillisEv
                0x000806ac       0x14 C:\Users\Andreas Gruber\AppData\Local\Temp\VMBuilds\maya\arduino_due_x_dbg\VM_DBG\VM_DBG.cpp.o
 .text._ZN7EncoderC2EPhPFvvE
                0x000806c0        0xa C:\Users\Andreas Gruber\AppData\Local\Temp\VMBuilds\maya\arduino_due_x_dbg\encoder.cpp.o
                0x000806c0                Encoder::Encoder(unsigned char*, void (*)())
                0x000806c0                Encoder::Encoder(unsigned char*, void (*)())
 *fill*         0x000806ca        0x2 
 .text._ZN7Encoder4initEv
                0x000806cc       0x38 C:\Users\Andreas Gruber\AppData\Local\Temp\VMBuilds\maya\arduino_due_x_dbg\encoder.cpp.o
                0x000806cc                Encoder::init()
 .text._ZN7Encoder6updateEv
                0x00080704       0x54 C:\Users\Andreas Gruber\AppData\Local\Temp\VMBuilds\maya\arduino_due_x_dbg\encoder.cpp.o
                0x00080704                Encoder::update()
 .text._Z17EncoderPinChangedv
                0x00080758       0x28 C:\Users\Andreas Gruber\AppData\Local\Temp\VMBuilds\maya\arduino_due_x_dbg\encoder.cpp.o
                0x00080758                EncoderPinChanged()
 .text._ZN7StepperC2EPKh
                0x00080780       0x30 C:\Users\Andreas Gruber\AppData\Local\Temp\VMBuilds\maya\arduino_due_x_dbg\stepper.cpp.o
                0x00080780                Stepper::Stepper(unsigned char const*)
                0x00080780                Stepper::Stepper(unsigned char const*)
 .text._ZN7Stepper4initEv
                0x000807b0       0x18 C:\Users\Andreas Gruber\AppData\Local\Temp\VMBuilds\maya\arduino_due_x_dbg\stepper.cpp.o
                0x000807b0                Stepper::init()
 .text._ZN7Stepper13stepAndUpdateEv
                0x000807c8       0x58 C:\Users\Andreas Gruber\AppData\Local\Temp\VMBuilds\maya\arduino_due_x_dbg\stepper.cpp.o
                0x000807c8                Stepper::stepAndUpdate()
 .text._Z10startTimerP2Tcm4IRQnm
                0x00080820       0x70 C:\Users\Andreas Gruber\AppData\Local\Temp\VMBuilds\maya\arduino_due_x_dbg\timer.cpp.o
                0x00080820                startTimer(Tc*, unsigned long, IRQn, unsigned long)
 .text._Z11serialEventv
                0x00080890        0x2 C:\Users\Andreas Gruber\AppData\Local\Temp\VMBuilds\maya\arduino_due_x_dbg\variant\variant.cpp.o
                0x00080890                serialEvent()
 *fill*         0x00080892        0x2 
 .text.UART_Handler
                0x00080894        0xc C:\Users\Andreas Gruber\AppData\Local\Temp\VMBuilds\maya\arduino_due_x_dbg\variant\variant.cpp.o
                0x00080894                UART_Handler
 .text._Z12serialEvent1v
                0x000808a0        0x2 C:\Users\Andreas Gruber\AppData\Local\Temp\VMBuilds\maya\arduino_due_x_dbg\variant\variant.cpp.o
                0x000808a0                serialEvent1()
 .text._Z12serialEvent2v
                0x000808a2        0x2 C:\Users\Andreas Gruber\AppData\Local\Temp\VMBuilds\maya\arduino_due_x_dbg\variant\variant.cpp.o
                0x000808a2                serialEvent2()
 .text._Z12serialEvent3v
                0x000808a4        0x2 C:\Users\Andreas Gruber\AppData\Local\Temp\VMBuilds\maya\arduino_due_x_dbg\variant\variant.cpp.o
                0x000808a4                serialEvent3()
 *fill*         0x000808a6        0x2 
 .text.USART0_Handler
                0x000808a8        0xc C:\Users\Andreas Gruber\AppData\Local\Temp\VMBuilds\maya\arduino_due_x_dbg\variant\variant.cpp.o
                0x000808a8                USART0_Handler
 .text.USART1_Handler
                0x000808b4        0xc C:\Users\Andreas Gruber\AppData\Local\Temp\VMBuilds\maya\arduino_due_x_dbg\variant\variant.cpp.o
                0x000808b4                USART1_Handler
 .text.USART3_Handler
                0x000808c0        0xc C:\Users\Andreas Gruber\AppData\Local\Temp\VMBuilds\maya\arduino_due_x_dbg\variant\variant.cpp.o
                0x000808c0                USART3_Handler
 .text.init     0x000808cc      0x128 C:\Users\Andreas Gruber\AppData\Local\Temp\VMBuilds\maya\arduino_due_x_dbg\variant\variant.cpp.o
                0x000808cc                init
 .text.startup._GLOBAL__sub_I_g_APinDescription
                0x000809f4       0xd4 C:\Users\Andreas Gruber\AppData\Local\Temp\VMBuilds\maya\arduino_due_x_dbg\variant\variant.cpp.o
 .text._Z14serialEventRunv
                0x00080ac8       0x44 C:\Users\Andreas Gruber\AppData\Local\Temp\VMBuilds\maya\arduino_due_x_dbg\variant\variant.cpp.o
                0x00080ac8                serialEventRun()
 .text.PIO_PullUp
                0x00080b0c        0xa C:\Users\Andreas Gruber\AppData\Local\arduino15\packages\arduino\hardware\sam\1.6.9\variants\arduino_due_x/libsam_sam3x8e_gcc_rel.a(pio.o)
                0x00080b0c                PIO_PullUp
 .text.PIO_Get  0x00080b16       0x14 C:\Users\Andreas Gruber\AppData\Local\arduino15\packages\arduino\hardware\sam\1.6.9\variants\arduino_due_x/libsam_sam3x8e_gcc_rel.a(pio.o)
                0x00080b16                PIO_Get
 .text.PIO_SetPeripheral
                0x00080b2a       0x26 C:\Users\Andreas Gruber\AppData\Local\arduino15\packages\arduino\hardware\sam\1.6.9\variants\arduino_due_x/libsam_sam3x8e_gcc_rel.a(pio.o)
                0x00080b2a                PIO_SetPeripheral
 .text.PIO_SetInput
                0x00080b50       0x26 C:\Users\Andreas Gruber\AppData\Local\arduino15\packages\arduino\hardware\sam\1.6.9\variants\arduino_due_x/libsam_sam3x8e_gcc_rel.a(pio.o)
                0x00080b50                PIO_SetInput
 .text.PIO_SetOutput
                0x00080b76       0x24 C:\Users\Andreas Gruber\AppData\Local\arduino15\packages\arduino\hardware\sam\1.6.9\variants\arduino_due_x/libsam_sam3x8e_gcc_rel.a(pio.o)
                0x00080b76                PIO_SetOutput
 *fill*         0x00080b9a        0x2 
 .text.PIO_Configure
                0x00080b9c       0x64 C:\Users\Andreas Gruber\AppData\Local\arduino15\packages\arduino\hardware\sam\1.6.9\variants\arduino_due_x/libsam_sam3x8e_gcc_rel.a(pio.o)
                0x00080b9c                PIO_Configure
 .text.PIO_GetOutputDataStatus
                0x00080c00       0x14 C:\Users\Andreas Gruber\AppData\Local\arduino15\packages\arduino\hardware\sam\1.6.9\variants\arduino_due_x/libsam_sam3x8e_gcc_rel.a(pio.o)
                0x00080c00                PIO_GetOutputDataStatus
 .text.pmc_enable_upll_clock
                0x00080c14       0x14 C:\Users\Andreas Gruber\AppData\Local\arduino15\packages\arduino\hardware\sam\1.6.9\variants\arduino_due_x/libsam_sam3x8e_gcc_rel.a(pmc.o)
                0x00080c14                pmc_enable_upll_clock
 .text.pmc_enable_periph_clk
                0x00080c28       0x44 C:\Users\Andreas Gruber\AppData\Local\arduino15\packages\arduino\hardware\sam\1.6.9\variants\arduino_due_x/libsam_sam3x8e_gcc_rel.a(pmc.o)
                0x00080c28                pmc_enable_periph_clk
 .text.pmc_disable_periph_clk
                0x00080c6c       0x40 C:\Users\Andreas Gruber\AppData\Local\arduino15\packages\arduino\hardware\sam\1.6.9\variants\arduino_due_x/libsam_sam3x8e_gcc_rel.a(pmc.o)
                0x00080c6c                pmc_disable_periph_clk
 .text.pmc_switch_udpck_to_upllck
                0x00080cac       0x14 C:\Users\Andreas Gruber\AppData\Local\arduino15\packages\arduino\hardware\sam\1.6.9\variants\arduino_due_x/libsam_sam3x8e_gcc_rel.a(pmc.o)
                0x00080cac                pmc_switch_udpck_to_upllck
 .text.pmc_enable_udpck
                0x00080cc0        0xc C:\Users\Andreas Gruber\AppData\Local\arduino15\packages\arduino\hardware\sam\1.6.9\variants\arduino_due_x/libsam_sam3x8e_gcc_rel.a(pmc.o)
                0x00080cc0                pmc_enable_udpck
 .text.pmc_set_writeprotect
                0x00080ccc       0x1c C:\Users\Andreas Gruber\AppData\Local\arduino15\packages\arduino\hardware\sam\1.6.9\variants\arduino_due_x/libsam_sam3x8e_gcc_rel.a(pmc.o)
                0x00080ccc                pmc_set_writeprotect
 .text.TC_Configure
                0x00080ce8       0x38 C:\Users\Andreas Gruber\AppData\Local\arduino15\packages\arduino\hardware\sam\1.6.9\variants\arduino_due_x/libsam_sam3x8e_gcc_rel.a(tc.o)
                0x00080ce8                TC_Configure
 .text.TC_Start
                0x00080d20       0x2c C:\Users\Andreas Gruber\AppData\Local\arduino15\packages\arduino\hardware\sam\1.6.9\variants\arduino_due_x/libsam_sam3x8e_gcc_rel.a(tc.o)
                0x00080d20                TC_Start
 .text.TC_GetStatus
                0x00080d4c        0x8 C:\Users\Andreas Gruber\AppData\Local\arduino15\packages\arduino\hardware\sam\1.6.9\variants\arduino_due_x/libsam_sam3x8e_gcc_rel.a(tc.o)
                0x00080d4c                TC_GetStatus
 .text.TC_SetRA
                0x00080d54        0x8 C:\Users\Andreas Gruber\AppData\Local\arduino15\packages\arduino\hardware\sam\1.6.9\variants\arduino_due_x/libsam_sam3x8e_gcc_rel.a(tc.o)
                0x00080d54                TC_SetRA
 .text.TC_SetRC
                0x00080d5c        0x8 C:\Users\Andreas Gruber\AppData\Local\arduino15\packages\arduino\hardware\sam\1.6.9\variants\arduino_due_x/libsam_sam3x8e_gcc_rel.a(tc.o)
                0x00080d5c                TC_SetRC
 .text.SystemInit
                0x00080d64       0x88 C:\Users\Andreas Gruber\AppData\Local\arduino15\packages\arduino\hardware\sam\1.6.9\variants\arduino_due_x/libsam_sam3x8e_gcc_rel.a(system_sam3xa.o)
                0x00080d64                SystemInit
 .text.Reset_Handler
                0x00080dec       0x78 C:\Users\Andreas Gruber\AppData\Local\arduino15\packages\arduino\hardware\sam\1.6.9\variants\arduino_due_x/libsam_sam3x8e_gcc_rel.a(startup_sam3xa.o)
                0x00080dec                Reset_Handler
 .text.adc_init
                0x00080e64       0x98 C:\Users\Andreas Gruber\AppData\Local\arduino15\packages\arduino\hardware\sam\1.6.9\variants\arduino_due_x/libsam_sam3x8e_gcc_rel.a(adc.o)
                0x00080e64                adc_init
 .text.adc_configure_trigger
                0x00080efc        0xe C:\Users\Andreas Gruber\AppData\Local\arduino15\packages\arduino\hardware\sam\1.6.9\variants\arduino_due_x/libsam_sam3x8e_gcc_rel.a(adc.o)
                0x00080efc                adc_configure_trigger
 .text.adc_configure_timing
                0x00080f0a       0x1a C:\Users\Andreas Gruber\AppData\Local\arduino15\packages\arduino\hardware\sam\1.6.9\variants\arduino_due_x/libsam_sam3x8e_gcc_rel.a(adc.o)
                0x00080f0a                adc_configure_timing
 .text.adc_disable_channel
                0x00080f24        0xa C:\Users\Andreas Gruber\AppData\Local\arduino15\packages\arduino\hardware\sam\1.6.9\variants\arduino_due_x/libsam_sam3x8e_gcc_rel.a(adc.o)
                0x00080f24                adc_disable_channel
 .text.adc_disable_all_channel
                0x00080f2e        0x8 C:\Users\Andreas Gruber\AppData\Local\arduino15\packages\arduino\hardware\sam\1.6.9\variants\arduino_due_x/libsam_sam3x8e_gcc_rel.a(adc.o)
                0x00080f2e                adc_disable_all_channel
 .text.adc_disable_interrupt
                0x00080f36        0x4 C:\Users\Andreas Gruber\AppData\Local\arduino15\packages\arduino\hardware\sam\1.6.9\variants\arduino_due_x/libsam_sam3x8e_gcc_rel.a(adc.o)
                0x00080f36                adc_disable_interrupt
 *fill*         0x00080f3a        0x2 
 .text.UOTGHS_Handler
                0x00080f3c       0x10 C:\Users\Andreas Gruber\AppData\Local\arduino15\packages\arduino\hardware\sam\1.6.9\variants\arduino_due_x/libsam_sam3x8e_gcc_rel.a(uotghs.o)
                0x00080f3c                UOTGHS_Handler
 .text.__halt   0x00080f4c        0x2 C:\Users\Andreas Gruber\AppData\Local\Temp\VMBuilds\maya\arduino_due_x_dbg/core.a(cortex_handlers.c.o)
                0x00080f4c                DACC_Handler
                0x00080f4c                DebugMon_Handler
                0x00080f4c                DMAC_Handler
                0x00080f4c                TRNG_Handler
                0x00080f4c                HardFault_Handler
                0x00080f4c                TC2_Handler
                0x00080f4c                TWI1_Handler
                0x00080f4c                NMI_Handler
                0x00080f4c                TC7_Handler
                0x00080f4c                ADC_Handler
                0x00080f4c                SMC_Handler
                0x00080f4c                RTT_Handler
                0x00080f4c                EFC1_Handler
                0x00080f4c                RTC_Handler
                0x00080f4c                UsageFault_Handler
                0x00080f4c                TC6_Handler
                0x00080f4c                WDT_Handler
                0x00080f4c                CAN0_Handler
                0x00080f4c                TC4_Handler
                0x00080f4c                TC1_Handler
                0x00080f4c                HSMCI_Handler
                0x00080f4c                TWI0_Handler
                0x00080f4c                SSC_Handler
                0x00080f4c                EFC0_Handler
                0x00080f4c                PMC_Handler
                0x00080f4c                PWM_Handler
                0x00080f4c                CAN1_Handler
                0x00080f4c                MemManage_Handler
                0x00080f4c                SUPC_Handler
                0x00080f4c                TC8_Handler
                0x00080f4c                USART2_Handler
                0x00080f4c                EMAC_Handler
                0x00080f4c                BusFault_Handler
                0x00080f4c                RSTC_Handler
                0x00080f4c                TC0_Handler
                0x00080f4c                TC5_Handler
                0x00080f4c                SPI0_Handler
 .text.SVC_Handler
                0x00080f4e        0x4 C:\Users\Andreas Gruber\AppData\Local\Temp\VMBuilds\maya\arduino_due_x_dbg/core.a(cortex_handlers.c.o)
                0x00080f4e                SVC_Handler
 .text.PendSV_Handler
                0x00080f52        0x4 C:\Users\Andreas Gruber\AppData\Local\Temp\VMBuilds\maya\arduino_due_x_dbg/core.a(cortex_handlers.c.o)
                0x00080f52                PendSV_Handler
 .text.SysTick_Handler
                0x00080f56       0x16 C:\Users\Andreas Gruber\AppData\Local\Temp\VMBuilds\maya\arduino_due_x_dbg/core.a(cortex_handlers.c.o)
                0x00080f56                SysTick_Handler
 .text.__empty  0x00080f6c        0x2 C:\Users\Andreas Gruber\AppData\Local\Temp\VMBuilds\maya\arduino_due_x_dbg/core.a(hooks.c.o)
                0x00080f6c                yield
 .text.__false  0x00080f6e        0x4 C:\Users\Andreas Gruber\AppData\Local\Temp\VMBuilds\maya\arduino_due_x_dbg/core.a(hooks.c.o)
                0x00080f6e                sysTickHook
 .text.__halt   0x00080f72        0x2 C:\Users\Andreas Gruber\AppData\Local\Temp\VMBuilds\maya\arduino_due_x_dbg/core.a(hooks.c.o)
                0x00080f72                svcHook
                0x00080f72                pendSVHook
 .text._sbrk    0x00080f74       0x1c C:\Users\Andreas Gruber\AppData\Local\Temp\VMBuilds\maya\arduino_due_x_dbg/core.a(syscalls_sam3.c.o)
                0x00080f74                _sbrk
 .text.link     0x00080f90        0x6 C:\Users\Andreas Gruber\AppData\Local\Temp\VMBuilds\maya\arduino_due_x_dbg/core.a(syscalls_sam3.c.o)
                0x00080f90                link
 .text._close   0x00080f96        0x6 C:\Users\Andreas Gruber\AppData\Local\Temp\VMBuilds\maya\arduino_due_x_dbg/core.a(syscalls_sam3.c.o)
                0x00080f96                _close
 .text._fstat   0x00080f9c        0xa C:\Users\Andreas Gruber\AppData\Local\Temp\VMBuilds\maya\arduino_due_x_dbg/core.a(syscalls_sam3.c.o)
                0x00080f9c                _fstat
 .text._isatty  0x00080fa6        0x4 C:\Users\Andreas Gruber\AppData\Local\Temp\VMBuilds\maya\arduino_due_x_dbg/core.a(syscalls_sam3.c.o)
                0x00080fa6                _isatty
 .text._lseek   0x00080faa        0x4 C:\Users\Andreas Gruber\AppData\Local\Temp\VMBuilds\maya\arduino_due_x_dbg/core.a(syscalls_sam3.c.o)
                0x00080faa                _lseek
 .text._read    0x00080fae        0x4 C:\Users\Andreas Gruber\AppData\Local\Temp\VMBuilds\maya\arduino_due_x_dbg/core.a(syscalls_sam3.c.o)
                0x00080fae                _read
 *fill*         0x00080fb2        0x2 
 .text._write   0x00080fb4       0x24 C:\Users\Andreas Gruber\AppData\Local\Temp\VMBuilds\maya\arduino_due_x_dbg/core.a(syscalls_sam3.c.o)
                0x00080fb4                _write
 .text._exit    0x00080fd8       0x10 C:\Users\Andreas Gruber\AppData\Local\Temp\VMBuilds\maya\arduino_due_x_dbg/core.a(syscalls_sam3.c.o)
                0x00080fd8                _exit
 .text._kill    0x00080fe8        0x2 C:\Users\Andreas Gruber\AppData\Local\Temp\VMBuilds\maya\arduino_due_x_dbg/core.a(syscalls_sam3.c.o)
                0x00080fe8                _kill
 .text._getpid  0x00080fea        0x6 C:\Users\Andreas Gruber\AppData\Local\Temp\VMBuilds\maya\arduino_due_x_dbg/core.a(syscalls_sam3.c.o)
                0x00080fea                _getpid
 .text.attachInterrupt
                0x00080ff0      0x148 C:\Users\Andreas Gruber\AppData\Local\Temp\VMBuilds\maya\arduino_due_x_dbg/core.a(WInterrupts.c.o)
                0x00080ff0                attachInterrupt
 .text.PIOA_Handler
                0x00081138       0x38 C:\Users\Andreas Gruber\AppData\Local\Temp\VMBuilds\maya\arduino_due_x_dbg/core.a(WInterrupts.c.o)
                0x00081138                PIOA_Handler
 .text.PIOB_Handler
                0x00081170       0x38 C:\Users\Andreas Gruber\AppData\Local\Temp\VMBuilds\maya\arduino_due_x_dbg/core.a(WInterrupts.c.o)
                0x00081170                PIOB_Handler
 .text.PIOC_Handler
                0x000811a8       0x38 C:\Users\Andreas Gruber\AppData\Local\Temp\VMBuilds\maya\arduino_due_x_dbg/core.a(WInterrupts.c.o)
                0x000811a8                PIOC_Handler
 .text.PIOD_Handler
                0x000811e0       0x38 C:\Users\Andreas Gruber\AppData\Local\Temp\VMBuilds\maya\arduino_due_x_dbg/core.a(WInterrupts.c.o)
                0x000811e0                PIOD_Handler
 .text.millis   0x00081218        0x4 C:\Users\Andreas Gruber\AppData\Local\Temp\VMBuilds\maya\arduino_due_x_dbg/core.a(wiring.c.o)
                0x00081218                millis
 .text.delay    0x0008121c       0x1c C:\Users\Andreas Gruber\AppData\Local\Temp\VMBuilds\maya\arduino_due_x_dbg/core.a(wiring.c.o)
                0x0008121c                delay
 .text.analogOutputInit
                0x00081238        0x2 C:\Users\Andreas Gruber\AppData\Local\Temp\VMBuilds\maya\arduino_due_x_dbg/core.a(wiring_analog.c.o)
                0x00081238                analogOutputInit
 *fill*         0x0008123a        0x2 
 .text.pinMode  0x0008123c      0x108 C:\Users\Andreas Gruber\AppData\Local\Temp\VMBuilds\maya\arduino_due_x_dbg/core.a(wiring_digital.c.o)
                0x0008123c                pinMode
 .text.digitalWrite
                0x00081344       0x70 C:\Users\Andreas Gruber\AppData\Local\Temp\VMBuilds\maya\arduino_due_x_dbg/core.a(wiring_digital.c.o)
                0x00081344                digitalWrite
 .text.digitalRead
                0x000813b4       0x44 C:\Users\Andreas Gruber\AppData\Local\Temp\VMBuilds\maya\arduino_due_x_dbg/core.a(wiring_digital.c.o)
                0x000813b4                digitalRead
 .text.initVariant
                0x000813f8        0x2 C:\Users\Andreas Gruber\AppData\Local\Temp\VMBuilds\maya\arduino_due_x_dbg/core.a(main.cpp.o)
                0x000813f8                initVariant
 *fill*         0x000813fa        0x2 
 .text.startup.main
                0x000813fc       0x38 C:\Users\Andreas Gruber\AppData\Local\Temp\VMBuilds\maya\arduino_due_x_dbg/core.a(main.cpp.o)
                0x000813fc                main
 .text._ZN5Print5writeEPKhj
                0x00081434       0x22 C:\Users\Andreas Gruber\AppData\Local\Temp\VMBuilds\maya\arduino_due_x_dbg/core.a(Print.cpp.o)
                0x00081434                Print::write(unsigned char const*, unsigned int)
 .text._ZN5Print5printEmi.part.3
                0x00081456        0xc C:\Users\Andreas Gruber\AppData\Local\Temp\VMBuilds\maya\arduino_due_x_dbg/core.a(Print.cpp.o)
 .text._ZN5Print5writeEPKc
                0x00081462       0x1e C:\Users\Andreas Gruber\AppData\Local\Temp\VMBuilds\maya\arduino_due_x_dbg/core.a(Print.cpp.o)
                0x00081462                Print::write(char const*)
 .text._ZN5Print5printEPKc
                0x00081480        0x8 C:\Users\Andreas Gruber\AppData\Local\Temp\VMBuilds\maya\arduino_due_x_dbg/core.a(Print.cpp.o)
                0x00081480                Print::print(char const*)
 .text._ZN5Print5printEc
                0x00081488        0xa C:\Users\Andreas Gruber\AppData\Local\Temp\VMBuilds\maya\arduino_due_x_dbg/core.a(Print.cpp.o)
                0x00081488                Print::print(char)
 *fill*         0x00081492        0x2 
 .text._ZN5Print7printlnEv
                0x00081494       0x10 C:\Users\Andreas Gruber\AppData\Local\Temp\VMBuilds\maya\arduino_due_x_dbg/core.a(Print.cpp.o)
                0x00081494                Print::println()
 .text._ZN5Print11printNumberEmh
                0x000814a4       0x3e C:\Users\Andreas Gruber\AppData\Local\Temp\VMBuilds\maya\arduino_due_x_dbg/core.a(Print.cpp.o)
                0x000814a4                Print::printNumber(unsigned long, unsigned char)
 .text._ZN5Print5printEli
                0x000814e2       0x3c C:\Users\Andreas Gruber\AppData\Local\Temp\VMBuilds\maya\arduino_due_x_dbg/core.a(Print.cpp.o)
                0x000814e2                Print::print(long, int)
 .text._ZN5Print5printEii
                0x0008151e        0x4 C:\Users\Andreas Gruber\AppData\Local\Temp\VMBuilds\maya\arduino_due_x_dbg/core.a(Print.cpp.o)
                0x0008151e                Print::print(int, int)
 .text._ZN5Print7printlnEii
                0x00081522       0x14 C:\Users\Andreas Gruber\AppData\Local\Temp\VMBuilds\maya\arduino_due_x_dbg/core.a(Print.cpp.o)
                0x00081522                Print::println(int, int)
 .text._ZN5Print7printlnEli
                0x00081536       0x14 C:\Users\Andreas Gruber\AppData\Local\Temp\VMBuilds\maya\arduino_due_x_dbg/core.a(Print.cpp.o)
                0x00081536                Print::println(long, int)
 .text._ZN5Print5printEmi
                0x0008154a        0xc C:\Users\Andreas Gruber\AppData\Local\Temp\VMBuilds\maya\arduino_due_x_dbg/core.a(Print.cpp.o)
                0x0008154a                Print::print(unsigned long, int)
 .text._ZN5Print5printEhi
                0x00081556        0x4 C:\Users\Andreas Gruber\AppData\Local\Temp\VMBuilds\maya\arduino_due_x_dbg/core.a(Print.cpp.o)
                0x00081556                Print::print(unsigned char, int)
 *fill*         0x0008155a        0x2 
 .text.initiateReset
                0x0008155c        0xc C:\Users\Andreas Gruber\AppData\Local\Temp\VMBuilds\maya\arduino_due_x_dbg/core.a(Reset.cpp.o)
                0x0008155c                initiateReset
 .text.cancelReset
                0x00081568       0x10 C:\Users\Andreas Gruber\AppData\Local\Temp\VMBuilds\maya\arduino_due_x_dbg/core.a(Reset.cpp.o)
                0x00081568                cancelReset
 .text.tickReset
                0x00081578       0x20 C:\Users\Andreas Gruber\AppData\Local\Temp\VMBuilds\maya\arduino_due_x_dbg/core.a(Reset.cpp.o)
                0x00081578                tickReset
 .text._ZN10RingBufferC2Ev
                0x00081598       0x1a C:\Users\Andreas Gruber\AppData\Local\Temp\VMBuilds\maya\arduino_due_x_dbg/core.a(RingBuffer.cpp.o)
                0x00081598                RingBuffer::RingBuffer()
                0x00081598                RingBuffer::RingBuffer()
 .text._ZN10RingBuffer10store_charEh
                0x000815b2       0x1e C:\Users\Andreas Gruber\AppData\Local\Temp\VMBuilds\maya\arduino_due_x_dbg/core.a(RingBuffer.cpp.o)
                0x000815b2                RingBuffer::store_char(unsigned char)
 .text._ZN9UARTClasscvbEv
                0x000815d0        0x4 C:\Users\Andreas Gruber\AppData\Local\Temp\VMBuilds\maya\arduino_due_x_dbg/core.a(UARTClass.cpp.o)
                0x000815d0                UARTClass::operator bool()
 .text._ZN9UARTClass9availableEv
                0x000815d4       0x12 C:\Users\Andreas Gruber\AppData\Local\Temp\VMBuilds\maya\arduino_due_x_dbg/core.a(UARTClass.cpp.o)
                0x000815d4                UARTClass::available()
 .text._ZN9UARTClass4peekEv
                0x000815e6       0x1c C:\Users\Andreas Gruber\AppData\Local\Temp\VMBuilds\maya\arduino_due_x_dbg/core.a(UARTClass.cpp.o)
                0x000815e6                UARTClass::peek()
 .text._ZN9UARTClass4readEv
                0x00081602       0x2a C:\Users\Andreas Gruber\AppData\Local\Temp\VMBuilds\maya\arduino_due_x_dbg/core.a(UARTClass.cpp.o)
                0x00081602                UARTClass::read()
 .text._ZN9UARTClass5flushEv
                0x0008162c       0x18 C:\Users\Andreas Gruber\AppData\Local\Temp\VMBuilds\maya\arduino_due_x_dbg/core.a(UARTClass.cpp.o)
                0x0008162c                UARTClass::flush()
 .text._ZN9UARTClass5writeEh
                0x00081644       0x54 C:\Users\Andreas Gruber\AppData\Local\Temp\VMBuilds\maya\arduino_due_x_dbg/core.a(UARTClass.cpp.o)
                0x00081644                UARTClass::write(unsigned char)
 .text._ZN9UARTClass3endEv
                0x00081698       0x3c C:\Users\Andreas Gruber\AppData\Local\Temp\VMBuilds\maya\arduino_due_x_dbg/core.a(UARTClass.cpp.o)
                0x00081698                UARTClass::end()
 .text._ZN9UARTClassC2EP4Uart4IRQnmP10RingBufferS4_
                0x000816d4       0x24 C:\Users\Andreas Gruber\AppData\Local\Temp\VMBuilds\maya\arduino_due_x_dbg/core.a(UARTClass.cpp.o)
                0x000816d4                UARTClass::UARTClass(Uart*, IRQn, unsigned long, RingBuffer*, RingBuffer*)
                0x000816d4                UARTClass::UARTClass(Uart*, IRQn, unsigned long, RingBuffer*, RingBuffer*)
 .text._ZN9UARTClass4initEmm
                0x000816f8       0x70 C:\Users\Andreas Gruber\AppData\Local\Temp\VMBuilds\maya\arduino_due_x_dbg/core.a(UARTClass.cpp.o)
                0x000816f8                UARTClass::init(unsigned long, unsigned long)
 .text._ZN9UARTClass5beginEm
                0x00081768        0x8 C:\Users\Andreas Gruber\AppData\Local\Temp\VMBuilds\maya\arduino_due_x_dbg/core.a(UARTClass.cpp.o)
                0x00081768                UARTClass::begin(unsigned long)
 .text._ZN9UARTClass10IrqHandlerEv
                0x00081770       0x5a C:\Users\Andreas Gruber\AppData\Local\Temp\VMBuilds\maya\arduino_due_x_dbg/core.a(UARTClass.cpp.o)
                0x00081770                UARTClass::IrqHandler()
 .text._ZN10USARTClass5beginEm
                0x000817ca        0x8 C:\Users\Andreas Gruber\AppData\Local\Temp\VMBuilds\maya\arduino_due_x_dbg/core.a(USARTClass.cpp.o)
                0x000817ca                USARTClass::begin(unsigned long)
 *fill*         0x000817d2        0x2 
 .text._ZN10USARTClassC2EP5Usart4IRQnmP10RingBufferS4_
                0x000817d4       0x24 C:\Users\Andreas Gruber\AppData\Local\Temp\VMBuilds\maya\arduino_due_x_dbg/core.a(USARTClass.cpp.o)
                0x000817d4                USARTClass::USARTClass(Usart*, IRQn, unsigned long, RingBuffer*, RingBuffer*)
                0x000817d4                USARTClass::USARTClass(Usart*, IRQn, unsigned long, RingBuffer*, RingBuffer*)
 .text._watchdogDefaultSetup
                0x000817f8        0xc C:\Users\Andreas Gruber\AppData\Local\Temp\VMBuilds\maya\arduino_due_x_dbg/core.a(watchdog.cpp.o)
                0x000817f8                _watchdogDefaultSetup
                0x000817f8                watchdogSetup()
 .text.unlikely._ZL11USB_SendZlpv
                0x00081804       0x20 C:\Users\Andreas Gruber\AppData\Local\Temp\VMBuilds\maya\arduino_due_x_dbg/core.a(USBCore.cpp.o)
 .text._Z14USBD_Availablem
                0x00081824       0x2c C:\Users\Andreas Gruber\AppData\Local\Temp\VMBuilds\maya\arduino_due_x_dbg/core.a(USBCore.cpp.o)
                0x00081824                USBD_Available(unsigned long)
 .text._Z9USBD_RecvmPvm
                0x00081850       0x7c C:\Users\Andreas Gruber\AppData\Local\Temp\VMBuilds\maya\arduino_due_x_dbg/core.a(USBCore.cpp.o)
                0x00081850                USBD_Recv(unsigned long, void*, unsigned long)
 .text._Z9USBD_Recvm
                0x000818cc       0x22 C:\Users\Andreas Gruber\AppData\Local\Temp\VMBuilds\maya\arduino_due_x_dbg/core.a(USBCore.cpp.o)
                0x000818cc                USBD_Recv(unsigned long)
 *fill*         0x000818ee        0x2 
 .text._Z9USBD_SendmPKvm
                0x000818f0       0x4c C:\Users\Andreas Gruber\AppData\Local\Temp\VMBuilds\maya\arduino_due_x_dbg/core.a(USBCore.cpp.o)
                0x000818f0                USBD_Send(unsigned long, void const*, unsigned long)
 .text._Z16USBD_SendControlhPKvm
                0x0008193c       0x40 C:\Users\Andreas Gruber\AppData\Local\Temp\VMBuilds\maya\arduino_due_x_dbg/core.a(USBCore.cpp.o)
                0x0008193c                USBD_SendControl(unsigned char, void const*, unsigned long)
 .text.unlikely._ZL24USB_SendStringDescriptorPKhi
                0x0008197c       0x64 C:\Users\Andreas Gruber\AppData\Local\Temp\VMBuilds\maya\arduino_due_x_dbg/core.a(USBCore.cpp.o)
 .text._Z16USBD_RecvControlPvm
                0x000819e0       0x1c C:\Users\Andreas Gruber\AppData\Local\Temp\VMBuilds\maya\arduino_due_x_dbg/core.a(USBCore.cpp.o)
                0x000819e0                USBD_RecvControl(void*, unsigned long)
 .text._Z26USBD_ClassInterfaceRequestR8USBSetup
                0x000819fc       0x1e C:\Users\Andreas Gruber\AppData\Local\Temp\VMBuilds\maya\arduino_due_x_dbg/core.a(USBCore.cpp.o)
                0x000819fc                USBD_ClassInterfaceRequest(USBSetup&)
 .text._Z19USBD_SendInterfacesv
                0x00081a1a       0x22 C:\Users\Andreas Gruber\AppData\Local\Temp\VMBuilds\maya\arduino_due_x_dbg/core.a(USBCore.cpp.o)
                0x00081a1a                USBD_SendInterfaces()
 .text._Z24USBD_SendOtherInterfacesv
                0x00081a3c       0x22 C:\Users\Andreas Gruber\AppData\Local\Temp\VMBuilds\maya\arduino_due_x_dbg/core.a(USBCore.cpp.o)
                0x00081a3c                USBD_SendOtherInterfaces()
 .text._Z10USBD_Flushm
                0x00081a5e       0x16 C:\Users\Andreas Gruber\AppData\Local\Temp\VMBuilds\maya\arduino_due_x_dbg/core.a(USBCore.cpp.o)
                0x00081a5e                USBD_Flush(unsigned long)
 .text._ZN10USBDevice_C2Ev
                0x00081a74       0x24 C:\Users\Andreas Gruber\AppData\Local\Temp\VMBuilds\maya\arduino_due_x_dbg/core.a(USBCore.cpp.o)
                0x00081a74                USBDevice_::USBDevice_()
                0x00081a74                USBDevice_::USBDevice_()
 .text._ZN10USBDevice_6attachEv
                0x00081a98       0x20 C:\Users\Andreas Gruber\AppData\Local\Temp\VMBuilds\maya\arduino_due_x_dbg/core.a(USBCore.cpp.o)
                0x00081a98                USBDevice_::attach()
 .text.startup._GLOBAL__sub_I_EndPoints
                0x00081ab8        0xc C:\Users\Andreas Gruber\AppData\Local\Temp\VMBuilds\maya\arduino_due_x_dbg/core.a(USBCore.cpp.o)
 .text._ZL7USB_ISRv
                0x00081ac4      0x454 C:\Users\Andreas Gruber\AppData\Local\Temp\VMBuilds\maya\arduino_due_x_dbg/core.a(USBCore.cpp.o)
 .text._ZN7Serial_9availableEv
                0x00081f18       0x18 C:\Users\Andreas Gruber\AppData\Local\Temp\VMBuilds\maya\arduino_due_x_dbg/core.a(CDC.cpp.o)
                0x00081f18                Serial_::available()
 .text._ZN7Serial_17availableForWriteEv
                0x00081f30        0x6 C:\Users\Andreas Gruber\AppData\Local\Temp\VMBuilds\maya\arduino_due_x_dbg/core.a(CDC.cpp.o)
                0x00081f30                Serial_::availableForWrite()
 *fill*         0x00081f36        0x2 
 .text._ZN7Serial_4peekEv
                0x00081f38       0x20 C:\Users\Andreas Gruber\AppData\Local\Temp\VMBuilds\maya\arduino_due_x_dbg/core.a(CDC.cpp.o)
                0x00081f38                Serial_::peek()
 .text._ZN7Serial_5writeEh
                0x00081f58       0x16 C:\Users\Andreas Gruber\AppData\Local\Temp\VMBuilds\maya\arduino_due_x_dbg/core.a(CDC.cpp.o)
                0x00081f58                Serial_::write(unsigned char)
 *fill*         0x00081f6e        0x2 
 .text._ZN7Serial_4readEv
                0x00081f70       0x44 C:\Users\Andreas Gruber\AppData\Local\Temp\VMBuilds\maya\arduino_due_x_dbg/core.a(CDC.cpp.o)
                0x00081f70                Serial_::read()
 .text._ZN7Serial_5flushEv
                0x00081fb4        0x6 C:\Users\Andreas Gruber\AppData\Local\Temp\VMBuilds\maya\arduino_due_x_dbg/core.a(CDC.cpp.o)
                0x00081fb4                Serial_::flush()
 *fill*         0x00081fba        0x2 
 .text._ZN7Serial_6acceptEv
                0x00081fbc       0x70 C:\Users\Andreas Gruber\AppData\Local\Temp\VMBuilds\maya\arduino_due_x_dbg/core.a(CDC.cpp.o)
                0x00081fbc                Serial_::accept()
 .text._ZN7Serial_5writeEPKhj
                0x0008202c       0x2c C:\Users\Andreas Gruber\AppData\Local\Temp\VMBuilds\maya\arduino_due_x_dbg/core.a(CDC.cpp.o)
                0x0008202c                Serial_::write(unsigned char const*, unsigned int)
 .text._Z16CDC_GetInterfacePh
                0x00082058       0x14 C:\Users\Andreas Gruber\AppData\Local\Temp\VMBuilds\maya\arduino_due_x_dbg/core.a(CDC.cpp.o)
                0x00082058                CDC_GetInterface(unsigned char*)
 .text._Z21CDC_GetOtherInterfacePh
                0x0008206c       0x14 C:\Users\Andreas Gruber\AppData\Local\Temp\VMBuilds\maya\arduino_due_x_dbg/core.a(CDC.cpp.o)
                0x0008206c                CDC_GetOtherInterface(unsigned char*)
 .text._Z9CDC_SetupR8USBSetup
                0x00082080       0x78 C:\Users\Andreas Gruber\AppData\Local\Temp\VMBuilds\maya\arduino_due_x_dbg/core.a(CDC.cpp.o)
                0x00082080                CDC_Setup(USBSetup&)
 .text.startup._GLOBAL__sub_I_cdc_rx_buffer
                0x000820f8       0x1c C:\Users\Andreas Gruber\AppData\Local\Temp\VMBuilds\maya\arduino_due_x_dbg/core.a(CDC.cpp.o)
 .text._ZN13PluggableUSB_12getInterfaceEPh
                0x00082114       0x28 C:\Users\Andreas Gruber\AppData\Local\Temp\VMBuilds\maya\arduino_due_x_dbg/core.a(PluggableUSB.cpp.o)
                0x00082114                PluggableUSB_::getInterface(unsigned char*)
 .text._ZN13PluggableUSB_13getDescriptorER8USBSetup
                0x0008213c       0x1c C:\Users\Andreas Gruber\AppData\Local\Temp\VMBuilds\maya\arduino_due_x_dbg/core.a(PluggableUSB.cpp.o)
                0x0008213c                PluggableUSB_::getDescriptor(USBSetup&)
 .text._ZN13PluggableUSB_12getShortNameEPc
                0x00082158       0x1c C:\Users\Andreas Gruber\AppData\Local\Temp\VMBuilds\maya\arduino_due_x_dbg/core.a(PluggableUSB.cpp.o)
                0x00082158                PluggableUSB_::getShortName(char*)
 .text._ZN13PluggableUSB_5setupER8USBSetup
                0x00082174       0x20 C:\Users\Andreas Gruber\AppData\Local\Temp\VMBuilds\maya\arduino_due_x_dbg/core.a(PluggableUSB.cpp.o)
                0x00082174                PluggableUSB_::setup(USBSetup&)
 .text._Z12PluggableUSBv
                0x00082194       0x28 C:\Users\Andreas Gruber\AppData\Local\Temp\VMBuilds\maya\arduino_due_x_dbg/core.a(PluggableUSB.cpp.o)
                0x00082194                PluggableUSB()
 .text.TimeTick_Increment
                0x000821bc       0x10 C:\Users\Andreas Gruber\AppData\Local\arduino15\packages\arduino\hardware\sam\1.6.9\variants\arduino_due_x/libsam_sam3x8e_gcc_rel.a(timetick.o)
                0x000821bc                TimeTick_Increment
 .text.GetTickCount
                0x000821cc        0xc C:\Users\Andreas Gruber\AppData\Local\arduino15\packages\arduino\hardware\sam\1.6.9\variants\arduino_due_x/libsam_sam3x8e_gcc_rel.a(timetick.o)
                0x000821cc                GetTickCount
 .text.WDT_Disable
                0x000821d8        0x8 C:\Users\Andreas Gruber\AppData\Local\arduino15\packages\arduino\hardware\sam\1.6.9\variants\arduino_due_x/libsam_sam3x8e_gcc_rel.a(wdt.o)
                0x000821d8                WDT_Disable
 .text.UDD_SetStack
                0x000821e0        0xc C:\Users\Andreas Gruber\AppData\Local\arduino15\packages\arduino\hardware\sam\1.6.9\variants\arduino_due_x/libsam_sam3x8e_gcc_rel.a(uotghs_device.o)
                0x000821e0                UDD_SetStack
 .text.UDD_Init
                0x000821ec       0xd0 C:\Users\Andreas Gruber\AppData\Local\arduino15\packages\arduino\hardware\sam\1.6.9\variants\arduino_due_x/libsam_sam3x8e_gcc_rel.a(uotghs_device.o)
                0x000821ec                UDD_Init
 .text.UDD_Attach
                0x000822bc       0x50 C:\Users\Andreas Gruber\AppData\Local\arduino15\packages\arduino\hardware\sam\1.6.9\variants\arduino_due_x/libsam_sam3x8e_gcc_rel.a(uotghs_device.o)
                0x000822bc                UDD_Attach
 .text.UDD_InitEP
                0x0008230c       0x2c C:\Users\Andreas Gruber\AppData\Local\arduino15\packages\arduino\hardware\sam\1.6.9\variants\arduino_due_x/libsam_sam3x8e_gcc_rel.a(uotghs_device.o)
                0x0008230c                UDD_InitEP
 .text.UDD_InitEndpoints
                0x00082338       0x3c C:\Users\Andreas Gruber\AppData\Local\arduino15\packages\arduino\hardware\sam\1.6.9\variants\arduino_due_x/libsam_sam3x8e_gcc_rel.a(uotghs_device.o)
                0x00082338                UDD_InitEndpoints
 .text.UDD_WaitIN
                0x00082374       0x10 C:\Users\Andreas Gruber\AppData\Local\arduino15\packages\arduino\hardware\sam\1.6.9\variants\arduino_due_x/libsam_sam3x8e_gcc_rel.a(uotghs_device.o)
                0x00082374                UDD_WaitIN
 .text.UDD_WaitOUT
                0x00082384       0x10 C:\Users\Andreas Gruber\AppData\Local\arduino15\packages\arduino\hardware\sam\1.6.9\variants\arduino_due_x/libsam_sam3x8e_gcc_rel.a(uotghs_device.o)
                0x00082384                UDD_WaitOUT
 .text.UDD_ClearIN
                0x00082394       0x18 C:\Users\Andreas Gruber\AppData\Local\arduino15\packages\arduino\hardware\sam\1.6.9\variants\arduino_due_x/libsam_sam3x8e_gcc_rel.a(uotghs_device.o)
                0x00082394                UDD_ClearIN
 .text.UDD_ClearOUT
                0x000823ac       0x18 C:\Users\Andreas Gruber\AppData\Local\arduino15\packages\arduino\hardware\sam\1.6.9\variants\arduino_due_x/libsam_sam3x8e_gcc_rel.a(uotghs_device.o)
                0x000823ac                UDD_ClearOUT
 .text.UDD_ReceivedSetupInt
                0x000823c4       0x10 C:\Users\Andreas Gruber\AppData\Local\arduino15\packages\arduino\hardware\sam\1.6.9\variants\arduino_due_x/libsam_sam3x8e_gcc_rel.a(uotghs_device.o)
                0x000823c4                UDD_ReceivedSetupInt
 .text.UDD_ClearSetupInt
                0x000823d4       0x10 C:\Users\Andreas Gruber\AppData\Local\arduino15\packages\arduino\hardware\sam\1.6.9\variants\arduino_due_x/libsam_sam3x8e_gcc_rel.a(uotghs_device.o)
                0x000823d4                UDD_ClearSetupInt
 .text.UDD_Send
                0x000823e4       0x88 C:\Users\Andreas Gruber\AppData\Local\arduino15\packages\arduino\hardware\sam\1.6.9\variants\arduino_due_x/libsam_sam3x8e_gcc_rel.a(uotghs_device.o)
                0x000823e4                UDD_Send
 .text.UDD_Send8
                0x0008246c       0x24 C:\Users\Andreas Gruber\AppData\Local\arduino15\packages\arduino\hardware\sam\1.6.9\variants\arduino_due_x/libsam_sam3x8e_gcc_rel.a(uotghs_device.o)
                0x0008246c                UDD_Send8
 .text.UDD_Recv8
                0x00082490       0x28 C:\Users\Andreas Gruber\AppData\Local\arduino15\packages\arduino\hardware\sam\1.6.9\variants\arduino_due_x/libsam_sam3x8e_gcc_rel.a(uotghs_device.o)
                0x00082490                UDD_Recv8
 .text.UDD_Recv
                0x000824b8       0x34 C:\Users\Andreas Gruber\AppData\Local\arduino15\packages\arduino\hardware\sam\1.6.9\variants\arduino_due_x/libsam_sam3x8e_gcc_rel.a(uotghs_device.o)
                0x000824b8                UDD_Recv
 .text.UDD_Stall
                0x000824ec       0x14 C:\Users\Andreas Gruber\AppData\Local\arduino15\packages\arduino\hardware\sam\1.6.9\variants\arduino_due_x/libsam_sam3x8e_gcc_rel.a(uotghs_device.o)
                0x000824ec                UDD_Stall
 .text.UDD_FifoByteCount
                0x00082500       0x14 C:\Users\Andreas Gruber\AppData\Local\arduino15\packages\arduino\hardware\sam\1.6.9\variants\arduino_due_x/libsam_sam3x8e_gcc_rel.a(uotghs_device.o)
                0x00082500                UDD_FifoByteCount
 .text.UDD_ReleaseRX
                0x00082514       0x28 C:\Users\Andreas Gruber\AppData\Local\arduino15\packages\arduino\hardware\sam\1.6.9\variants\arduino_due_x/libsam_sam3x8e_gcc_rel.a(uotghs_device.o)
                0x00082514                UDD_ReleaseRX
 .text.UDD_ReleaseTX
                0x0008253c       0x28 C:\Users\Andreas Gruber\AppData\Local\arduino15\packages\arduino\hardware\sam\1.6.9\variants\arduino_due_x/libsam_sam3x8e_gcc_rel.a(uotghs_device.o)
                0x0008253c                UDD_ReleaseTX
 .text.UDD_SetAddress
                0x00082564       0x20 C:\Users\Andreas Gruber\AppData\Local\arduino15\packages\arduino\hardware\sam\1.6.9\variants\arduino_due_x/libsam_sam3x8e_gcc_rel.a(uotghs_device.o)
                0x00082564                UDD_SetAddress
 .text          0x00082584       0x40 c:/users/andreas gruber/appdata/local/arduino15/packages/arduino/tools/arm-none-eabi-gcc/4.8.3-2014q1/bin/../lib/gcc/arm-none-eabi/4.8.3/armv7-m\libgcc.a(_arm_fixunsdfsi.o)
                0x00082584                __aeabi_d2uiz
                0x00082584                __fixunsdfsi
 .text.__assert_func
                0x000825c4       0x3c c:/users/andreas gruber/appdata/local/arduino15/packages/arduino/tools/arm-none-eabi-gcc/4.8.3-2014q1/bin/../lib/gcc/arm-none-eabi/4.8.3/../../../../arm-none-eabi/lib/armv7-m\libg.a(lib_a-assert.o)
                0x000825c4                __assert_func
 .text.fiprintf
                0x00082600       0x28 c:/users/andreas gruber/appdata/local/arduino15/packages/arduino/tools/arm-none-eabi-gcc/4.8.3-2014q1/bin/../lib/gcc/arm-none-eabi/4.8.3/../../../../arm-none-eabi/lib/armv7-m\libg.a(lib_a-fiprintf.o)
                0x00082600                fiprintf
 .text.__libc_init_array
                0x00082628       0x50 c:/users/andreas gruber/appdata/local/arduino15/packages/arduino/tools/arm-none-eabi-gcc/4.8.3-2014q1/bin/../lib/gcc/arm-none-eabi/4.8.3/../../../../arm-none-eabi/lib/armv7-m\libg.a(lib_a-init.o)
                0x00082628                __libc_init_array
 .text.iprintf  0x00082678       0x28 c:/users/andreas gruber/appdata/local/arduino15/packages/arduino/tools/arm-none-eabi-gcc/4.8.3-2014q1/bin/../lib/gcc/arm-none-eabi/4.8.3/../../../../arm-none-eabi/lib/armv7-m\libg.a(lib_a-iprintf.o)
                0x00082678                iprintf
 .text.memset   0x000826a0       0x94 c:/users/andreas gruber/appdata/local/arduino15/packages/arduino/tools/arm-none-eabi-gcc/4.8.3-2014q1/bin/../lib/gcc/arm-none-eabi/4.8.3/../../../../arm-none-eabi/lib/armv7-m\libg.a(lib_a-memset.o)
                0x000826a0                memset
 .text.strlen   0x00082734       0x60 c:/users/andreas gruber/appdata/local/arduino15/packages/arduino/tools/arm-none-eabi-gcc/4.8.3-2014q1/bin/../lib/gcc/arm-none-eabi/4.8.3/../../../../arm-none-eabi/lib/armv7-m\libg.a(lib_a-strlen.o)
                0x00082734                strlen
 .text.kill     0x00082794       0x10 c:/users/andreas gruber/appdata/local/arduino15/packages/arduino/tools/arm-none-eabi-gcc/4.8.3-2014q1/bin/../lib/gcc/arm-none-eabi/4.8.3/../../../../arm-none-eabi/lib/armv7-m\libg.a(lib_a-syskill.o)
                0x00082794                kill
 .text.__sprint_r.part.0
                0x000827a4       0x78 c:/users/andreas gruber/appdata/local/arduino15/packages/arduino/tools/arm-none-eabi-gcc/4.8.3-2014q1/bin/../lib/gcc/arm-none-eabi/4.8.3/../../../../arm-none-eabi/lib/armv7-m\libg.a(lib_a-vfiprintf.o)
 .text._vfiprintf_r
                0x0008281c      0xc54 c:/users/andreas gruber/appdata/local/arduino15/packages/arduino/tools/arm-none-eabi-gcc/4.8.3-2014q1/bin/../lib/gcc/arm-none-eabi/4.8.3/../../../../arm-none-eabi/lib/armv7-m\libg.a(lib_a-vfiprintf.o)
                0x0008281c                _vfiprintf_r
 .text.__sbprintf
                0x00083470       0x7c c:/users/andreas gruber/appdata/local/arduino15/packages/arduino/tools/arm-none-eabi-gcc/4.8.3-2014q1/bin/../lib/gcc/arm-none-eabi/4.8.3/../../../../arm-none-eabi/lib/armv7-m\libg.a(lib_a-vfiprintf.o)
 .text.__swsetup_r
                0x000834ec       0xc4 c:/users/andreas gruber/appdata/local/arduino15/packages/arduino/tools/arm-none-eabi-gcc/4.8.3-2014q1/bin/../lib/gcc/arm-none-eabi/4.8.3/../../../../arm-none-eabi/lib/armv7-m\libg.a(lib_a-wsetup.o)
                0x000834ec                __swsetup_r
 .text.startup.register_fini
                0x000835b0       0x14 c:/users/andreas gruber/appdata/local/arduino15/packages/arduino/tools/arm-none-eabi-gcc/4.8.3-2014q1/bin/../lib/gcc/arm-none-eabi/4.8.3/../../../../arm-none-eabi/lib/armv7-m\libg.a(lib_a-__call_atexit.o)
 .text.abort    0x000835c4       0x10 c:/users/andreas gruber/appdata/local/arduino15/packages/arduino/tools/arm-none-eabi-gcc/4.8.3-2014q1/bin/../lib/gcc/arm-none-eabi/4.8.3/../../../../arm-none-eabi/lib/armv7-m\libg.a(lib_a-abort.o)
                0x000835c4                abort
 .text.atexit   0x000835d4        0xc c:/users/andreas gruber/appdata/local/arduino15/packages/arduino/tools/arm-none-eabi-gcc/4.8.3-2014q1/bin/../lib/gcc/arm-none-eabi/4.8.3/../../../../arm-none-eabi/lib/armv7-m\libg.a(lib_a-atexit.o)
                0x000835d4                atexit
 .text.__sflush_r
                0x000835e0      0x148 c:/users/andreas gruber/appdata/local/arduino15/packages/arduino/tools/arm-none-eabi-gcc/4.8.3-2014q1/bin/../lib/gcc/arm-none-eabi/4.8.3/../../../../arm-none-eabi/lib/armv7-m\libg.a(lib_a-fflush.o)
                0x000835e0                __sflush_r
 .text._fflush_r
                0x00083728       0x2c c:/users/andreas gruber/appdata/local/arduino15/packages/arduino/tools/arm-none-eabi-gcc/4.8.3-2014q1/bin/../lib/gcc/arm-none-eabi/4.8.3/../../../../arm-none-eabi/lib/armv7-m\libg.a(lib_a-fflush.o)
                0x00083728                _fflush_r
 .text._cleanup_r
                0x00083754        0xc c:/users/andreas gruber/appdata/local/arduino15/packages/arduino/tools/arm-none-eabi-gcc/4.8.3-2014q1/bin/../lib/gcc/arm-none-eabi/4.8.3/../../../../arm-none-eabi/lib/armv7-m\libg.a(lib_a-findfp.o)
                0x00083754                _cleanup_r
 .text.__sinit  0x00083760       0xf4 c:/users/andreas gruber/appdata/local/arduino15/packages/arduino/tools/arm-none-eabi-gcc/4.8.3-2014q1/bin/../lib/gcc/arm-none-eabi/4.8.3/../../../../arm-none-eabi/lib/armv7-m\libg.a(lib_a-findfp.o)
                0x00083760                __sinit
 .text.__sfp_lock_acquire
                0x00083854        0x4 c:/users/andreas gruber/appdata/local/arduino15/packages/arduino/tools/arm-none-eabi-gcc/4.8.3-2014q1/bin/../lib/gcc/arm-none-eabi/4.8.3/../../../../arm-none-eabi/lib/armv7-m\libg.a(lib_a-findfp.o)
                0x00083854                __sfp_lock_acquire
 .text.__sfp_lock_release
                0x00083858        0x4 c:/users/andreas gruber/appdata/local/arduino15/packages/arduino/tools/arm-none-eabi-gcc/4.8.3-2014q1/bin/../lib/gcc/arm-none-eabi/4.8.3/../../../../arm-none-eabi/lib/armv7-m\libg.a(lib_a-findfp.o)
                0x00083858                __sfp_lock_release
 .text.__libc_fini_array
                0x0008385c       0x30 c:/users/andreas gruber/appdata/local/arduino15/packages/arduino/tools/arm-none-eabi-gcc/4.8.3-2014q1/bin/../lib/gcc/arm-none-eabi/4.8.3/../../../../arm-none-eabi/lib/armv7-m\libg.a(lib_a-fini.o)
                0x0008385c                __libc_fini_array
 .text._fputwc_r
                0x0008388c       0xc0 c:/users/andreas gruber/appdata/local/arduino15/packages/arduino/tools/arm-none-eabi-gcc/4.8.3-2014q1/bin/../lib/gcc/arm-none-eabi/4.8.3/../../../../arm-none-eabi/lib/armv7-m\libg.a(lib_a-fputwc.o)
                0x0008388c                _fputwc_r
 .text._malloc_trim_r
                0x0008394c       0x9c c:/users/andreas gruber/appdata/local/arduino15/packages/arduino/tools/arm-none-eabi-gcc/4.8.3-2014q1/bin/../lib/gcc/arm-none-eabi/4.8.3/../../../../arm-none-eabi/lib/armv7-m\libg.a(lib_a-freer.o)
                0x0008394c                _malloc_trim_r
 .text._free_r  0x000839e8      0x198 c:/users/andreas gruber/appdata/local/arduino15/packages/arduino/tools/arm-none-eabi-gcc/4.8.3-2014q1/bin/../lib/gcc/arm-none-eabi/4.8.3/../../../../arm-none-eabi/lib/armv7-m\libg.a(lib_a-freer.o)
                0x000839e8                _free_r
 .text.__sfvwrite_r
                0x00083b80      0x314 c:/users/andreas gruber/appdata/local/arduino15/packages/arduino/tools/arm-none-eabi-gcc/4.8.3-2014q1/bin/../lib/gcc/arm-none-eabi/4.8.3/../../../../arm-none-eabi/lib/armv7-m\libg.a(lib_a-fvwrite.o)
                0x00083b80                __sfvwrite_r
 .text._fwalk   0x00083e94       0x48 c:/users/andreas gruber/appdata/local/arduino15/packages/arduino/tools/arm-none-eabi-gcc/4.8.3-2014q1/bin/../lib/gcc/arm-none-eabi/4.8.3/../../../../arm-none-eabi/lib/armv7-m\libg.a(lib_a-fwalk.o)
                0x00083e94                _fwalk
 .text.__locale_charset
                0x00083edc        0x8 c:/users/andreas gruber/appdata/local/arduino15/packages/arduino/tools/arm-none-eabi-gcc/4.8.3-2014q1/bin/../lib/gcc/arm-none-eabi/4.8.3/../../../../arm-none-eabi/lib/armv7-m\libg.a(lib_a-locale.o)
                0x00083edc                __locale_charset
 .text.__locale_mb_cur_max
                0x00083ee4        0xc c:/users/andreas gruber/appdata/local/arduino15/packages/arduino/tools/arm-none-eabi-gcc/4.8.3-2014q1/bin/../lib/gcc/arm-none-eabi/4.8.3/../../../../arm-none-eabi/lib/armv7-m\libg.a(lib_a-locale.o)
                0x00083ee4                __locale_mb_cur_max
 .text.__smakebuf_r
                0x00083ef0       0xe0 c:/users/andreas gruber/appdata/local/arduino15/packages/arduino/tools/arm-none-eabi-gcc/4.8.3-2014q1/bin/../lib/gcc/arm-none-eabi/4.8.3/../../../../arm-none-eabi/lib/armv7-m\libg.a(lib_a-makebuf.o)
                0x00083ef0                __smakebuf_r
 .text._malloc_r
                0x00083fd0      0x538 c:/users/andreas gruber/appdata/local/arduino15/packages/arduino/tools/arm-none-eabi-gcc/4.8.3-2014q1/bin/../lib/gcc/arm-none-eabi/4.8.3/../../../../arm-none-eabi/lib/armv7-m\libg.a(lib_a-mallocr.o)
                0x00083fd0                _malloc_r
 .text.memchr   0x00084508       0x94 c:/users/andreas gruber/appdata/local/arduino15/packages/arduino/tools/arm-none-eabi-gcc/4.8.3-2014q1/bin/../lib/gcc/arm-none-eabi/4.8.3/../../../../arm-none-eabi/lib/armv7-m\libg.a(lib_a-memchr-stub.o)
                0x00084508                memchr
 .text          0x0008459c       0xec c:/users/andreas gruber/appdata/local/arduino15/packages/arduino/tools/arm-none-eabi-gcc/4.8.3-2014q1/bin/../lib/gcc/arm-none-eabi/4.8.3/../../../../arm-none-eabi/lib/armv7-m\libg.a(lib_a-memcpy.o)
                0x0008459c                memcpy
 .text.memmove  0x00084688       0xcc c:/users/andreas gruber/appdata/local/arduino15/packages/arduino/tools/arm-none-eabi-gcc/4.8.3-2014q1/bin/../lib/gcc/arm-none-eabi/4.8.3/../../../../arm-none-eabi/lib/armv7-m\libg.a(lib_a-memmove.o)
                0x00084688                memmove
 .text.__malloc_lock
                0x00084754        0x4 c:/users/andreas gruber/appdata/local/arduino15/packages/arduino/tools/arm-none-eabi-gcc/4.8.3-2014q1/bin/../lib/gcc/arm-none-eabi/4.8.3/../../../../arm-none-eabi/lib/armv7-m\libg.a(lib_a-mlock.o)
                0x00084754                __malloc_lock
 .text.__malloc_unlock
                0x00084758        0x4 c:/users/andreas gruber/appdata/local/arduino15/packages/arduino/tools/arm-none-eabi-gcc/4.8.3-2014q1/bin/../lib/gcc/arm-none-eabi/4.8.3/../../../../arm-none-eabi/lib/armv7-m\libg.a(lib_a-mlock.o)
                0x00084758                __malloc_unlock
 .text._realloc_r
                0x0008475c      0x3c0 c:/users/andreas gruber/appdata/local/arduino15/packages/arduino/tools/arm-none-eabi-gcc/4.8.3-2014q1/bin/../lib/gcc/arm-none-eabi/4.8.3/../../../../arm-none-eabi/lib/armv7-m\libg.a(lib_a-reallocr.o)
                0x0008475c                _realloc_r
 .text._sbrk_r  0x00084b1c       0x24 c:/users/andreas gruber/appdata/local/arduino15/packages/arduino/tools/arm-none-eabi-gcc/4.8.3-2014q1/bin/../lib/gcc/arm-none-eabi/4.8.3/../../../../arm-none-eabi/lib/armv7-m\libg.a(lib_a-sbrkr.o)
                0x00084b1c                _sbrk_r
 .text._raise_r
                0x00084b40       0x58 c:/users/andreas gruber/appdata/local/arduino15/packages/arduino/tools/arm-none-eabi-gcc/4.8.3-2014q1/bin/../lib/gcc/arm-none-eabi/4.8.3/../../../../arm-none-eabi/lib/armv7-m\libg.a(lib_a-signal.o)
                0x00084b40                _raise_r
 .text.raise    0x00084b98       0x10 c:/users/andreas gruber/appdata/local/arduino15/packages/arduino/tools/arm-none-eabi-gcc/4.8.3-2014q1/bin/../lib/gcc/arm-none-eabi/4.8.3/../../../../arm-none-eabi/lib/armv7-m\libg.a(lib_a-signal.o)
                0x00084b98                raise
 .text._kill_r  0x00084ba8       0x28 c:/users/andreas gruber/appdata/local/arduino15/packages/arduino/tools/arm-none-eabi-gcc/4.8.3-2014q1/bin/../lib/gcc/arm-none-eabi/4.8.3/../../../../arm-none-eabi/lib/armv7-m\libg.a(lib_a-signalr.o)
                0x00084ba8                _kill_r
 .text._getpid_r
                0x00084bd0        0x4 c:/users/andreas gruber/appdata/local/arduino15/packages/arduino/tools/arm-none-eabi-gcc/4.8.3-2014q1/bin/../lib/gcc/arm-none-eabi/4.8.3/../../../../arm-none-eabi/lib/armv7-m\libg.a(lib_a-signalr.o)
                0x00084bd0                _getpid_r
 .text.__sread  0x00084bd4       0x24 c:/users/andreas gruber/appdata/local/arduino15/packages/arduino/tools/arm-none-eabi-gcc/4.8.3-2014q1/bin/../lib/gcc/arm-none-eabi/4.8.3/../../../../arm-none-eabi/lib/armv7-m\libg.a(lib_a-stdio.o)
                0x00084bd4                __sread
 .text.__swrite
                0x00084bf8       0x38 c:/users/andreas gruber/appdata/local/arduino15/packages/arduino/tools/arm-none-eabi-gcc/4.8.3-2014q1/bin/../lib/gcc/arm-none-eabi/4.8.3/../../../../arm-none-eabi/lib/armv7-m\libg.a(lib_a-stdio.o)
                0x00084bf8                __swrite
 .text.__sseek  0x00084c30       0x20 c:/users/andreas gruber/appdata/local/arduino15/packages/arduino/tools/arm-none-eabi-gcc/4.8.3-2014q1/bin/../lib/gcc/arm-none-eabi/4.8.3/../../../../arm-none-eabi/lib/armv7-m\libg.a(lib_a-stdio.o)
                0x00084c30                __sseek
 .text.__sclose
                0x00084c50        0x8 c:/users/andreas gruber/appdata/local/arduino15/packages/arduino/tools/arm-none-eabi-gcc/4.8.3-2014q1/bin/../lib/gcc/arm-none-eabi/4.8.3/../../../../arm-none-eabi/lib/armv7-m\libg.a(lib_a-stdio.o)
                0x00084c50                __sclose
 .text.__swbuf_r
                0x00084c58       0xa8 c:/users/andreas gruber/appdata/local/arduino15/packages/arduino/tools/arm-none-eabi-gcc/4.8.3-2014q1/bin/../lib/gcc/arm-none-eabi/4.8.3/../../../../arm-none-eabi/lib/armv7-m\libg.a(lib_a-wbuf.o)
                0x00084c58                __swbuf_r
 .text._wcrtomb_r
                0x00084d00       0x50 c:/users/andreas gruber/appdata/local/arduino15/packages/arduino/tools/arm-none-eabi-gcc/4.8.3-2014q1/bin/../lib/gcc/arm-none-eabi/4.8.3/../../../../arm-none-eabi/lib/armv7-m\libg.a(lib_a-wcrtomb.o)
                0x00084d00                _wcrtomb_r
 .text.__ascii_wctomb
                0x00084d50       0x1c c:/users/andreas gruber/appdata/local/arduino15/packages/arduino/tools/arm-none-eabi-gcc/4.8.3-2014q1/bin/../lib/gcc/arm-none-eabi/4.8.3/../../../../arm-none-eabi/lib/armv7-m\libg.a(lib_a-wctomb_r.o)
                0x00084d50                __ascii_wctomb
 .text._write_r
                0x00084d6c       0x28 c:/users/andreas gruber/appdata/local/arduino15/packages/arduino/tools/arm-none-eabi-gcc/4.8.3-2014q1/bin/../lib/gcc/arm-none-eabi/4.8.3/../../../../arm-none-eabi/lib/armv7-m\libg.a(lib_a-writer.o)
                0x00084d6c                _write_r
 .text.__register_exitproc
                0x00084d94       0xa8 c:/users/andreas gruber/appdata/local/arduino15/packages/arduino/tools/arm-none-eabi-gcc/4.8.3-2014q1/bin/../lib/gcc/arm-none-eabi/4.8.3/../../../../arm-none-eabi/lib/armv7-m\libg.a(lib_a-__atexit.o)
                0x00084d94                __register_exitproc
 .text._close_r
                0x00084e3c       0x24 c:/users/andreas gruber/appdata/local/arduino15/packages/arduino/tools/arm-none-eabi-gcc/4.8.3-2014q1/bin/../lib/gcc/arm-none-eabi/4.8.3/../../../../arm-none-eabi/lib/armv7-m\libg.a(lib_a-closer.o)
                0x00084e3c                _close_r
 .text._fclose_r
                0x00084e60       0x80 c:/users/andreas gruber/appdata/local/arduino15/packages/arduino/tools/arm-none-eabi-gcc/4.8.3-2014q1/bin/../lib/gcc/arm-none-eabi/4.8.3/../../../../arm-none-eabi/lib/armv7-m\libg.a(lib_a-fclose.o)
                0x00084e60                _fclose_r
 .text.fclose   0x00084ee0       0x10 c:/users/andreas gruber/appdata/local/arduino15/packages/arduino/tools/arm-none-eabi-gcc/4.8.3-2014q1/bin/../lib/gcc/arm-none-eabi/4.8.3/../../../../arm-none-eabi/lib/armv7-m\libg.a(lib_a-fclose.o)
                0x00084ee0                fclose
 .text._fstat_r
                0x00084ef0       0x28 c:/users/andreas gruber/appdata/local/arduino15/packages/arduino/tools/arm-none-eabi-gcc/4.8.3-2014q1/bin/../lib/gcc/arm-none-eabi/4.8.3/../../../../arm-none-eabi/lib/armv7-m\libg.a(lib_a-fstatr.o)
                0x00084ef0                _fstat_r
 .text._isatty_r
                0x00084f18       0x24 c:/users/andreas gruber/appdata/local/arduino15/packages/arduino/tools/arm-none-eabi-gcc/4.8.3-2014q1/bin/../lib/gcc/arm-none-eabi/4.8.3/../../../../arm-none-eabi/lib/armv7-m\libg.a(lib_a-isattyr.o)
                0x00084f18                _isatty_r
 .text._lseek_r
                0x00084f3c       0x28 c:/users/andreas gruber/appdata/local/arduino15/packages/arduino/tools/arm-none-eabi-gcc/4.8.3-2014q1/bin/../lib/gcc/arm-none-eabi/4.8.3/../../../../arm-none-eabi/lib/armv7-m\libg.a(lib_a-lseekr.o)
                0x00084f3c                _lseek_r
 .text._read_r  0x00084f64       0x28 c:/users/andreas gruber/appdata/local/arduino15/packages/arduino/tools/arm-none-eabi-gcc/4.8.3-2014q1/bin/../lib/gcc/arm-none-eabi/4.8.3/../../../../arm-none-eabi/lib/armv7-m\libg.a(lib_a-readr.o)
                0x00084f64                _read_r
 .text          0x00084f8c       0x2c c:/users/andreas gruber/appdata/local/arduino15/packages/arduino/tools/arm-none-eabi-gcc/4.8.3-2014q1/bin/../lib/gcc/arm-none-eabi/4.8.3/armv7-m\libgcc.a(_aeabi_uldivmod.o)
                0x00084f8c                __aeabi_uldivmod
 .text          0x00084fb8       0x60 c:/users/andreas gruber/appdata/local/arduino15/packages/arduino/tools/arm-none-eabi-gcc/4.8.3-2014q1/bin/../lib/gcc/arm-none-eabi/4.8.3/armv7-m\libgcc.a(bpabi.o)
                0x00084fb8                __gnu_ldivmod_helper
                0x00084fe8                __gnu_uldivmod_helper
 .text          0x00085018        0x4 c:/users/andreas gruber/appdata/local/arduino15/packages/arduino/tools/arm-none-eabi-gcc/4.8.3-2014q1/bin/../lib/gcc/arm-none-eabi/4.8.3/armv7-m\libgcc.a(_dvmd_tls.o)
                0x00085018                __aeabi_idiv0
                0x00085018                __aeabi_ldiv0
 .text          0x0008501c      0x2a0 c:/users/andreas gruber/appdata/local/arduino15/packages/arduino/tools/arm-none-eabi-gcc/4.8.3-2014q1/bin/../lib/gcc/arm-none-eabi/4.8.3/armv7-m\libgcc.a(_divdi3.o)
                0x0008501c                __divdi3
 .text          0x000852bc      0x290 c:/users/andreas gruber/appdata/local/arduino15/packages/arduino/tools/arm-none-eabi-gcc/4.8.3-2014q1/bin/../lib/gcc/arm-none-eabi/4.8.3/armv7-m\libgcc.a(_udivdi3.o)
                0x000852bc                __udivdi3
 *(.glue_7t)
 .glue_7t       0x00000000        0x0 linker stubs
 *(.glue_7)
 .glue_7        0x00000000        0x0 linker stubs
 *(.rodata .rodata* .gnu.linkonce.r.*)
 .rodata        0x0008554c        0x4 C:\Users\Andreas Gruber\AppData\Local\Temp\VMBuilds\maya\arduino_due_x_dbg\maya.cpp.o
 .rodata._ZL11stepperPins
                0x00085550        0x8 C:\Users\Andreas Gruber\AppData\Local\Temp\VMBuilds\maya\arduino_due_x_dbg\maya.cpp.o
 .rodata.str1.1
                0x00085558       0x3e C:\Users\Andreas Gruber\AppData\Local\Temp\VMBuilds\maya\arduino_due_x_dbg\maya.cpp.o
                                 0x42 (size before relaxing)
 .rodata._ZL7ledPins
                0x00085596        0x9 C:\Users\Andreas Gruber\AppData\Local\Temp\VMBuilds\maya\arduino_due_x_dbg\maya.cpp.o
 .rodata.str1.1
                0x0008559f       0x58 C:\Users\Andreas Gruber\AppData\Local\Temp\VMBuilds\maya\arduino_due_x_dbg\VM_DBG\VM_DBG.cpp.o
 .rodata._ZN7Encoder10encoderFsmE
                0x000855f7       0x10 C:\Users\Andreas Gruber\AppData\Local\Temp\VMBuilds\maya\arduino_due_x_dbg\encoder.cpp.o
                0x000855f7                Encoder::encoderFsm
 .rodata        0x00085607       0x20 C:\Users\Andreas Gruber\AppData\Local\Temp\VMBuilds\maya\arduino_due_x_dbg\stepper.cpp.o
 *fill*         0x00085627        0x1 
 .rodata.g_APinDescription
                0x00085628      0xa2c C:\Users\Andreas Gruber\AppData\Local\Temp\VMBuilds\maya\arduino_due_x_dbg\variant\variant.cpp.o
                0x00085628                g_APinDescription
 .rodata.__func__.6792
                0x00086054        0xd C:\Users\Andreas Gruber\AppData\Local\arduino15\packages\arduino\hardware\sam\1.6.9\variants\arduino_due_x/libsam_sam3x8e_gcc_rel.a(tc.o)
 .rodata.str1.1
                0x00086061       0x54 C:\Users\Andreas Gruber\AppData\Local\arduino15\packages\arduino\hardware\sam\1.6.9\variants\arduino_due_x/libsam_sam3x8e_gcc_rel.a(tc.o)
 .rodata.__func__.6798
                0x000860b5        0x9 C:\Users\Andreas Gruber\AppData\Local\arduino15\packages\arduino\hardware\sam\1.6.9\variants\arduino_due_x/libsam_sam3x8e_gcc_rel.a(tc.o)
 *fill*         0x000860be        0x2 
 .rodata        0x000860c0       0x40 C:\Users\Andreas Gruber\AppData\Local\arduino15\packages\arduino\hardware\sam\1.6.9\variants\arduino_due_x/libsam_sam3x8e_gcc_rel.a(adc.o)
 .rodata.str1.1
                0x00086100       0x19 C:\Users\Andreas Gruber\AppData\Local\Temp\VMBuilds\maya\arduino_due_x_dbg/core.a(syscalls_sam3.c.o)
 .rodata.str1.1
                0x00086119        0xe C:\Users\Andreas Gruber\AppData\Local\Temp\VMBuilds\maya\arduino_due_x_dbg/core.a(Print.cpp.o)
                                 0x11 (size before relaxing)
 *fill*         0x00086127        0x1 
 .rodata._ZTV9UARTClass
                0x00086128       0x30 C:\Users\Andreas Gruber\AppData\Local\Temp\VMBuilds\maya\arduino_due_x_dbg/core.a(UARTClass.cpp.o)
                0x00086128                vtable for UARTClass
 .rodata._ZTV10USARTClass
                0x00086158       0x30 C:\Users\Andreas Gruber\AppData\Local\Temp\VMBuilds\maya\arduino_due_x_dbg/core.a(USARTClass.cpp.o)
                0x00086158                vtable for USARTClass
 .rodata.STRING_PRODUCT
                0x00086188        0xc C:\Users\Andreas Gruber\AppData\Local\Temp\VMBuilds\maya\arduino_due_x_dbg/core.a(USBCore.cpp.o)
                0x00086188                STRING_PRODUCT
 .rodata.USB_DeviceDescriptor
                0x00086194       0x12 C:\Users\Andreas Gruber\AppData\Local\Temp\VMBuilds\maya\arduino_due_x_dbg/core.a(USBCore.cpp.o)
                0x00086194                USB_DeviceDescriptor
 .rodata.STRING_LANGUAGE
                0x000861a6        0x4 C:\Users\Andreas Gruber\AppData\Local\Temp\VMBuilds\maya\arduino_due_x_dbg/core.a(USBCore.cpp.o)
                0x000861a6                STRING_LANGUAGE
 .rodata._ZL18test_packet_buffer
                0x000861aa       0x35 C:\Users\Andreas Gruber\AppData\Local\Temp\VMBuilds\maya\arduino_due_x_dbg/core.a(USBCore.cpp.o)
 .rodata.STRING_MANUFACTURER
                0x000861df        0xc C:\Users\Andreas Gruber\AppData\Local\Temp\VMBuilds\maya\arduino_due_x_dbg/core.a(USBCore.cpp.o)
                0x000861df                STRING_MANUFACTURER
 .rodata.USB_DeviceDescriptorA
                0x000861eb       0x12 C:\Users\Andreas Gruber\AppData\Local\Temp\VMBuilds\maya\arduino_due_x_dbg/core.a(USBCore.cpp.o)
                0x000861eb                USB_DeviceDescriptorA
 .rodata._ZL19USB_DeviceQualifier
                0x000861fd        0x9 C:\Users\Andreas Gruber\AppData\Local\Temp\VMBuilds\maya\arduino_due_x_dbg/core.a(USBCore.cpp.o)
 *fill*         0x00086206        0x2 
 .rodata._ZTV7Serial_
                0x00086208       0x28 C:\Users\Andreas Gruber\AppData\Local\Temp\VMBuilds\maya\arduino_due_x_dbg/core.a(CDC.cpp.o)
                0x00086208                vtable for Serial_
 .rodata._ZL18_cdcOtherInterface
                0x00086230       0x42 C:\Users\Andreas Gruber\AppData\Local\Temp\VMBuilds\maya\arduino_due_x_dbg/core.a(CDC.cpp.o)
 .rodata._ZL13_cdcInterface
                0x00086272       0x42 C:\Users\Andreas Gruber\AppData\Local\Temp\VMBuilds\maya\arduino_due_x_dbg/core.a(CDC.cpp.o)
 .rodata.str1.4
                0x000862b4       0x3f c:/users/andreas gruber/appdata/local/arduino15/packages/arduino/tools/arm-none-eabi-gcc/4.8.3-2014q1/bin/../lib/gcc/arm-none-eabi/4.8.3/../../../../arm-none-eabi/lib/armv7-m\libg.a(lib_a-assert.o)
                                 0x44 (size before relaxing)
 *fill*         0x000862f3        0x1 
 .rodata.str1.4
                0x000862f4        0x2 c:/users/andreas gruber/appdata/local/arduino15/packages/arduino/tools/arm-none-eabi-gcc/4.8.3-2014q1/bin/../lib/gcc/arm-none-eabi/4.8.3/../../../../arm-none-eabi/lib/armv7-m\libg.a(lib_a-impure.o)
                                  0x4 (size before relaxing)
 *fill*         0x000862f6        0x2 
 .rodata._global_impure_ptr
                0x000862f8        0x4 c:/users/andreas gruber/appdata/local/arduino15/packages/arduino/tools/arm-none-eabi-gcc/4.8.3-2014q1/bin/../lib/gcc/arm-none-eabi/4.8.3/../../../../arm-none-eabi/lib/armv7-m\libg.a(lib_a-impure.o)
                0x000862f8                _global_impure_ptr
 .rodata.blanks.6717
                0x000862fc       0x10 c:/users/andreas gruber/appdata/local/arduino15/packages/arduino/tools/arm-none-eabi-gcc/4.8.3-2014q1/bin/../lib/gcc/arm-none-eabi/4.8.3/../../../../arm-none-eabi/lib/armv7-m\libg.a(lib_a-vfiprintf.o)
 .rodata.str1.4
                0x0008630c       0x30 c:/users/andreas gruber/appdata/local/arduino15/packages/arduino/tools/arm-none-eabi-gcc/4.8.3-2014q1/bin/../lib/gcc/arm-none-eabi/4.8.3/../../../../arm-none-eabi/lib/armv7-m\libg.a(lib_a-vfiprintf.o)
 .rodata.zeroes.6718
                0x0008633c       0x10 c:/users/andreas gruber/appdata/local/arduino15/packages/arduino/tools/arm-none-eabi-gcc/4.8.3-2014q1/bin/../lib/gcc/arm-none-eabi/4.8.3/../../../../arm-none-eabi/lib/armv7-m\libg.a(lib_a-vfiprintf.o)
 *(.ARM.extab* .gnu.linkonce.armextab.*)
                0x0008634c                . = ALIGN (0x4)
 *(.init)
 .init          0x0008634c        0x4 c:/users/andreas gruber/appdata/local/arduino15/packages/arduino/tools/arm-none-eabi-gcc/4.8.3-2014q1/bin/../lib/gcc/arm-none-eabi/4.8.3/armv7-m/crti.o
                0x0008634c                _init
 .init          0x00086350        0x8 c:/users/andreas gruber/appdata/local/arduino15/packages/arduino/tools/arm-none-eabi-gcc/4.8.3-2014q1/bin/../lib/gcc/arm-none-eabi/4.8.3/armv7-m/crtn.o
                0x00086358                . = ALIGN (0x4)
                0x00086358                __preinit_array_start = .
 *(.preinit_array)
                0x00086358                __preinit_array_end = .
                0x00086358                . = ALIGN (0x4)
                0x00086358                __init_array_start = .
 *(SORT(.init_array.*))
 .init_array.00000
                0x00086358        0x4 c:/users/andreas gruber/appdata/local/arduino15/packages/arduino/tools/arm-none-eabi-gcc/4.8.3-2014q1/bin/../lib/gcc/arm-none-eabi/4.8.3/../../../../arm-none-eabi/lib/armv7-m\libg.a(lib_a-__call_atexit.o)
 *(.init_array)
 .init_array    0x0008635c        0x4 c:/users/andreas gruber/appdata/local/arduino15/packages/arduino/tools/arm-none-eabi-gcc/4.8.3-2014q1/bin/../lib/gcc/arm-none-eabi/4.8.3/armv7-m/crtbegin.o
 .init_array    0x00086360        0x4 C:\Users\Andreas Gruber\AppData\Local\Temp\VMBuilds\maya\arduino_due_x_dbg\maya.cpp.o
 .init_array    0x00086364        0x4 C:\Users\Andreas Gruber\AppData\Local\Temp\VMBuilds\maya\arduino_due_x_dbg\VM_DBG\VM_DBG.cpp.o
 .init_array    0x00086368        0x4 C:\Users\Andreas Gruber\AppData\Local\Temp\VMBuilds\maya\arduino_due_x_dbg\variant\variant.cpp.o
 .init_array    0x0008636c        0x4 C:\Users\Andreas Gruber\AppData\Local\Temp\VMBuilds\maya\arduino_due_x_dbg/core.a(USBCore.cpp.o)
 .init_array    0x00086370        0x4 C:\Users\Andreas Gruber\AppData\Local\Temp\VMBuilds\maya\arduino_due_x_dbg/core.a(CDC.cpp.o)
                0x00086374                __init_array_end = .
                0x00086374                . = ALIGN (0x4)
 *crtbegin.o(.ctors)
 *(EXCLUDE_FILE(*crtend.o) .ctors)
 *(SORT(.ctors.*))
 *crtend.o(.ctors)
                0x00086374                . = ALIGN (0x4)
 *(.fini)
 .fini          0x00086374        0x4 c:/users/andreas gruber/appdata/local/arduino15/packages/arduino/tools/arm-none-eabi-gcc/4.8.3-2014q1/bin/../lib/gcc/arm-none-eabi/4.8.3/armv7-m/crti.o
                0x00086374                _fini
 .fini          0x00086378        0x8 c:/users/andreas gruber/appdata/local/arduino15/packages/arduino/tools/arm-none-eabi-gcc/4.8.3-2014q1/bin/../lib/gcc/arm-none-eabi/4.8.3/armv7-m/crtn.o
                0x00086380                . = ALIGN (0x4)
                0x00086380                __fini_array_start = .
 *(.fini_array)
 .fini_array    0x00086380        0x4 c:/users/andreas gruber/appdata/local/arduino15/packages/arduino/tools/arm-none-eabi-gcc/4.8.3-2014q1/bin/../lib/gcc/arm-none-eabi/4.8.3/armv7-m/crtbegin.o
 *(SORT(.fini_array.*))
                0x00086384                __fini_array_end = .
 *crtbegin.o(.dtors)
 *(EXCLUDE_FILE(*crtend.o) .dtors)
 *(SORT(.dtors.*))
 *crtend.o(.dtors)
                0x00086384                . = ALIGN (0x4)
                0x00086384                _efixed = .
                0x00086384                PROVIDE (__exidx_start, .)

.vfp11_veneer   0x00086384        0x0
 .vfp11_veneer  0x00000000        0x0 linker stubs

.v4_bx          0x00086384        0x0
 .v4_bx         0x00000000        0x0 linker stubs

.iplt           0x00086384        0x0
 .iplt          0x00000000        0x0 c:/users/andreas gruber/appdata/local/arduino15/packages/arduino/tools/arm-none-eabi-gcc/4.8.3-2014q1/bin/../lib/gcc/arm-none-eabi/4.8.3/armv7-m/crtbegin.o

.ARM.exidx      0x00086384        0x8
 *(.ARM.exidx* .gnu.linkonce.armexidx.*)
 .ARM.exidx     0x00086384        0x8 c:/users/andreas gruber/appdata/local/arduino15/packages/arduino/tools/arm-none-eabi-gcc/4.8.3-2014q1/bin/../lib/gcc/arm-none-eabi/4.8.3/armv7-m\libgcc.a(_divdi3.o)
 .ARM.exidx     0x0008638c        0x0 c:/users/andreas gruber/appdata/local/arduino15/packages/arduino/tools/arm-none-eabi-gcc/4.8.3-2014q1/bin/../lib/gcc/arm-none-eabi/4.8.3/armv7-m\libgcc.a(_udivdi3.o)
                                  0x8 (size before relaxing)
                0x0008638c                PROVIDE (__exidx_end, .)

.eh_frame       0x0008638c        0x0
 .eh_frame      0x0008638c        0x0 c:/users/andreas gruber/appdata/local/arduino15/packages/arduino/tools/arm-none-eabi-gcc/4.8.3-2014q1/bin/../lib/gcc/arm-none-eabi/4.8.3/armv7-m/crtbegin.o

.rel.dyn        0x0008638c        0x0
 .rel.iplt      0x00000000        0x0 c:/users/andreas gruber/appdata/local/arduino15/packages/arduino/tools/arm-none-eabi-gcc/4.8.3-2014q1/bin/../lib/gcc/arm-none-eabi/4.8.3/armv7-m/crtbegin.o

.jcr            0x0008638c        0x0
 .jcr           0x0008638c        0x0 c:/users/andreas gruber/appdata/local/arduino15/packages/arduino/tools/arm-none-eabi-gcc/4.8.3-2014q1/bin/../lib/gcc/arm-none-eabi/4.8.3/armv7-m/crtbegin.o

.igot.plt       0x0008638c        0x0
 .igot.plt      0x00000000        0x0 c:/users/andreas gruber/appdata/local/arduino15/packages/arduino/tools/arm-none-eabi-gcc/4.8.3-2014q1/bin/../lib/gcc/arm-none-eabi/4.8.3/armv7-m/crtbegin.o
                0x0008638c                . = ALIGN (0x4)
                0x0008638c                _etext = .

.relocate       0x20070000      0x8fc load address 0x0008638c
                0x20070000                . = ALIGN (0x4)
                0x20070000                _srelocate = .
 *(.ramfunc .ramfunc.*)
 .ramfunc       0x20070000       0x2c C:\Users\Andreas Gruber\AppData\Local\Temp\VMBuilds\maya\arduino_due_x_dbg/core.a(Reset.cpp.o)
                0x20070000                banzai
 *(.data .data.*)
 .data.knobEncoderFP
                0x2007002c        0x8 C:\Users\Andreas Gruber\AppData\Local\Temp\VMBuilds\maya\arduino_due_x_dbg\maya.cpp.o
                0x2007002c                knobEncoderFP
 *fill*         0x20070034        0x4 
 .data.stepperFrequency
                0x20070038        0x8 C:\Users\Andreas Gruber\AppData\Local\Temp\VMBuilds\maya\arduino_due_x_dbg\maya.cpp.o
                0x20070038                stepperFrequency
 .data.lightBarrierFP
                0x20070040       0x10 C:\Users\Andreas Gruber\AppData\Local\Temp\VMBuilds\maya\arduino_due_x_dbg\maya.cpp.o
                0x20070040                lightBarrierFP
 .data.pinKnobEncoder
                0x20070050        0x4 C:\Users\Andreas Gruber\AppData\Local\Temp\VMBuilds\maya\arduino_due_x_dbg\maya.cpp.o
                0x20070050                pinKnobEncoder
 .data.pinKnobEncoderButton
                0x20070054        0x2 C:\Users\Andreas Gruber\AppData\Local\Temp\VMBuilds\maya\arduino_due_x_dbg\maya.cpp.o
                0x20070054                pinKnobEncoderButton
 *fill*         0x20070056        0x2 
 .data.SystemCoreClock
                0x20070058        0x4 C:\Users\Andreas Gruber\AppData\Local\arduino15\packages\arduino\hardware\sam\1.6.9\variants\arduino_due_x/libsam_sam3x8e_gcc_rel.a(system_sam3xa.o)
                0x20070058                SystemCoreClock
 .data._ZL5ticks
                0x2007005c        0x4 C:\Users\Andreas Gruber\AppData\Local\Temp\VMBuilds\maya\arduino_due_x_dbg/core.a(Reset.cpp.o)
 .data.EndPoints
                0x20070060       0x28 C:\Users\Andreas Gruber\AppData\Local\Temp\VMBuilds\maya\arduino_due_x_dbg/core.a(USBCore.cpp.o)
                0x20070060                EndPoints
 .data._ZL10breakValue
                0x20070088        0x4 C:\Users\Andreas Gruber\AppData\Local\Temp\VMBuilds\maya\arduino_due_x_dbg/core.a(CDC.cpp.o)
 .data._ZL12_usbLineInfo
                0x2007008c        0x8 C:\Users\Andreas Gruber\AppData\Local\Temp\VMBuilds\maya\arduino_due_x_dbg/core.a(CDC.cpp.o)
 .data.g_interrupt_enabled
                0x20070094        0x4 C:\Users\Andreas Gruber\AppData\Local\arduino15\packages\arduino\hardware\sam\1.6.9\variants\arduino_due_x/libsam_sam3x8e_gcc_rel.a(interrupt_sam_nvic.o)
                0x20070094                g_interrupt_enabled
 .data.impure_data
                0x20070098      0x428 c:/users/andreas gruber/appdata/local/arduino15/packages/arduino/tools/arm-none-eabi-gcc/4.8.3-2014q1/bin/../lib/gcc/arm-none-eabi/4.8.3/../../../../arm-none-eabi/lib/armv7-m\libg.a(lib_a-impure.o)
 .data._impure_ptr
                0x200704c0        0x4 c:/users/andreas gruber/appdata/local/arduino15/packages/arduino/tools/arm-none-eabi-gcc/4.8.3-2014q1/bin/../lib/gcc/arm-none-eabi/4.8.3/../../../../arm-none-eabi/lib/armv7-m\libg.a(lib_a-impure.o)
                0x200704c0                _impure_ptr
 .data.lc_ctype_charset
                0x200704c4       0x20 c:/users/andreas gruber/appdata/local/arduino15/packages/arduino/tools/arm-none-eabi-gcc/4.8.3-2014q1/bin/../lib/gcc/arm-none-eabi/4.8.3/../../../../arm-none-eabi/lib/armv7-m\libg.a(lib_a-locale.o)
 .data.__mb_cur_max
                0x200704e4        0x4 c:/users/andreas gruber/appdata/local/arduino15/packages/arduino/tools/arm-none-eabi-gcc/4.8.3-2014q1/bin/../lib/gcc/arm-none-eabi/4.8.3/../../../../arm-none-eabi/lib/armv7-m\libg.a(lib_a-locale.o)
                0x200704e4                __mb_cur_max
 .data.__malloc_av_
                0x200704e8      0x408 c:/users/andreas gruber/appdata/local/arduino15/packages/arduino/tools/arm-none-eabi-gcc/4.8.3-2014q1/bin/../lib/gcc/arm-none-eabi/4.8.3/../../../../arm-none-eabi/lib/armv7-m\libg.a(lib_a-mallocr.o)
                0x200704e8                __malloc_av_
 .data.__malloc_trim_threshold
                0x200708f0        0x4 c:/users/andreas gruber/appdata/local/arduino15/packages/arduino/tools/arm-none-eabi-gcc/4.8.3-2014q1/bin/../lib/gcc/arm-none-eabi/4.8.3/../../../../arm-none-eabi/lib/armv7-m\libg.a(lib_a-mallocr.o)
                0x200708f0                __malloc_trim_threshold
 .data.__malloc_sbrk_base
                0x200708f4        0x4 c:/users/andreas gruber/appdata/local/arduino15/packages/arduino/tools/arm-none-eabi-gcc/4.8.3-2014q1/bin/../lib/gcc/arm-none-eabi/4.8.3/../../../../arm-none-eabi/lib/armv7-m\libg.a(lib_a-mallocr.o)
                0x200708f4                __malloc_sbrk_base
 .data.__wctomb
                0x200708f8        0x4 c:/users/andreas gruber/appdata/local/arduino15/packages/arduino/tools/arm-none-eabi-gcc/4.8.3-2014q1/bin/../lib/gcc/arm-none-eabi/4.8.3/../../../../arm-none-eabi/lib/armv7-m\libg.a(lib_a-wctomb_r.o)
                0x200708f8                __wctomb
                0x200708fc                . = ALIGN (0x4)
                0x200708fc                _erelocate = .

.bss            0x200708fc      0xb0c load address 0x00086c88
                0x200708fc                . = ALIGN (0x4)
                0x200708fc                _sbss = .
                0x200708fc                _szero = .
 *(.bss .bss.*)
 .bss           0x200708fc       0x1c c:/users/andreas gruber/appdata/local/arduino15/packages/arduino/tools/arm-none-eabi-gcc/4.8.3-2014q1/bin/../lib/gcc/arm-none-eabi/4.8.3/armv7-m/crtbegin.o
 .bss.stepper   0x20070918       0x60 C:\Users\Andreas Gruber\AppData\Local\Temp\VMBuilds\maya\arduino_due_x_dbg\maya.cpp.o
                0x20070918                stepper
 .bss.lightBarrierAction
                0x20070978        0x4 C:\Users\Andreas Gruber\AppData\Local\Temp\VMBuilds\maya\arduino_due_x_dbg\maya.cpp.o
                0x20070978                lightBarrierAction
 .bss.buttonPressed
                0x2007097c        0x2 C:\Users\Andreas Gruber\AppData\Local\Temp\VMBuilds\maya\arduino_due_x_dbg\maya.cpp.o
                0x2007097c                buttonPressed
 .bss.encoderChanged
                0x2007097e        0x2 C:\Users\Andreas Gruber\AppData\Local\Temp\VMBuilds\maya\arduino_due_x_dbg\maya.cpp.o
                0x2007097e                encoderChanged
 .bss.knobEncoder
                0x20070980       0x20 C:\Users\Andreas Gruber\AppData\Local\Temp\VMBuilds\maya\arduino_due_x_dbg\maya.cpp.o
                0x20070980                knobEncoder
 .bss.MicroDebug
                0x200709a0       0x4c C:\Users\Andreas Gruber\AppData\Local\Temp\VMBuilds\maya\arduino_due_x_dbg\VM_DBG\VM_DBG.cpp.o
                0x200709a0                MicroDebug
 .bss._ZN7Encoder10allEncoderE
                0x200709ec        0x8 C:\Users\Andreas Gruber\AppData\Local\Temp\VMBuilds\maya\arduino_due_x_dbg\encoder.cpp.o
                0x200709ec                Encoder::allEncoder
 .bss._ZN7Encoder12encoderCountE
                0x200709f4        0x1 C:\Users\Andreas Gruber\AppData\Local\Temp\VMBuilds\maya\arduino_due_x_dbg\encoder.cpp.o
                0x200709f4                Encoder::encoderCount
 *fill*         0x200709f5        0x3 
 .bss.tx_buffer2
                0x200709f8       0x88 C:\Users\Andreas Gruber\AppData\Local\Temp\VMBuilds\maya\arduino_due_x_dbg\variant\variant.cpp.o
                0x200709f8                tx_buffer2
 .bss.tx_buffer1
                0x20070a80       0x88 C:\Users\Andreas Gruber\AppData\Local\Temp\VMBuilds\maya\arduino_due_x_dbg\variant\variant.cpp.o
                0x20070a80                tx_buffer1
 .bss.Serial    0x20070b08       0x24 C:\Users\Andreas Gruber\AppData\Local\Temp\VMBuilds\maya\arduino_due_x_dbg\variant\variant.cpp.o
                0x20070b08                Serial
 .bss.rx_buffer1
                0x20070b2c       0x88 C:\Users\Andreas Gruber\AppData\Local\Temp\VMBuilds\maya\arduino_due_x_dbg\variant\variant.cpp.o
                0x20070b2c                rx_buffer1
 .bss.Serial1   0x20070bb4       0x28 C:\Users\Andreas Gruber\AppData\Local\Temp\VMBuilds\maya\arduino_due_x_dbg\variant\variant.cpp.o
                0x20070bb4                Serial1
 .bss.Serial2   0x20070bdc       0x28 C:\Users\Andreas Gruber\AppData\Local\Temp\VMBuilds\maya\arduino_due_x_dbg\variant\variant.cpp.o
                0x20070bdc                Serial2
 .bss.Serial3   0x20070c04       0x28 C:\Users\Andreas Gruber\AppData\Local\Temp\VMBuilds\maya\arduino_due_x_dbg\variant\variant.cpp.o
                0x20070c04                Serial3
 .bss.tx_buffer3
                0x20070c2c       0x88 C:\Users\Andreas Gruber\AppData\Local\Temp\VMBuilds\maya\arduino_due_x_dbg\variant\variant.cpp.o
                0x20070c2c                tx_buffer3
 .bss.tx_buffer4
                0x20070cb4       0x88 C:\Users\Andreas Gruber\AppData\Local\Temp\VMBuilds\maya\arduino_due_x_dbg\variant\variant.cpp.o
                0x20070cb4                tx_buffer4
 .bss.g_pinStatus
                0x20070d3c       0x4f C:\Users\Andreas Gruber\AppData\Local\Temp\VMBuilds\maya\arduino_due_x_dbg\variant\variant.cpp.o
                0x20070d3c                g_pinStatus
 *fill*         0x20070d8b        0x1 
 .bss.rx_buffer2
                0x20070d8c       0x88 C:\Users\Andreas Gruber\AppData\Local\Temp\VMBuilds\maya\arduino_due_x_dbg\variant\variant.cpp.o
                0x20070d8c                rx_buffer2
 .bss.rx_buffer3
                0x20070e14       0x88 C:\Users\Andreas Gruber\AppData\Local\Temp\VMBuilds\maya\arduino_due_x_dbg\variant\variant.cpp.o
                0x20070e14                rx_buffer3
 .bss.rx_buffer4
                0x20070e9c       0x88 C:\Users\Andreas Gruber\AppData\Local\Temp\VMBuilds\maya\arduino_due_x_dbg\variant\variant.cpp.o
                0x20070e9c                rx_buffer4
 .bss.gpf_isr   0x20070f24        0x4 C:\Users\Andreas Gruber\AppData\Local\arduino15\packages\arduino\hardware\sam\1.6.9\variants\arduino_due_x/libsam_sam3x8e_gcc_rel.a(uotghs.o)
                0x20070f24                gpf_isr
 .bss.heap.6420
                0x20070f28        0x4 C:\Users\Andreas Gruber\AppData\Local\Temp\VMBuilds\maya\arduino_due_x_dbg/core.a(syscalls_sam3.c.o)
 .bss.enabled.9380
                0x20070f2c        0x4 C:\Users\Andreas Gruber\AppData\Local\Temp\VMBuilds\maya\arduino_due_x_dbg/core.a(WInterrupts.c.o)
 .bss.callbacksPioA
                0x20070f30       0x80 C:\Users\Andreas Gruber\AppData\Local\Temp\VMBuilds\maya\arduino_due_x_dbg/core.a(WInterrupts.c.o)
 .bss.callbacksPioB
                0x20070fb0       0x80 C:\Users\Andreas Gruber\AppData\Local\Temp\VMBuilds\maya\arduino_due_x_dbg/core.a(WInterrupts.c.o)
 .bss.callbacksPioC
                0x20071030       0x80 C:\Users\Andreas Gruber\AppData\Local\Temp\VMBuilds\maya\arduino_due_x_dbg/core.a(WInterrupts.c.o)
 .bss.callbacksPioD
                0x200710b0       0x80 C:\Users\Andreas Gruber\AppData\Local\Temp\VMBuilds\maya\arduino_due_x_dbg/core.a(WInterrupts.c.o)
 .bss._cmark    0x20071130        0x2 C:\Users\Andreas Gruber\AppData\Local\Temp\VMBuilds\maya\arduino_due_x_dbg/core.a(USBCore.cpp.o)
                0x20071130                _cmark
 .bss._ZL14isEndpointHalt
                0x20071132        0x1 C:\Users\Andreas Gruber\AppData\Local\Temp\VMBuilds\maya\arduino_due_x_dbg/core.a(USBCore.cpp.o)
 *fill*         0x20071133        0x1 
 .bss._cdcComposite